Component: Arm Compiler for Embedded 6.22 Tool: armlink [5ee90200]

==============================================================================

Section Cross References

    startup_stm32f407xx.o(RESET) refers to startup_stm32f407xx.o(STACK) for __initial_sp
    startup_stm32f407xx.o(RESET) refers to startup_stm32f407xx.o(.text) for Reset_Handler
    startup_stm32f407xx.o(RESET) refers to stm32f4xx_it.o(.text.NMI_Handler) for NMI_Handler
    startup_stm32f407xx.o(RESET) refers to stm32f4xx_it.o(.text.HardFault_Handler) for HardFault_Handler
    startup_stm32f407xx.o(RESET) refers to stm32f4xx_it.o(.text.MemManage_Handler) for MemManage_Handler
    startup_stm32f407xx.o(RESET) refers to stm32f4xx_it.o(.text.BusFault_Handler) for BusFault_Handler
    startup_stm32f407xx.o(RESET) refers to stm32f4xx_it.o(.text.UsageFault_Handler) for UsageFault_Handler
    startup_stm32f407xx.o(RESET) refers to stm32f4xx_it.o(.text.SVC_Handler) for SVC_Handler
    startup_stm32f407xx.o(RESET) refers to stm32f4xx_it.o(.text.DebugMon_Handler) for DebugMon_Handler
    startup_stm32f407xx.o(RESET) refers to stm32f4xx_it.o(.text.PendSV_Handler) for PendSV_Handler
    startup_stm32f407xx.o(RESET) refers to stm32f4xx_it.o(.text.SysTick_Handler) for SysTick_Handler
    startup_stm32f407xx.o(RESET) refers to stm32f4xx_it.o(.text.TIM3_IRQHandler) for TIM3_IRQHandler
    startup_stm32f407xx.o(.text) refers to system_stm32f4xx.o(.text.SystemInit) for SystemInit
    startup_stm32f407xx.o(.text) refers to entry.o(.ARM.Collect$$$$00000000) for __main
    main.o(.text.main) refers to stm32f4xx_hal.o(.text.HAL_Init) for HAL_Init
    main.o(.text.main) refers to main.o(.text.SystemClock_Config) for SystemClock_Config
    main.o(.text.main) refers to gpio.o(.text.MX_GPIO_Init) for MX_GPIO_Init
    main.o(.text.main) refers to spi.o(.text.MX_SPI2_Init) for MX_SPI2_Init
    main.o(.text.main) refers to tim.o(.text.MX_TIM3_Init) for MX_TIM3_Init
    main.o(.text.main) refers to usart.o(.text.MX_USART2_UART_Init) for MX_USART2_UART_Init
    main.o(.text.main) refers to delay.o(.text.delay_init) for delay_init
    main.o(.text.main) refers to oled.o(.text.OLED_Init) for OLED_Init
    main.o(.text.main) refers to icm42688.o(.text.Icm42688_Init) for Icm42688_Init
    main.o(.text.main) refers to mahonyahrs.o(.text.Mahony_Init) for Mahony_Init
    main.o(.text.main) refers to tim.o(.bss.htim3) for htim3
    main.o(.text.main) refers to stm32f4xx_hal_tim.o(.text.HAL_TIM_Base_Start_IT) for HAL_TIM_Base_Start_IT
    main.o(.text.main) refers to interrupt.o(.bss.Roll) for Roll
    main.o(.text.main) refers to f2d.o(.text) for __aeabi_f2d
    main.o(.text.main) refers to main.o(.bss.arr) for arr
    main.o(.text.main) refers to main.o(.rodata.str1.1) for .L.str
    main.o(.text.main) refers to printfa.o(i.__0sprintf) for sprintf
    main.o(.text.main) refers to oled.o(.text.OLED_ShowString) for OLED_ShowString
    main.o(.text.main) refers to interrupt.o(.bss.Pitch) for Pitch
    main.o(.text.main) refers to interrupt.o(.bss.Yaw) for Yaw
    main.o(.text.main) refers to interrupt.o(.bss.Tis) for Tis
    main.o(.ARM.exidx.text.main) refers to main.o(.text.main) for [Anonymous Symbol]
    main.o(.text.SystemClock_Config) refers to memseta.o(.text) for __aeabi_memclr4
    main.o(.text.SystemClock_Config) refers to stm32f4xx_hal_rcc.o(.text.HAL_RCC_OscConfig) for HAL_RCC_OscConfig
    main.o(.text.SystemClock_Config) refers to main.o(.text.Error_Handler) for Error_Handler
    main.o(.text.SystemClock_Config) refers to stm32f4xx_hal_rcc.o(.text.HAL_RCC_ClockConfig) for HAL_RCC_ClockConfig
    main.o(.ARM.exidx.text.SystemClock_Config) refers to main.o(.text.SystemClock_Config) for [Anonymous Symbol]
    main.o(.ARM.exidx.text.Error_Handler) refers to main.o(.text.Error_Handler) for [Anonymous Symbol]
    gpio.o(.text.MX_GPIO_Init) refers to stm32f4xx_hal_gpio.o(.text.HAL_GPIO_WritePin) for HAL_GPIO_WritePin
    gpio.o(.text.MX_GPIO_Init) refers to stm32f4xx_hal_gpio.o(.text.HAL_GPIO_Init) for HAL_GPIO_Init
    gpio.o(.ARM.exidx.text.MX_GPIO_Init) refers to gpio.o(.text.MX_GPIO_Init) for [Anonymous Symbol]
    spi.o(.text.MX_SPI2_Init) refers to spi.o(.bss.hspi2) for hspi2
    spi.o(.text.MX_SPI2_Init) refers to stm32f4xx_hal_spi.o(.text.HAL_SPI_Init) for HAL_SPI_Init
    spi.o(.text.MX_SPI2_Init) refers to main.o(.text.Error_Handler) for Error_Handler
    spi.o(.ARM.exidx.text.MX_SPI2_Init) refers to spi.o(.text.MX_SPI2_Init) for [Anonymous Symbol]
    spi.o(.text.HAL_SPI_MspInit) refers to stm32f4xx_hal_gpio.o(.text.HAL_GPIO_Init) for HAL_GPIO_Init
    spi.o(.ARM.exidx.text.HAL_SPI_MspInit) refers to spi.o(.text.HAL_SPI_MspInit) for [Anonymous Symbol]
    spi.o(.text.HAL_SPI_MspDeInit) refers to stm32f4xx_hal_gpio.o(.text.HAL_GPIO_DeInit) for HAL_GPIO_DeInit
    spi.o(.ARM.exidx.text.HAL_SPI_MspDeInit) refers to spi.o(.text.HAL_SPI_MspDeInit) for [Anonymous Symbol]
    tim.o(.text.MX_TIM3_Init) refers to tim.o(.bss.htim3) for htim3
[...]
    ../fplib/microlib/fpepilogue.c           0x00000000   Number         0  depilogue.o ABSOLUTE
    ../fplib/microlib/fpfix.c                0x00000000   Number         0  ffixl.o ABSOLUTE
    ../fplib/microlib/fpfix.c                0x00000000   Number         0  dfixi.o ABSOLUTE
    ../fplib/microlib/fpfix.c                0x00000000   Number         0  dfixl.o ABSOLUTE
    ../fplib/microlib/fpfix.c                0x00000000   Number         0  dfixul.o ABSOLUTE
    ../fplib/microlib/fpflt.c                0x00000000   Number         0  dflti.o ABSOLUTE
    ../fplib/microlib/fpflt.c                0x00000000   Number         0  dfltui.o ABSOLUTE
    ../fplib/microlib/fpmul.c                0x00000000   Number         0  dmul.o ABSOLUTE
    ../fplib/microlib/fpneg.c                0x00000000   Number         0  dneg.o ABSOLUTE
    ../fplib/microlib/fpsqrt.c               0x00000000   Number         0  dsqrt.o ABSOLUTE
    ../fplib/microlib/fpstat.c               0x00000000   Number         0  fpstat.o ABSOLUTE
    ../mathlib/asinf.c                       0x00000000   Number         0  asinf.o ABSOLUTE
    ../mathlib/atan2f.c                      0x00000000   Number         0  atan2f.o ABSOLUTE
    ../mathlib/cosf.c                        0x00000000   Number         0  cosf.o ABSOLUTE
    ../mathlib/dunder.c                      0x00000000   Number         0  dunder.o ABSOLUTE
    ../mathlib/exp.c                         0x00000000   Number         0  exp.o ABSOLUTE
    ../mathlib/expf.c                        0x00000000   Number         0  expf.o ABSOLUTE
    ../mathlib/floor.c                       0x00000000   Number         0  floor.o ABSOLUTE
    ../mathlib/fpclassify.c                  0x00000000   Number         0  fpclassify.o ABSOLUTE
    ../mathlib/fpclassifyf.c                 0x00000000   Number         0  fpclassifyf.o ABSOLUTE
    ../mathlib/funder.c                      0x00000000   Number         0  funder.o ABSOLUTE
    ../mathlib/log.c                         0x00000000   Number         0  log.o ABSOLUTE
    ../mathlib/logf.c                        0x00000000   Number         0  logf.o ABSOLUTE
    ../mathlib/poly.c                        0x00000000   Number         0  poly.o ABSOLUTE
    ../mathlib/powf.c                        0x00000000   Number         0  powf.o ABSOLUTE
    ../mathlib/qnan.c                        0x00000000   Number         0  qnan.o ABSOLUTE
    ../mathlib/rredf.c                       0x00000000   Number         0  rredf.o ABSOLUTE
    ../mathlib/sinf.c                        0x00000000   Number         0  sinf.o ABSOLUTE
    ../mathlib/sqrt.c                        0x00000000   Number         0  sqrt.o ABSOLUTE
    ../mathlib/sqrtf.c                       0x00000000   Number         0  sqrtf.o ABSOLUTE
    ../mathlib/tanhf.c                       0x00000000   Number         0  tanhf.o ABSOLUTE
    BasicMathFunctions.c                     0x00000000   Number         0  basicmathfunctions.o ABSOLUTE
    BasicMathFunctionsF16.c                  0x00000000   Number         0  basicmathfunctionsf16.o ABSOLUTE
    BayesFunctions.c                         0x00000000   Number         0  bayesfunctions.o ABSOLUTE
    BayesFunctionsF16.c                      0x00000000   Number         0  bayesfunctionsf16.o ABSOLUTE
    CommonTables.c                           0x00000000   Number         0  commontables.o ABSOLUTE
    CommonTablesF16.c                        0x00000000   Number         0  commontablesf16.o ABSOLUTE
    ComplexMathFunctions.c                   0x00000000   Number         0  complexmathfunctions.o ABSOLUTE
    ComplexMathFunctionsF16.c                0x00000000   Number         0  complexmathfunctionsf16.o ABSOLUTE
    ControllerFunctions.c                    0x00000000   Number         0  controllerfunctions.o ABSOLUTE
    Delay.c                                  0x00000000   Number         0  delay.o ABSOLUTE
    DistanceFunctions.c                      0x00000000   Number         0  distancefunctions.o ABSOLUTE
    DistanceFunctionsF16.c                   0x00000000   Number         0  distancefunctionsf16.o ABSOLUTE
    FastMathFunctions.c                      0x00000000   Number         0  fastmathfunctions.o ABSOLUTE
    FastMathFunctionsF16.c                   0x00000000   Number         0  fastmathfunctionsf16.o ABSOLUTE
    FilteringFunctions.c                     0x00000000   Number         0  filteringfunctions.o ABSOLUTE
    FilteringFunctionsF16.c                  0x00000000   Number         0  filteringfunctionsf16.o ABSOLUTE
    InterpolationFunctions.c                 0x00000000   Number         0  interpolationfunctions.o ABSOLUTE
    InterpolationFunctionsF16.c              0x00000000   Number         0  interpolationfunctionsf16.o ABSOLUTE
    Interrupt.c                              0x00000000   Number         0  interrupt.o ABSOLUTE
    MahonyAHRS.c                             0x00000000   Number         0  mahonyahrs.o ABSOLUTE
    MatrixFunctions.c                        0x00000000   Number         0  matrixfunctions.o ABSOLUTE
    MatrixFunctionsF16.c                     0x00000000   Number         0  matrixfunctionsf16.o ABSOLUTE
    OLED.c                                   0x00000000   Number         0  oled.o ABSOLUTE
    QuaternionMathFunctions.c                0x00000000   Number         0  quaternionmathfunctions.o ABSOLUTE
    SVMFunctions.c                           0x00000000   Number         0  svmfunctions.o ABSOLUTE
    SVMFunctionsF16.c                        0x00000000   Number         0  svmfunctionsf16.o ABSOLUTE
    StatisticsFunctions.c                    0x00000000   Number         0  statisticsfunctions.o ABSOLUTE
    StatisticsFunctionsF16.c                 0x00000000   Number         0  statisticsfunctionsf16.o ABSOLUTE
    SupportFunctions.c                       0x00000000   Number         0  supportfunctions.o ABSOLUTE
    SupportFunctionsF16.c                    0x00000000   Number         0  supportfunctionsf16.o ABSOLUTE
    TransformFunctions.c                     0x00000000   Number         0  transformfunctions.o ABSOLUTE
    TransformFunctionsF16.c                  0x00000000   Number         0  transformfunctionsf16.o ABSOLUTE
    cdcmple.s                                0x00000000   Number         0  cdcmple.o ABSOLUTE
    cdrcmple.s                               0x00000000   Number         0  cdrcmple.o ABSOLUTE
    dc.s                                     0x00000000   Number         0  dc.o ABSOLUTE
    gpio.c                                   0x00000000   Number         0  gpio.o ABSOLUTE
    handlers.s                               0x00000000   Number         0  handlers.o ABSOLUTE
    icm42688.c                               0x00000000   Number         0  icm42688.o ABSOLUTE
    init.s                                   0x00000000   Number         0  init.o ABSOLUTE
    main.c                                   0x00000000   Number         0  main.o ABSOLUTE
    spi.c                                    0x00000000   Number         0  spi.o ABSOLUTE
    startup_stm32f407xx.s                    0x00000000   Number         0  startup_stm32f407xx.o ABSOLUTE
    stm32f4xx_hal.c                          0x00000000   Number         0  stm32f4xx_hal.o ABSOLUTE
    stm32f4xx_hal_cortex.c                   0x00000000   Number         0  stm32f4xx_hal_cortex.o ABSOLUTE
    stm32f4xx_hal_dma.c                      0x00000000   Number         0  stm32f4xx_hal_dma.o ABSOLUTE
    stm32f4xx_hal_dma_ex.c                   0x00000000   Number         0  stm32f4xx_hal_dma_ex.o ABSOLUTE
    stm32f4xx_hal_exti.c                     0x00000000   Number         0  stm32f4xx_hal_exti.o ABSOLUTE
    stm32f4xx_hal_flash.c                    0x00000000   Number         0  stm32f4xx_hal_flash.o ABSOLUTE
    stm32f4xx_hal_flash_ex.c                 0x00000000   Number         0  stm32f4xx_hal_flash_ex.o ABSOLUTE
    stm32f4xx_hal_flash_ramfunc.c            0x00000000   Number         0  stm32f4xx_hal_flash_ramfunc.o ABSOLUTE
    stm32f4xx_hal_gpio.c                     0x00000000   Number         0  stm32f4xx_hal_gpio.o ABSOLUTE
    stm32f4xx_hal_msp.c                      0x00000000   Number         0  stm32f4xx_hal_msp.o ABSOLUTE
    stm32f4xx_hal_pwr.c                      0x00000000   Number         0  stm32f4xx_hal_pwr.o ABSOLUTE
    stm32f4xx_hal_pwr_ex.c                   0x00000000   Number         0  stm32f4xx_hal_pwr_ex.o ABSOLUTE
    stm32f4xx_hal_rcc.c                      0x00000000   Number         0  stm32f4xx_hal_rcc.o ABSOLUTE
    stm32f4xx_hal_rcc_ex.c                   0x00000000   Number         0  stm32f4xx_hal_rcc_ex.o ABSOLUTE
    stm32f4xx_hal_spi.c                      0x00000000   Number         0  stm32f4xx_hal_spi.o ABSOLUTE
    stm32f4xx_hal_tim.c                      0x00000000   Number         0  stm32f4xx_hal_tim.o ABSOLUTE
    stm32f4xx_hal_tim_ex.c                   0x00000000   Number         0  stm32f4xx_hal_tim_ex.o ABSOLUTE
    stm32f4xx_hal_uart.c                     0x00000000   Number         0  stm32f4xx_hal_uart.o ABSOLUTE
    stm32f4xx_it.c                           0x00000000   Number         0  stm32f4xx_it.o ABSOLUTE
    system_stm32f4xx.c                       0x00000000   Number         0  system_stm32f4xx.o ABSOLUTE
    tim.c                                    0x00000000   Number         0  tim.o ABSOLUTE
    usart.c                                  0x00000000   Number         0  usart.o ABSOLUTE
    user_lib.c                               0x00000000   Number         0  user_lib.o ABSOLUTE
    RESET                                    0x08000000   Section      392  startup_stm32f407xx.o(RESET)
    .ARM.Collect$$$$00000000                 0x08000188   Section        0  entry.o(.ARM.Collect$$$$00000000)
    .ARM.Collect$$$$00000001                 0x08000188   Section        4  entry2.o(.ARM.Collect$$$$00000001)
    .ARM.Collect$$$$00000004                 0x0800018c   Section        4  entry5.o(.ARM.Collect$$$$00000004)
    .ARM.Collect$$$$00000008                 0x08000190   Section        0  entry7b.o(.ARM.Collect$$$$00000008)
    .ARM.Collect$$$$0000000A                 0x08000190   Section        0  entry8b.o(.ARM.Collect$$$$0000000A)
    .ARM.Collect$$$$0000000B                 0x08000190   Section        8  entry9a.o(.ARM.Collect$$$$0000000B)
    __lit__00000000                          0x08000198   Data           4  entry2.o(.ARM.Collect$$$$00002712)
    .ARM.Collect$$$$0000000D                 0x08000198   Section        0  entry10a.o(.ARM.Collect$$$$0000000D)
    .ARM.Collect$$$$0000000F                 0x08000198   Section        0  entry11a.o(.ARM.Collect$$$$0000000F)
    .ARM.Collect$$$$00002712                 0x08000198   Section        4  entry2.o(.ARM.Collect$$$$00002712)
    $v0                                      0x0800019c   Number         0  startup_stm32f407xx.o(.text)
    .text                                    0x0800019c   Section       36  startup_stm32f407xx.o(.text)
    .text                                    0x080001c0   Section        0  uldiv.o(.text)
    .text                                    0x08000222   Section        0  memseta.o(.text)
    .text                                    0x08000246   Section        0  dadd.o(.text)
    .text                                    0x08000394   Section        0  dmul.o(.text)
    .text                                    0x08000478   Section        0  ddiv.o(.text)
    .text                                    0x08000556   Section        0  f2d.o(.text)
    .text                                    0x0800057c   Section        0  d2f.o(.text)
    .text                                    0x080005b4   Section        0  uidiv.o(.text)
    .text                                    0x080005e0   Section        0  llshl.o(.text)
    .text                                    0x080005fe   Section        0  llushr.o(.text)
    .text                                    0x0800061e   Section        0  llsshr.o(.text)
    .text                                    0x08000642   Section        0  iusefp.o(.text)
    .text                                    0x08000642   Section        0  fepilogue.o(.text)
    .text                                    0x080006b0   Section        0  depilogue.o(.text)
    .text                                    0x0800076a   Section        0  dfixul.o(.text)
    .text                                    0x0800079c   Section       48  cdrcmple.o(.text)
    .text                                    0x080007cc   Section       48  init.o(.text)
    [Anonymous Symbol]                       0x080007fc   Section        0  stm32f4xx_it.o(.text.BusFault_Handler)
    [Anonymous Symbol]                       0x08000800   Section        0  mahonyahrs.o(.text.CorrectDate)
    [Anonymous Symbol]                       0x08000a24   Section        0  stm32f4xx_it.o(.text.DebugMon_Handler)
    [Anonymous Symbol]                       0x08000a28   Section        0  main.o(.text.Error_Handler)
    [Anonymous Symbol]                       0x08000a30   Section        0  icm42688.o(.text.GetAngle)
    [Anonymous Symbol]                       0x08000abc   Section        0  icm42688.o(.text.Get_Acc_ICM42688)
    [Anonymous Symbol]                       0x08000b38   Section        0  icm42688.o(.text.Get_Gyro_ICM42688)
    [Anonymous Symbol]                       0x08000bb4   Section        0  mahonyahrs.o(.text.Get_MahonyAngle)
    [Anonymous Symbol]                       0x08000d78   Section        0  stm32f4xx_hal.o(.text.HAL_Delay)
    [Anonymous Symbol]                       0x08000dbc   Section        0  stm32f4xx_hal_gpio.o(.text.HAL_GPIO_Init)
    [Anonymous Symbol]                       0x08001174   Section        0  stm32f4xx_hal_gpio.o(.text.HAL_GPIO_WritePin)
    [Anonymous Symbol]                       0x080011a4   Section        0  stm32f4xx_hal.o(.text.HAL_GetTick)
    [Anonymous Symbol]                       0x080011b0   Section        0  stm32f4xx_hal.o(.text.HAL_IncTick)
    [Anonymous Symbol]                       0x080011cc   Section        0  stm32f4xx_hal.o(.text.HAL_Init)
    [Anonymous Symbol]                       0x08001204   Section        0  stm32f4xx_hal.o(.text.HAL_InitTick)
    [Anonymous Symbol]                       0x08001274   Section        0  stm32f4xx_hal_msp.o(.text.HAL_MspInit)
    [Anonymous Symbol]                       0x080012c0   Section        0  stm32f4xx_hal_cortex.o(.text.HAL_NVIC_EnableIRQ)
    [Anonymous Symbol]                       0x080012d4   Section        0  stm32f4xx_hal_cortex.o(.text.HAL_NVIC_SetPriority)
    [Anonymous Symbol]                       0x08001308   Section        0  stm32f4xx_hal_cortex.o(.text.HAL_NVIC_SetPriorityGrouping)
    [Anonymous Symbol]                       0x08001318   Section        0  stm32f4xx_hal_rcc.o(.text.HAL_RCC_ClockConfig)
    [Anonymous Symbol]                       0x0800157c   Section        0  stm32f4xx_hal_rcc.o(.text.HAL_RCC_GetHCLKFreq)
    [Anonymous Symbol]                       0x08001588   Section        0  stm32f4xx_hal_rcc.o(.text.HAL_RCC_GetPCLK1Freq)
    [Anonymous Symbol]                       0x080015ac   Section        0  stm32f4xx_hal_rcc.o(.text.HAL_RCC_GetPCLK2Freq)
    [Anonymous Symbol]                       0x080015d0   Section        0  stm32f4xx_hal_rcc.o(.text.HAL_RCC_GetSysClockFreq)
    [Anonymous Symbol]                       0x080016b8   Section        0  stm32f4xx_hal_rcc.o(.text.HAL_RCC_OscConfig)
    [Anonymous Symbol]                       0x08001d78   Section        0  stm32f4xx_hal_spi.o(.text.HAL_SPI_Init)
    [Anonymous Symbol]                       0x08001e7c   Section        0  spi.o(.text.HAL_SPI_MspInit)
    [Anonymous Symbol]                       0x08001f64   Section        0  stm32f4xx_hal_spi.o(.text.HAL_SPI_TransmitReceive)
    [Anonymous Symbol]                       0x080022ec   Section        0  stm32f4xx_hal_cortex.o(.text.HAL_SYSTICK_Config)
    [Anonymous Symbol]                       0x080022fc   Section        0  stm32f4xx_hal_tim_ex.o(.text.HAL_TIMEx_BreakCallback)
    [Anonymous Symbol]                       0x08002304   Section        0  stm32f4xx_hal_tim_ex.o(.text.HAL_TIMEx_CommutCallback)
    [Anonymous Symbol]                       0x0800230c   Section        0  stm32f4xx_hal_tim_ex.o(.text.HAL_TIMEx_MasterConfigSynchronization)
    [Anonymous Symbol]                       0x08002430   Section        0  stm32f4xx_hal_tim.o(.text.HAL_TIM_Base_Init)
    [Anonymous Symbol]                       0x080024cc   Section        0  tim.o(.text.HAL_TIM_Base_MspInit)
    [Anonymous Symbol]                       0x08002520   Section        0  stm32f4xx_hal_tim.o(.text.HAL_TIM_Base_Start_IT)
    [Anonymous Symbol]                       0x08002618   Section        0  stm32f4xx_hal_tim.o(.text.HAL_TIM_ConfigClockSource)
    [Anonymous Symbol]                       0x0800279c   Section        0  stm32f4xx_hal_tim.o(.text.HAL_TIM_IC_CaptureCallback)
    [Anonymous Symbol]                       0x080027a4   Section        0  stm32f4xx_hal_tim.o(.text.HAL_TIM_IRQHandler)
    [Anonymous Symbol]                       0x080029c0   Section        0  stm32f4xx_hal_tim.o(.text.HAL_TIM_OC_DelayElapsedCallback)
    [Anonymous Symbol]                       0x080029c8   Section        0  stm32f4xx_hal_tim.o(.text.HAL_TIM_PWM_PulseFinishedCallback)
    [Anonymous Symbol]                       0x080029d0   Section        0  interrupt.o(.text.HAL_TIM_PeriodElapsedCallback)
    [Anonymous Symbol]                       0x08002a3c   Section        0  stm32f4xx_hal_tim.o(.text.HAL_TIM_TriggerCallback)
    [Anonymous Symbol]                       0x08002a44   Section        0  stm32f4xx_hal_uart.o(.text.HAL_UART_Init)
    [Anonymous Symbol]                       0x08002ae4   Section        0  usart.o(.text.HAL_UART_MspInit)
    [Anonymous Symbol]                       0x08002b74   Section        0  stm32f4xx_it.o(.text.HardFault_Handler)
    [Anonymous Symbol]                       0x08002b78   Section        0  icm42688.o(.text.Icm42688_Init)
    [Anonymous Symbol]                       0x08002cd4   Section        0  icm42688.o(.text.Icm_Spi_ReadWriteNbytes)
    [Anonymous Symbol]                       0x08002d1c   Section        0  gpio.o(.text.MX_GPIO_Init)
    [Anonymous Symbol]                       0x08002eb8   Section        0  spi.o(.text.MX_SPI2_Init)
    [Anonymous Symbol]                       0x08002f08   Section        0  tim.o(.text.MX_TIM3_Init)
    [Anonymous Symbol]                       0x08002f8c   Section        0  usart.o(.text.MX_USART2_UART_Init)
    [Anonymous Symbol]                       0x08002fcc   Section        0  mahonyahrs.o(.text.MahonyAHRSinit)
    [Anonymous Symbol]                       0x080033ac   Section        0  mahonyahrs.o(.text.MahonyAHRSupdateIMU)
    [Anonymous Symbol]                       0x08003834   Section        0  mahonyahrs.o(.text.MahonyAngle)
    [Anonymous Symbol]                       0x080038ac   Section        0  mahonyahrs.o(.text.Mahony_Init)
    [Anonymous Symbol]                       0x08003930   Section        0  mahonyahrs.o(.text.Mahony_computeAngles)
    [Anonymous Symbol]                       0x08003a64   Section        0  mahonyahrs.o(.text.Mahony_invSqrt)
    [Anonymous Symbol]                       0x08003adc   Section        0  mahonyahrs.o(.text.Mahony_update)
    [Anonymous Symbol]                       0x08004298   Section        0  stm32f4xx_it.o(.text.MemManage_Handler)
    [Anonymous Symbol]                       0x0800429c   Section        0  stm32f4xx_it.o(.text.NMI_Handler)
    NVIC_EncodePriority                      0x080042a1   Thumb Code   108  stm32f4xx_hal_cortex.o(.text.NVIC_EncodePriority)
    [Anonymous Symbol]                       0x080042a0   Section        0  stm32f4xx_hal_cortex.o(.text.NVIC_EncodePriority)
    [Anonymous Symbol]                       0x0800430c   Section        0  oled.o(.text.OLED_Clear)
    [Anonymous Symbol]                       0x08004368   Section        0  oled.o(.text.OLED_I2C_Init)
    [Anonymous Symbol]                       0x08004380   Section        0  oled.o(.text.OLED_I2C_SendByte)
    [Anonymous Symbol]                       0x080043d8   Section        0  oled.o(.text.OLED_I2C_Start)
    [Anonymous Symbol]                       0x080043fc   Section        0  oled.o(.text.OLED_I2C_Stop)
    [Anonymous Symbol]                       0x08004418   Section        0  oled.o(.text.OLED_Init)
    [Anonymous Symbol]                       0x080044e8   Section        0  oled.o(.text.OLED_SetCursor)
    [Anonymous Symbol]                       0x0800451c   Section        0  oled.o(.text.OLED_ShowChar)
    [Anonymous Symbol]                       0x080045f8   Section        0  oled.o(.text.OLED_ShowString)
    [Anonymous Symbol]                       0x08004644   Section        0  oled.o(.text.OLED_W_SCL)
    [Anonymous Symbol]                       0x0800466c   Section        0  oled.o(.text.OLED_W_SDA)
    [Anonymous Symbol]                       0x08004694   Section        0  oled.o(.text.OLED_WriteCommand)
    [Anonymous Symbol]                       0x080046bc   Section        0  oled.o(.text.OLED_WriteData)
    [Anonymous Symbol]                       0x080046e4   Section        0  stm32f4xx_it.o(.text.PendSV_Handler)
    SPI_EndRxTxTransaction                   0x080046e9   Thumb Code   204  stm32f4xx_hal_spi.o(.text.SPI_EndRxTxTransaction)
    [Anonymous Symbol]                       0x080046e8   Section        0  stm32f4xx_hal_spi.o(.text.SPI_EndRxTxTransaction)
    SPI_WaitFlagStateUntilTimeout            0x080047b5   Thumb Code   298  stm32f4xx_hal_spi.o(.text.SPI_WaitFlagStateUntilTimeout)
    [Anonymous Symbol]                       0x080047b4   Section        0  stm32f4xx_hal_spi.o(.text.SPI_WaitFlagStateUntilTimeout)
    [Anonymous Symbol]                       0x080048e0   Section        0  stm32f4xx_it.o(.text.SVC_Handler)
    SysTick_Config                           0x080048e5   Thumb Code    82  stm32f4xx_hal_cortex.o(.text.SysTick_Config)
    [Anonymous Symbol]                       0x080048e4   Section        0  stm32f4xx_hal_cortex.o(.text.SysTick_Config)
    [Anonymous Symbol]                       0x08004938   Section        0  stm32f4xx_it.o(.text.SysTick_Handler)
    [Anonymous Symbol]                       0x08004940   Section        0  main.o(.text.SystemClock_Config)
    [Anonymous Symbol]                       0x080049fc   Section        0  system_stm32f4xx.o(.text.SystemInit)
    [Anonymous Symbol]                       0x08004a10   Section        0  stm32f4xx_it.o(.text.TIM3_IRQHandler)
    [Anonymous Symbol]                       0x08004a20   Section        0  stm32f4xx_hal_tim.o(.text.TIM_Base_SetConfig)
    [Anonymous Symbol]                       0x08004bd0   Section        0  stm32f4xx_hal_tim.o(.text.TIM_ETR_SetConfig)
    TIM_ITRx_SetConfig                       0x08004c05   Thumb Code    42  stm32f4xx_hal_tim.o(.text.TIM_ITRx_SetConfig)
    [Anonymous Symbol]                       0x08004c04   Section        0  stm32f4xx_hal_tim.o(.text.TIM_ITRx_SetConfig)
    TIM_TI1_ConfigInputStage                 0x08004c31   Thumb Code    80  stm32f4xx_hal_tim.o(.text.TIM_TI1_ConfigInputStage)
    [Anonymous Symbol]                       0x08004c30   Section        0  stm32f4xx_hal_tim.o(.text.TIM_TI1_ConfigInputStage)
    TIM_TI2_ConfigInputStage                 0x08004c81   Thumb Code    82  stm32f4xx_hal_tim.o(.text.TIM_TI2_ConfigInputStage)
    [Anonymous Symbol]                       0x08004c80   Section        0  stm32f4xx_hal_tim.o(.text.TIM_TI2_ConfigInputStage)
    UART_SetConfig                           0x08004cd5   Thumb Code   314  stm32f4xx_hal_uart.o(.text.UART_SetConfig)
    [Anonymous Symbol]                       0x08004cd4   Section        0  stm32f4xx_hal_uart.o(.text.UART_SetConfig)
    [Anonymous Symbol]                       0x08004e10   Section        0  stm32f4xx_it.o(.text.UsageFault_Handler)
    __ARM_signbit                            0x08004e15   Thumb Code    18  fastmathfunctions.o(.text.__ARM_signbit)
    [Anonymous Symbol]                       0x08004e14   Section        0  fastmathfunctions.o(.text.__ARM_signbit)
    __ARM_signbitf                           0x08004e29   Thumb Code    16  fastmathfunctions.o(.text.__ARM_signbitf)
    [Anonymous Symbol]                       0x08004e28   Section        0  fastmathfunctions.o(.text.__ARM_signbitf)
    __NVIC_EnableIRQ                         0x08004e39   Thumb Code    48  stm32f4xx_hal_cortex.o(.text.__NVIC_EnableIRQ)
    [Anonymous Symbol]                       0x08004e38   Section        0  stm32f4xx_hal_cortex.o(.text.__NVIC_EnableIRQ)
    __NVIC_GetPriorityGrouping               0x08004e69   Thumb Code    16  stm32f4xx_hal_cortex.o(.text.__NVIC_GetPriorityGrouping)
    [Anonymous Symbol]                       0x08004e68   Section        0  stm32f4xx_hal_cortex.o(.text.__NVIC_GetPriorityGrouping)
    __NVIC_SetPriority                       0x08004e79   Thumb Code    66  stm32f4xx_hal_cortex.o(.text.__NVIC_SetPriority)
    [Anonymous Symbol]                       0x08004e78   Section        0  stm32f4xx_hal_cortex.o(.text.__NVIC_SetPriority)
    __NVIC_SetPriorityGrouping               0x08004ebd   Thumb Code    60  stm32f4xx_hal_cortex.o(.text.__NVIC_SetPriorityGrouping)
    [Anonymous Symbol]                       0x08004ebc   Section        0  stm32f4xx_hal_cortex.o(.text.__NVIC_SetPriorityGrouping)
    [Anonymous Symbol]                       0x08004ef8   Section        0  fastmathfunctions.o(.text.arm_atan2_f32)
    [Anonymous Symbol]                       0x080053e8   Section        0  delay.o(.text.delay_init)
    [Anonymous Symbol]                       0x08005408   Section        0  delay.o(.text.delay_us)
    [Anonymous Symbol]                       0x08005430   Section        0  icm42688.o(.text.hal_Spi1_ReadWriteByte)
    [Anonymous Symbol]                       0x08005464   Section        0  icm42688.o(.text.icm42688_read_regs)
    [Anonymous Symbol]                       0x080054b8   Section        0  icm42688.o(.text.icm42688_writeReg)
    [Anonymous Symbol]                       0x080054d4   Section        0  icm42688.o(.text.icm42688_write_reg)
    invSqrt                                  0x08005521   Thumb Code    52  mahonyahrs.o(.text.invSqrt)
    [Anonymous Symbol]                       0x08005520   Section        0  mahonyahrs.o(.text.invSqrt)
    [Anonymous Symbol]                       0x08005554   Section        0  main.o(.text.main)
    i.__0sprintf                             0x08005664   Section        0  printfa.o(i.__0sprintf)
    i.__ARM_fpclassifyf                      0x0800568c   Section        0  fpclassifyf.o(i.__ARM_fpclassifyf)
    i.__hardfp_asinf                         0x080056b4   Section        0  asinf.o(i.__hardfp_asinf)
    i.__hardfp_atan2f                        0x080057e0   Section        0  atan2f.o(i.__hardfp_atan2f)
    i.__hardfp_cosf                          0x08005a8c   Section        0  cosf.o(i.__hardfp_cosf)
    i.__hardfp_sinf                          0x08005bdc   Section        0  sinf.o(i.__hardfp_sinf)
    i.__hardfp_sqrtf                         0x08005d6c   Section        0  sqrtf.o(i.__hardfp_sqrtf)
    i.__mathlib_flt_infnan                   0x08005da6   Section        0  funder.o(i.__mathlib_flt_infnan)
    i.__mathlib_flt_infnan2                  0x08005dac   Section        0  funder.o(i.__mathlib_flt_infnan2)
    i.__mathlib_flt_invalid                  0x08005db4   Section        0  funder.o(i.__mathlib_flt_invalid)
    i.__mathlib_flt_underflow                0x08005dc4   Section        0  funder.o(i.__mathlib_flt_underflow)
    i.__mathlib_rredf2                       0x08005dd4   Section        0  rredf.o(i.__mathlib_rredf2)
    i.__scatterload_copy                     0x08005f28   Section       14  handlers.o(i.__scatterload_copy)
    i.__scatterload_null                     0x08005f36   Section        2  handlers.o(i.__scatterload_null)
    i.__scatterload_zeroinit                 0x08005f38   Section       14  handlers.o(i.__scatterload_zeroinit)
    i.__set_errno                            0x08005f48   Section        0  errno.o(i.__set_errno)
    _fp_digits                               0x08005f55   Thumb Code   366  printfa.o(i._fp_digits)
    i._fp_digits                             0x08005f54   Section        0  printfa.o(i._fp_digits)
    _printf_core                             0x080060d9   Thumb Code  1744  printfa.o(i._printf_core)
    i._printf_core                           0x080060d8   Section        0  printfa.o(i._printf_core)
    _printf_post_padding                     0x080067b5   Thumb Code    36  printfa.o(i._printf_post_padding)
    i._printf_post_padding                   0x080067b4   Section        0  printfa.o(i._printf_post_padding)
    _printf_pre_padding                      0x080067d9   Thumb Code    46  printfa.o(i._printf_pre_padding)
    i._printf_pre_padding                    0x080067d8   Section        0  printfa.o(i._printf_pre_padding)
    _sputc                                   0x08006807   Thumb Code    10  printfa.o(i._sputc)
    i._sputc                                 0x08006806   Section        0  printfa.o(i._sputc)
    i.sqrtf                                  0x08006810   Section        0  sqrtf.o(i.sqrtf)
    twooverpi                                0x08006850   Data          32  rredf.o(.constdata)
    .constdata                               0x08006850   Section       32  rredf.o(.constdata)
    atan2_coefs_f32                          0x08006e78   Data          40  fastmathfunctions.o(.rodata.atan2_coefs_f32)
    [Anonymous Symbol]                       0x08006e78   Section        0  fastmathfunctions.o(.rodata.atan2_coefs_f32)
    .L.str.3                                 0x08006ea0   Data           8  main.o(.rodata.str1.1)
    [Anonymous Symbol]                       0x08006ea0   Section        0  main.o(.rodata.str1.1)
    .L.str.1                                 0x08006ea8   Data          12  main.o(.rodata.str1.1)
    .L.str                                   0x08006eb4   Data          11  main.o(.rodata.str1.1)
    .L.str.2                                 0x08006ebf   Data          10  main.o(.rodata.str1.1)
    _errno                                   0x20000000   Data           4  errno.o(.data)
    .data                                    0x20000000   Section        4  errno.o(.data)
    Get_MahonyAngle.State                    0x20000004   Data           1  mahonyahrs.o(.data.Get_MahonyAngle.State)
    [Anonymous Symbol]                       0x20000004   Section        0  mahonyahrs.o(.data.Get_MahonyAngle.State)
    Get_MahonyAngle.correct_Time_define      0x20000008   Data           4  mahonyahrs.o(.data.Get_MahonyAngle.correct_Time_define)
    [Anonymous Symbol]                       0x20000008   Section        0  mahonyahrs.o(.data.Get_MahonyAngle.correct_Time_define)
    GetAngle.temp                            0x20000018   Data          12  icm42688.o(.bss.GetAngle.temp)
    [Anonymous Symbol]                       0x20000018   Section        0  icm42688.o(.bss.GetAngle.temp)
    Get_MahonyAngle.correct_times            0x20000024   Data           4  mahonyahrs.o(.bss.Get_MahonyAngle.correct_times)
    [Anonymous Symbol]                       0x20000024   Section        0  mahonyahrs.o(.bss.Get_MahonyAngle.correct_times)
    Get_MahonyAngle.first_mahony             0x20000028   Data           1  mahonyahrs.o(.bss.Get_MahonyAngle.first_mahony)
    [Anonymous Symbol]                       0x20000028   Section        0  mahonyahrs.o(.bss.Get_MahonyAngle.first_mahony)
    Get_MahonyAngle.gyro_corrects            0x2000002c   Data          12  mahonyahrs.o(.bss.Get_MahonyAngle.gyro_corrects)
    [Anonymous Symbol]                       0x2000002c   Section        0  mahonyahrs.o(.bss.Get_MahonyAngle.gyro_corrects)
    MahonyAngle.Temp                         0x20000040   Data          24  mahonyahrs.o(.bss.MahonyAngle.Temp)
    [Anonymous Symbol]                       0x20000040   Section        0  mahonyahrs.o(.bss.MahonyAngle.Temp)
    STACK                                    0x200001b8   Section     3840  startup_stm32f407xx.o(STACK)

    Global Symbols

    Symbol Name                              Value     Ov Type        Size  Object(Section)

    BuildAttributes$$THM_ISAv4$E$P$D$K$B$S$7EM$VFPi3$EXTD16$VFPS$VFMA$PE$A:L22UL41UL21$X:L11$S22US41US21$IEEE1$IW$~IW$USESV6$~STKCKD$USESV7$~SHL$OTIME$ROPI$IEEEX$EBA8$MICROLIB$REQ8$PRES8$EABIv2 0x00000000   Number         0  anon$$obj.o ABSOLUTE
    __cpp_initialize__aeabi_                  - Undefined Weak Reference
    __cxa_finalize                            - Undefined Weak Reference
    __decompress                              - Undefined Weak Reference
    _clock_init                               - Undefined Weak Reference
    _microlib_exit                            - Undefined Weak Reference
    __Vectors_Size                           0x00000188   Number         0  startup_stm32f407xx.o ABSOLUTE
    __Vectors                                0x08000000   Data           4  startup_stm32f407xx.o(RESET)
    __Vectors_End                            0x08000188   Data           0  startup_stm32f407xx.o(RESET)
    __main                                   0x08000189   Thumb Code     0  entry.o(.ARM.Collect$$$$00000000)
    _main_stk                                0x08000189   Thumb Code     0  entry2.o(.ARM.Collect$$$$00000001)
    _main_scatterload                        0x0800018d   Thumb Code     0  entry5.o(.ARM.Collect$$$$00000004)
    __main_after_scatterload                 0x08000191   Thumb Code     0  entry5.o(.ARM.Collect$$$$00000004)
    _main_clock                              0x08000191   Thumb Code     0  entry7b.o(.ARM.Collect$$$$00000008)
    _main_cpp_init                           0x08000191   Thumb Code     0  entry8b.o(.ARM.Collect$$$$0000000A)
    _main_init                               0x08000191   Thumb Code     0  entry9a.o(.ARM.Collect$$$$0000000B)
    __rt_final_cpp                           0x08000199   Thumb Code     0  entry10a.o(.ARM.Collect$$$$0000000D)
    __rt_final_exit                          0x08000199   Thumb Code     0  entry11a.o(.ARM.Collect$$$$0000000F)
    Reset_Handler                            0x0800019d   Thumb Code     8  startup_stm32f407xx.o(.text)
    ADC_IRQHandler                           0x080001b7   Thumb Code     0  startup_stm32f407xx.o(.text)
    CAN1_RX0_IRQHandler                      0x080001b7   Thumb Code     0  startup_stm32f407xx.o(.text)
    CAN1_RX1_IRQHandler                      0x080001b7   Thumb Code     0  startup_stm32f407xx.o(.text)
    CAN1_SCE_IRQHandler                      0x080001b7   Thumb Code     0  startup_stm32f407xx.o(.text)
    CAN1_TX_IRQHandler                       0x080001b7   Thumb Code     0  startup_stm32f407xx.o(.text)
    CAN2_RX0_IRQHandler                      0x080001b7   Thumb Code     0  startup_stm32f407xx.o(.text)
    CAN2_RX1_IRQHandler                      0x080001b7   Thumb Code     0  startup_stm32f407xx.o(.text)
    CAN2_SCE_IRQHandler                      0x080001b7   Thumb Code     0  startup_stm32f407xx.o(.text)
    CAN2_TX_IRQHandler                       0x080001b7   Thumb Code     0  startup_stm32f407xx.o(.text)
    DCMI_IRQHandler                          0x080001b7   Thumb Code     0  startup_stm32f407xx.o(.text)
    DMA1_Stream0_IRQHandler                  0x080001b7   Thumb Code     0  startup_stm32f407xx.o(.text)
    DMA1_Stream1_IRQHandler                  0x080001b7   Thumb Code     0  startup_stm32f407xx.o(.text)
    DMA1_Stream2_IRQHandler                  0x080001b7   Thumb Code     0  startup_stm32f407xx.o(.text)
    DMA1_Stream3_IRQHandler                  0x080001b7   Thumb Code     0  startup_stm32f407xx.o(.text)
    DMA1_Stream4_IRQHandler                  0x080001b7   Thumb Code     0  startup_stm32f407xx.o(.text)
    DMA1_Stream5_IRQHandler                  0x080001b7   Thumb Code     0  startup_stm32f407xx.o(.text)
    DMA1_Stream6_IRQHandler                  0x080001b7   Thumb Code     0  startup_stm32f407xx.o(.text)
    DMA1_Stream7_IRQHandler                  0x080001b7   Thumb Code     0  startup_stm32f407xx.o(.text)
    DMA2_Stream0_IRQHandler                  0x080001b7   Thumb Code     0  startup_stm32f407xx.o(.text)
    DMA2_Stream1_IRQHandler                  0x080001b7   Thumb Code     0  startup_stm32f407xx.o(.text)
    DMA2_Stream2_IRQHandler                  0x080001b7   Thumb Code     0  startup_stm32f407xx.o(.text)
    DMA2_Stream3_IRQHandler                  0x080001b7   Thumb Code     0  startup_stm32f407xx.o(.text)
    DMA2_Stream4_IRQHandler                  0x080001b7   Thumb Code     0  startup_stm32f407xx.o(.text)
    DMA2_Stream5_IRQHandler                  0x080001b7   Thumb Code     0  startup_stm32f407xx.o(.text)
    DMA2_Stream6_IRQHandler                  0x080001b7   Thumb Code     0  startup_stm32f407xx.o(.text)
    DMA2_Stream7_IRQHandler                  0x080001b7   Thumb Code     0  startup_stm32f407xx.o(.text)
    ETH_IRQHandler                           0x080001b7   Thumb Code     0  startup_stm32f407xx.o(.text)
    ETH_WKUP_IRQHandler                      0x080001b7   Thumb Code     0  startup_stm32f407xx.o(.text)
    EXTI0_IRQHandler                         0x080001b7   Thumb Code     0  startup_stm32f407xx.o(.text)
    EXTI15_10_IRQHandler                     0x080001b7   Thumb Code     0  startup_stm32f407xx.o(.text)
    EXTI1_IRQHandler                         0x080001b7   Thumb Code     0  startup_stm32f407xx.o(.text)
    EXTI2_IRQHandler                         0x080001b7   Thumb Code     0  startup_stm32f407xx.o(.text)
    EXTI3_IRQHandler                         0x080001b7   Thumb Code     0  startup_stm32f407xx.o(.text)
    EXTI4_IRQHandler                         0x080001b7   Thumb Code     0  startup_stm32f407xx.o(.text)
    EXTI9_5_IRQHandler                       0x080001b7   Thumb Code     0  startup_stm32f407xx.o(.text)
    FLASH_IRQHandler                         0x080001b7   Thumb Code     0  startup_stm32f407xx.o(.text)
    FMC_IRQHandler                           0x080001b7   Thumb Code     0  startup_stm32f407xx.o(.text)
    FPU_IRQHandler                           0x080001b7   Thumb Code     0  startup_stm32f407xx.o(.text)
    HASH_RNG_IRQHandler                      0x080001b7   Thumb Code     0  startup_stm32f407xx.o(.text)
    I2C1_ER_IRQHandler                       0x080001b7   Thumb Code     0  startup_stm32f407xx.o(.text)
    I2C1_EV_IRQHandler                       0x080001b7   Thumb Code     0  startup_stm32f407xx.o(.text)
    I2C2_ER_IRQHandler                       0x080001b7   Thumb Code     0  startup_stm32f407xx.o(.text)
    I2C2_EV_IRQHandler                       0x080001b7   Thumb Code     0  startup_stm32f407xx.o(.text)
    I2C3_ER_IRQHandler                       0x080001b7   Thumb Code     0  startup_stm32f407xx.o(.text)
    I2C3_EV_IRQHandler                       0x080001b7   Thumb Code     0  startup_stm32f407xx.o(.text)
    OTG_FS_IRQHandler                        0x080001b7   Thumb Code     0  startup_stm32f407xx.o(.text)
    OTG_FS_WKUP_IRQHandler                   0x080001b7   Thumb Code     0  startup_stm32f407xx.o(.text)
    OTG_HS_EP1_IN_IRQHandler                 0x080001b7   Thumb Code     0  startup_stm32f407xx.o(.text)
    OTG_HS_EP1_OUT_IRQHandler                0x080001b7   Thumb Code     0  startup_stm32f407xx.o(.text)
    OTG_HS_IRQHandler                        0x080001b7   Thumb Code     0  startup_stm32f407xx.o(.text)
    OTG_HS_WKUP_IRQHandler                   0x080001b7   Thumb Code     0  startup_stm32f407xx.o(.text)
    PVD_IRQHandler                           0x080001b7   Thumb Code     0  startup_stm32f407xx.o(.text)
    RCC_IRQHandler                           0x080001b7   Thumb Code     0  startup_stm32f407xx.o(.text)
    RTC_Alarm_IRQHandler                     0x080001b7   Thumb Code     0  startup_stm32f407xx.o(.text)
    RTC_WKUP_IRQHandler                      0x080001b7   Thumb Code     0  startup_stm32f407xx.o(.text)
    SDIO_IRQHandler                          0x080001b7   Thumb Code     0  startup_stm32f407xx.o(.text)
    SPI1_IRQHandler                          0x080001b7   Thumb Code     0  startup_stm32f407xx.o(.text)
    SPI2_IRQHandler                          0x080001b7   Thumb Code     0  startup_stm32f407xx.o(.text)
    SPI3_IRQHandler                          0x080001b7   Thumb Code     0  startup_stm32f407xx.o(.text)
    TAMP_STAMP_IRQHandler                    0x080001b7   Thumb Code     0  startup_stm32f407xx.o(.text)
    TIM1_BRK_TIM9_IRQHandler                 0x080001b7   Thumb Code     0  startup_stm32f407xx.o(.text)
    TIM1_CC_IRQHandler                       0x080001b7   Thumb Code     0  startup_stm32f407xx.o(.text)
    TIM1_TRG_COM_TIM11_IRQHandler            0x080001b7   Thumb Code     0  startup_stm32f407xx.o(.text)
    TIM1_UP_TIM10_IRQHandler                 0x080001b7   Thumb Code     0  startup_stm32f407xx.o(.text)
    TIM2_IRQHandler                          0x080001b7   Thumb Code     0  startup_stm32f407xx.o(.text)
    TIM4_IRQHandler                          0x080001b7   Thumb Code     0  startup_stm32f407xx.o(.text)
    TIM5_IRQHandler                          0x080001b7   Thumb Code     0  startup_stm32f407xx.o(.text)
    TIM6_DAC_IRQHandler                      0x080001b7   Thumb Code     0  startup_stm32f407xx.o(.text)
    TIM7_IRQHandler                          0x080001b7   Thumb Code     0  startup_stm32f407xx.o(.text)
    TIM8_BRK_TIM12_IRQHandler                0x080001b7   Thumb Code     0  startup_stm32f407xx.o(.text)
    TIM8_CC_IRQHandler                       0x080001b7   Thumb Code     0  startup_stm32f407xx.o(.text)
    TIM8_TRG_COM_TIM14_IRQHandler            0x080001b7   Thumb Code     0  startup_stm32f407xx.o(.text)
    TIM8_UP_TIM13_IRQHandler                 0x080001b7   Thumb Code     0  startup_stm32f407xx.o(.text)
    UART4_IRQHandler                         0x080001b7   Thumb Code     0  startup_stm32f407xx.o(.text)
    UART5_IRQHandler                         0x080001b7   Thumb Code     0  startup_stm32f407xx.o(.text)
    USART1_IRQHandler                        0x080001b7   Thumb Code     0  startup_stm32f407xx.o(.text)
    USART2_IRQHandler                        0x080001b7   Thumb Code     0  startup_stm32f407xx.o(.text)
    USART3_IRQHandler                        0x080001b7   Thumb Code     0  startup_stm32f407xx.o(.text)
    USART6_IRQHandler                        0x080001b7   Thumb Code     0  startup_stm32f407xx.o(.text)
    WWDG_IRQHandler                          0x080001b7   Thumb Code     0  startup_stm32f407xx.o(.text)
    __aeabi_uldivmod                         0x080001c1   Thumb Code    98  uldiv.o(.text)
    __aeabi_memset                           0x08000223   Thumb Code    14  memseta.o(.text)
    __aeabi_memset4                          0x08000223   Thumb Code     0  memseta.o(.text)
    __aeabi_memset8                          0x08000223   Thumb Code     0  memseta.o(.text)
    __aeabi_memclr                           0x08000231   Thumb Code     4  memseta.o(.text)
    __aeabi_memclr4                          0x08000231   Thumb Code     0  memseta.o(.text)
    __aeabi_memclr8                          0x08000231   Thumb Code     0  memseta.o(.text)
    _memset$wrapper                          0x08000235   Thumb Code    18  memseta.o(.text)
    __aeabi_dadd                             0x08000247   Thumb Code   322  dadd.o(.text)
    __aeabi_dsub                             0x08000389   Thumb Code     6  dadd.o(.text)
    __aeabi_drsub                            0x0800038f   Thumb Code     6  dadd.o(.text)
    __aeabi_dmul                             0x08000395   Thumb Code   228  dmul.o(.text)
    __aeabi_ddiv                             0x08000479   Thumb Code   222  ddiv.o(.text)
    __aeabi_f2d                              0x08000557   Thumb Code    38  f2d.o(.text)
    __aeabi_d2f                              0x0800057d   Thumb Code    56  d2f.o(.text)
    __aeabi_uidiv                            0x080005b5   Thumb Code     0  uidiv.o(.text)
    __aeabi_uidivmod                         0x080005b5   Thumb Code    44  uidiv.o(.text)
    __aeabi_llsl                             0x080005e1   Thumb Code    30  llshl.o(.text)
    _ll_shift_l                              0x080005e1   Thumb Code     0  llshl.o(.text)
    __aeabi_llsr                             0x080005ff   Thumb Code    32  llushr.o(.text)
    _ll_ushift_r                             0x080005ff   Thumb Code     0  llushr.o(.text)
    __aeabi_lasr                             0x0800061f   Thumb Code    36  llsshr.o(.text)
    _ll_sshift_r                             0x0800061f   Thumb Code     0  llsshr.o(.text)
    __I$use$fp                               0x08000643   Thumb Code     0  iusefp.o(.text)
    _float_round                             0x08000643   Thumb Code    18  fepilogue.o(.text)
    _float_epilogue                          0x08000655   Thumb Code    92  fepilogue.o(.text)
    _double_round                            0x080006b1   Thumb Code    30  depilogue.o(.text)
    _double_epilogue                         0x080006cf   Thumb Code   156  depilogue.o(.text)
    __aeabi_d2ulz                            0x0800076b   Thumb Code    48  dfixul.o(.text)
    __aeabi_cdrcmple                         0x0800079d   Thumb Code    48  cdrcmple.o(.text)
    __scatterload                            0x080007cd   Thumb Code    38  init.o(.text)
    __scatterload_rt2                        0x080007cd   Thumb Code     0  init.o(.text)
    BusFault_Handler                         0x080007fd   Thumb Code     4  stm32f4xx_it.o(.text.BusFault_Handler)
    CorrectDate                              0x08000801   Thumb Code   512  mahonyahrs.o(.text.CorrectDate)
    DebugMon_Handler                         0x08000a25   Thumb Code     2  stm32f4xx_it.o(.text.DebugMon_Handler)
    Error_Handler                            0x08000a29   Thumb Code     6  main.o(.text.Error_Handler)
    GetAngle                                 0x08000a31   Thumb Code   136  icm42688.o(.text.GetAngle)
    Get_Acc_ICM42688                         0x08000abd   Thumb Code   122  icm42688.o(.text.Get_Acc_ICM42688)
    Get_Gyro_ICM42688                        0x08000b39   Thumb Code   122  icm42688.o(.text.Get_Gyro_ICM42688)
    Get_MahonyAngle                          0x08000bb5   Thumb Code   448  mahonyahrs.o(.text.Get_MahonyAngle)
    HAL_Delay                                0x08000d79   Thumb Code    66  stm32f4xx_hal.o(.text.HAL_Delay)
    HAL_GPIO_Init                            0x08000dbd   Thumb Code   950  stm32f4xx_hal_gpio.o(.text.HAL_GPIO_Init)
    HAL_GPIO_WritePin                        0x08001175   Thumb Code    46  stm32f4xx_hal_gpio.o(.text.HAL_GPIO_WritePin)
    HAL_GetTick                              0x080011a5   Thumb Code    12  stm32f4xx_hal.o(.text.HAL_GetTick)
    HAL_IncTick                              0x080011b1   Thumb Code    26  stm32f4xx_hal.o(.text.HAL_IncTick)
    HAL_Init                                 0x080011cd   Thumb Code    54  stm32f4xx_hal.o(.text.HAL_Init)
    HAL_InitTick                             0x08001205   Thumb Code   112  stm32f4xx_hal.o(.text.HAL_InitTick)
    HAL_MspInit                              0x08001275   Thumb Code    74  stm32f4xx_hal_msp.o(.text.HAL_MspInit)
    HAL_NVIC_EnableIRQ                       0x080012c1   Thumb Code    20  stm32f4xx_hal_cortex.o(.text.HAL_NVIC_EnableIRQ)
    HAL_NVIC_SetPriority                     0x080012d5   Thumb Code    50  stm32f4xx_hal_cortex.o(.text.HAL_NVIC_SetPriority)
    HAL_NVIC_SetPriorityGrouping             0x08001309   Thumb Code    16  stm32f4xx_hal_cortex.o(.text.HAL_NVIC_SetPriorityGrouping)
    HAL_RCC_ClockConfig                      0x08001319   Thumb Code   610  stm32f4xx_hal_rcc.o(.text.HAL_RCC_ClockConfig)
    HAL_RCC_GetHCLKFreq                      0x0800157d   Thumb Code    12  stm32f4xx_hal_rcc.o(.text.HAL_RCC_GetHCLKFreq)
    HAL_RCC_GetPCLK1Freq                     0x08001589   Thumb Code    34  stm32f4xx_hal_rcc.o(.text.HAL_RCC_GetPCLK1Freq)
    HAL_RCC_GetPCLK2Freq                     0x080015ad   Thumb Code    34  stm32f4xx_hal_rcc.o(.text.HAL_RCC_GetPCLK2Freq)
    HAL_RCC_GetSysClockFreq                  0x080015d1   Thumb Code   230  stm32f4xx_hal_rcc.o(.text.HAL_RCC_GetSysClockFreq)
    HAL_RCC_OscConfig                        0x080016b9   Thumb Code  1726  stm32f4xx_hal_rcc.o(.text.HAL_RCC_OscConfig)
    HAL_SPI_Init                             0x08001d79   Thumb Code   258  stm32f4xx_hal_spi.o(.text.HAL_SPI_Init)
    HAL_SPI_MspInit                          0x08001e7d   Thumb Code   230  spi.o(.text.HAL_SPI_MspInit)
    HAL_SPI_TransmitReceive                  0x08001f65   Thumb Code   904  stm32f4xx_hal_spi.o(.text.HAL_SPI_TransmitReceive)
    HAL_SYSTICK_Config                       0x080022ed   Thumb Code    16  stm32f4xx_hal_cortex.o(.text.HAL_SYSTICK_Config)
    HAL_TIMEx_BreakCallback                  0x080022fd   Thumb Code     8  stm32f4xx_hal_tim_ex.o(.text.HAL_TIMEx_BreakCallback)
    HAL_TIMEx_CommutCallback                 0x08002305   Thumb Code     8  stm32f4xx_hal_tim_ex.o(.text.HAL_TIMEx_CommutCallback)
    HAL_TIMEx_MasterConfigSynchronization    0x0800230d   Thumb Code   290  stm32f4xx_hal_tim_ex.o(.text.HAL_TIMEx_MasterConfigSynchronization)
    HAL_TIM_Base_Init                        0x08002431   Thumb Code   156  stm32f4xx_hal_tim.o(.text.HAL_TIM_Base_Init)
    HAL_TIM_Base_MspInit                     0x080024cd   Thumb Code    82  tim.o(.text.HAL_TIM_Base_MspInit)
    HAL_TIM_Base_Start_IT                    0x08002521   Thumb Code   246  stm32f4xx_hal_tim.o(.text.HAL_TIM_Base_Start_IT)
    HAL_TIM_ConfigClockSource                0x08002619   Thumb Code   388  stm32f4xx_hal_tim.o(.text.HAL_TIM_ConfigClockSource)
    HAL_TIM_IC_CaptureCallback               0x0800279d   Thumb Code     8  stm32f4xx_hal_tim.o(.text.HAL_TIM_IC_CaptureCallback)
    HAL_TIM_IRQHandler                       0x080027a5   Thumb Code   538  stm32f4xx_hal_tim.o(.text.HAL_TIM_IRQHandler)
    HAL_TIM_OC_DelayElapsedCallback          0x080029c1   Thumb Code     8  stm32f4xx_hal_tim.o(.text.HAL_TIM_OC_DelayElapsedCallback)
    HAL_TIM_PWM_PulseFinishedCallback        0x080029c9   Thumb Code     8  stm32f4xx_hal_tim.o(.text.HAL_TIM_PWM_PulseFinishedCallback)
    HAL_TIM_PeriodElapsedCallback            0x080029d1   Thumb Code   108  interrupt.o(.text.HAL_TIM_PeriodElapsedCallback)
    HAL_TIM_TriggerCallback                  0x08002a3d   Thumb Code     8  stm32f4xx_hal_tim.o(.text.HAL_TIM_TriggerCallback)
    HAL_UART_Init                            0x08002a45   Thumb Code   158  stm32f4xx_hal_uart.o(.text.HAL_UART_Init)
    HAL_UART_MspInit                         0x08002ae5   Thumb Code   142  usart.o(.text.HAL_UART_MspInit)
    HardFault_Handler                        0x08002b75   Thumb Code     4  stm32f4xx_it.o(.text.HardFault_Handler)
    Icm42688_Init                            0x08002b79   Thumb Code   348  icm42688.o(.text.Icm42688_Init)
    Icm_Spi_ReadWriteNbytes                  0x08002cd5   Thumb Code    72  icm42688.o(.text.Icm_Spi_ReadWriteNbytes)
    MX_GPIO_Init                             0x08002d1d   Thumb Code   410  gpio.o(.text.MX_GPIO_Init)
    MX_SPI2_Init                             0x08002eb9   Thumb Code    78  spi.o(.text.MX_SPI2_Init)
    MX_TIM3_Init                             0x08002f09   Thumb Code   130  tim.o(.text.MX_TIM3_Init)
    MX_USART2_UART_Init                      0x08002f8d   Thumb Code    64  usart.o(.text.MX_USART2_UART_Init)
    MahonyAHRSinit                           0x08002fcd   Thumb Code   990  mahonyahrs.o(.text.MahonyAHRSinit)
    MahonyAHRSupdateIMU                      0x080033ad   Thumb Code  1160  mahonyahrs.o(.text.MahonyAHRSupdateIMU)
    MahonyAngle                              0x08003835   Thumb Code   120  mahonyahrs.o(.text.MahonyAngle)
    Mahony_Init                              0x080038ad   Thumb Code   130  mahonyahrs.o(.text.Mahony_Init)
    Mahony_computeAngles                     0x08003931   Thumb Code   304  mahonyahrs.o(.text.Mahony_computeAngles)
    Mahony_invSqrt                           0x08003a65   Thumb Code   118  mahonyahrs.o(.text.Mahony_invSqrt)
    Mahony_update                            0x08003add   Thumb Code  1980  mahonyahrs.o(.text.Mahony_update)
    MemManage_Handler                        0x08004299   Thumb Code     4  stm32f4xx_it.o(.text.MemManage_Handler)
    NMI_Handler                              0x0800429d   Thumb Code     4  stm32f4xx_it.o(.text.NMI_Handler)
    OLED_Clear                               0x0800430d   Thumb Code    90  oled.o(.text.OLED_Clear)
    OLED_I2C_Init                            0x08004369   Thumb Code    22  oled.o(.text.OLED_I2C_Init)
    OLED_I2C_SendByte                        0x08004381   Thumb Code    86  oled.o(.text.OLED_I2C_SendByte)
    OLED_I2C_Start                           0x080043d9   Thumb Code    36  oled.o(.text.OLED_I2C_Start)
    OLED_I2C_Stop                            0x080043fd   Thumb Code    28  oled.o(.text.OLED_I2C_Stop)
    OLED_Init                                0x08004419   Thumb Code   206  oled.o(.text.OLED_Init)
    OLED_SetCursor                           0x080044e9   Thumb Code    52  oled.o(.text.OLED_SetCursor)
    OLED_ShowChar                            0x0800451d   Thumb Code   220  oled.o(.text.OLED_ShowChar)
    OLED_ShowString                          0x080045f9   Thumb Code    76  oled.o(.text.OLED_ShowString)
    OLED_W_SCL                               0x08004645   Thumb Code    38  oled.o(.text.OLED_W_SCL)
    OLED_W_SDA                               0x0800466d   Thumb Code    38  oled.o(.text.OLED_W_SDA)
    OLED_WriteCommand                        0x08004695   Thumb Code    40  oled.o(.text.OLED_WriteCommand)
    OLED_WriteData                           0x080046bd   Thumb Code    40  oled.o(.text.OLED_WriteData)
    PendSV_Handler                           0x080046e5   Thumb Code     2  stm32f4xx_it.o(.text.PendSV_Handler)
    SVC_Handler                              0x080048e1   Thumb Code     2  stm32f4xx_it.o(.text.SVC_Handler)
    SysTick_Handler                          0x08004939   Thumb Code     8  stm32f4xx_it.o(.text.SysTick_Handler)
    SystemClock_Config                       0x08004941   Thumb Code   186  main.o(.text.SystemClock_Config)
    SystemInit                               0x080049fd   Thumb Code    18  system_stm32f4xx.o(.text.SystemInit)
    TIM3_IRQHandler                          0x08004a11   Thumb Code    16  stm32f4xx_it.o(.text.TIM3_IRQHandler)
    TIM_Base_SetConfig                       0x08004a21   Thumb Code   432  stm32f4xx_hal_tim.o(.text.TIM_Base_SetConfig)
    TIM_ETR_SetConfig                        0x08004bd1   Thumb Code    52  stm32f4xx_hal_tim.o(.text.TIM_ETR_SetConfig)
    UsageFault_Handler                       0x08004e11   Thumb Code     4  stm32f4xx_it.o(.text.UsageFault_Handler)
    arm_atan2_f32                            0x08004ef9   Thumb Code  1252  fastmathfunctions.o(.text.arm_atan2_f32)
    delay_init                               0x080053e9   Thumb Code    32  delay.o(.text.delay_init)
    delay_us                                 0x08005409   Thumb Code    40  delay.o(.text.delay_us)
    hal_Spi1_ReadWriteByte                   0x08005431   Thumb Code    50  icm42688.o(.text.hal_Spi1_ReadWriteByte)
    icm42688_read_regs                       0x08005465   Thumb Code    84  icm42688.o(.text.icm42688_read_regs)
    icm42688_writeReg                        0x080054b9   Thumb Code    28  icm42688.o(.text.icm42688_writeReg)
    icm42688_write_reg                       0x080054d5   Thumb Code    74  icm42688.o(.text.icm42688_write_reg)
    main                                     0x08005555   Thumb Code   268  main.o(.text.main)
    __0sprintf                               0x08005665   Thumb Code    34  printfa.o(i.__0sprintf)
    __1sprintf                               0x08005665   Thumb Code     0  printfa.o(i.__0sprintf)
    __2sprintf                               0x08005665   Thumb Code     0  printfa.o(i.__0sprintf)
    __c89sprintf                             0x08005665   Thumb Code     0  printfa.o(i.__0sprintf)
    sprintf                                  0x08005665   Thumb Code     0  printfa.o(i.__0sprintf)
    __ARM_fpclassifyf                        0x0800568d   Thumb Code    38  fpclassifyf.o(i.__ARM_fpclassifyf)
    __hardfp_asinf                           0x080056b5   Thumb Code   258  asinf.o(i.__hardfp_asinf)
    __hardfp_atan2f                          0x080057e1   Thumb Code   594  atan2f.o(i.__hardfp_atan2f)
    __hardfp_cosf                            0x08005a8d   Thumb Code   280  cosf.o(i.__hardfp_cosf)
    __hardfp_sinf                            0x08005bdd   Thumb Code   344  sinf.o(i.__hardfp_sinf)
    __hardfp_sqrtf                           0x08005d6d   Thumb Code    58  sqrtf.o(i.__hardfp_sqrtf)
    __mathlib_flt_infnan                     0x08005da7   Thumb Code     6  funder.o(i.__mathlib_flt_infnan)
    __mathlib_flt_infnan2                    0x08005dad   Thumb Code     6  funder.o(i.__mathlib_flt_infnan2)
    __mathlib_flt_invalid                    0x08005db5   Thumb Code    10  funder.o(i.__mathlib_flt_invalid)
    __mathlib_flt_underflow                  0x08005dc5   Thumb Code    10  funder.o(i.__mathlib_flt_underflow)
    __mathlib_rredf2                         0x08005dd5   Thumb Code   316  rredf.o(i.__mathlib_rredf2)
    __scatterload_copy                       0x08005f29   Thumb Code    14  handlers.o(i.__scatterload_copy)
    __scatterload_null                       0x08005f37   Thumb Code     2  handlers.o(i.__scatterload_null)
    __scatterload_zeroinit                   0x08005f39   Thumb Code    14  handlers.o(i.__scatterload_zeroinit)
    __set_errno                              0x08005f49   Thumb Code     6  errno.o(i.__set_errno)
    sqrtf                                    0x08006811   Thumb Code    62  sqrtf.o(i.sqrtf)
    AHBPrescTable                            0x08006870   Data          16  system_stm32f4xx.o(.rodata.AHBPrescTable)
    APBPrescTable                            0x08006880   Data           8  system_stm32f4xx.o(.rodata.APBPrescTable)
    OLED_F8x16                               0x08006888   Data        1520  oled.o(.rodata.OLED_F8x16)
    Region$$Table$$Base                      0x08006ecc   Number         0  anon$$obj.o(Region$$Table)
    Region$$Table$$Limit                     0x08006eec   Number         0  anon$$obj.o(Region$$Table)
    SystemCoreClock                          0x2000000c   Data           4  system_stm32f4xx.o(.data.SystemCoreClock)
    uwTickFreq                               0x20000010   Data           1  stm32f4xx_hal.o(.data.uwTickFreq)
    uwTickPrio                               0x20000014   Data           4  stm32f4xx_hal.o(.data.uwTickPrio)
    LSB_ACC_GYRO                             0x20000038   Data           8  icm42688.o(.bss.LSB_ACC_GYRO)
    Pitch                                    0x20000058   Data           4  interrupt.o(.bss.Pitch)
    Roll                                     0x2000005c   Data           4  interrupt.o(.bss.Roll)
    Tis                                      0x20000060   Data           4  interrupt.o(.bss.Tis)
    Yaw                                      0x20000064   Data           4  interrupt.o(.bss.Yaw)
    anglesComputed                           0x20000068   Data           1  mahonyahrs.o(.bss.anglesComputed)
    arr                                      0x20000069   Data          20  main.o(.bss.arr)
    hspi2                                    0x20000080   Data          88  spi.o(.bss.hspi2)
    htim3                                    0x200000d8   Data          72  tim.o(.bss.htim3)
    huart2                                   0x20000120   Data          72  usart.o(.bss.huart2)
    icm42688_acc_x                           0x20000168   Data           4  icm42688.o(.bss.icm42688_acc_x)
    icm42688_acc_y                           0x2000016c   Data           4  icm42688.o(.bss.icm42688_acc_y)
    icm42688_acc_z                           0x20000170   Data           4  icm42688.o(.bss.icm42688_acc_z)
    icm42688_gyro_x                          0x20000174   Data           4  icm42688.o(.bss.icm42688_gyro_x)
    icm42688_gyro_y                          0x20000178   Data           4  icm42688.o(.bss.icm42688_gyro_y)
    icm42688_gyro_z                          0x2000017c   Data           4  icm42688.o(.bss.icm42688_gyro_z)
    integralFBx                              0x20000180   Data           4  mahonyahrs.o(.bss.integralFBx)
    integralFBy                              0x20000184   Data           4  mahonyahrs.o(.bss.integralFBy)
    integralFBz                              0x20000188   Data           4  mahonyahrs.o(.bss.integralFBz)
    invSampleFreq                            0x2000018c   Data           4  mahonyahrs.o(.bss.invSampleFreq)
    multiplier                               0x20000190   Data           4  delay.o(.bss.multiplier)
    pitch_mahony                             0x20000194   Data           4  mahonyahrs.o(.bss.pitch_mahony)
    q0                                       0x20000198   Data           4  mahonyahrs.o(.bss.q0)
    q1                                       0x2000019c   Data           4  mahonyahrs.o(.bss.q1)
    q2                                       0x200001a0   Data           4  mahonyahrs.o(.bss.q2)
    q3                                       0x200001a4   Data           4  mahonyahrs.o(.bss.q3)
    roll_mahony                              0x200001a8   Data           4  mahonyahrs.o(.bss.roll_mahony)
    twoKi                                    0x200001ac   Data           4  mahonyahrs.o(.bss.twoKi)
    uwTick                                   0x200001b0   Data           4  stm32f4xx_hal.o(.bss.uwTick)
    yaw_mahony                               0x200001b4   Data           4  mahonyahrs.o(.bss.yaw_mahony)
    __initial_sp                             0x200010b8   Data           0  startup_stm32f407xx.o(STACK)



==============================================================================

Memory Map of the image

  Image Entry point : 0x08000189

  Load Region LR_IROM1 (Base: 0x08000000, Size: 0x00006f08, Max: 0x00100000, ABSOLUTE)

    Execution Region ER_IROM1 (Exec base: 0x08000000, Load base: 0x08000000, Size: 0x00006eec, Max: 0x00100000, ABSOLUTE)

    Exec Addr    Load Addr    Size         Type   Attr      Idx    E Section Name        Object

    0x08000000   0x08000000   0x00000188   Data   RO            3    RESET               startup_stm32f407xx.o
    0x08000188   0x08000188   0x00000000   Code   RO         3392  * .ARM.Collect$$$$00000000  mc_w.l(entry.o)
    0x08000188   0x08000188   0x00000004   Code   RO         3529    .ARM.Collect$$$$00000001  mc_w.l(entry2.o)
    0x0800018c   0x0800018c   0x00000004   Code   RO         3532    .ARM.Collect$$$$00000004  mc_w.l(entry5.o)
    0x08000190   0x08000190   0x00000000   Code   RO         3534    .ARM.Collect$$$$00000008  mc_w.l(entry7b.o)
    0x08000190   0x08000190   0x00000000   Code   RO         3536    .ARM.Collect$$$$0000000A  mc_w.l(entry8b.o)
    0x08000190   0x08000190   0x00000008   Code   RO         3537    .ARM.Collect$$$$0000000B  mc_w.l(entry9a.o)
    0x08000198   0x08000198   0x00000000   Code   RO         3539    .ARM.Collect$$$$0000000D  mc_w.l(entry10a.o)
    0x08000198   0x08000198   0x00000000   Code   RO         3541    .ARM.Collect$$$$0000000F  mc_w.l(entry11a.o)
    0x08000198   0x08000198   0x00000004   Code   RO         3530    .ARM.Collect$$$$00002712  mc_w.l(entry2.o)
    0x0800019c   0x0800019c   0x00000024   Code   RO            4    .text               startup_stm32f407xx.o
    0x080001c0   0x080001c0   0x00000062   Code   RO         3395    .text               mc_w.l(uldiv.o)
    0x08000222   0x08000222   0x00000024   Code   RO         3401    .text               mc_w.l(memseta.o)
    0x08000246   0x08000246   0x0000014e   Code   RO         3461    .text               mf_w.l(dadd.o)
    0x08000394   0x08000394   0x000000e4   Code   RO         3463    .text               mf_w.l(dmul.o)
    0x08000478   0x08000478   0x000000de   Code   RO         3465    .text               mf_w.l(ddiv.o)
    0x08000556   0x08000556   0x00000026   Code   RO         3485    .text               mf_w.l(f2d.o)
    0x0800057c   0x0800057c   0x00000038   Code   RO         3487    .text               mf_w.l(d2f.o)
    0x080005b4   0x080005b4   0x0000002c   Code   RO         3557    .text               mc_w.l(uidiv.o)
    0x080005e0   0x080005e0   0x0000001e   Code   RO         3559    .text               mc_w.l(llshl.o)
    0x080005fe   0x080005fe   0x00000020   Code   RO         3561    .text               mc_w.l(llushr.o)
    0x0800061e   0x0800061e   0x00000024   Code   RO         3563    .text               mc_w.l(llsshr.o)
    0x08000642   0x08000642   0x00000000   Code   RO         3574    .text               mc_w.l(iusefp.o)
    0x08000642   0x08000642   0x0000006e   Code   RO         3575    .text               mf_w.l(fepilogue.o)
    0x080006b0   0x080006b0   0x000000ba   Code   RO         3577    .text               mf_w.l(depilogue.o)
    0x0800076a   0x0800076a   0x00000030   Code   RO         3583    .text               mf_w.l(dfixul.o)
    0x0800079a   0x0800079a   0x00000002   PAD
    0x0800079c   0x0800079c   0x00000030   Code   RO         3587    .text               mf_w.l(cdrcmple.o)
    0x080007cc   0x080007cc   0x00000030   Code   RO         3591    .text               mc_w.l(init.o)
    0x080007fc   0x080007fc   0x00000004   Code   RO           89    .text.BusFault_Handler  stm32f4xx_it.o
    0x08000800   0x08000800   0x00000224   Code   RO         1280    .text.CorrectDate   mahonyahrs.o
    0x08000a24   0x08000a24   0x00000002   Code   RO           95    .text.DebugMon_Handler  stm32f4xx_it.o
    0x08000a26   0x08000a26   0x00000002   PAD
    0x08000a28   0x08000a28   0x00000006   Code   RO           15    .text.Error_Handler  main.o
    0x08000a2e   0x08000a2e   0x00000002   PAD
    0x08000a30   0x08000a30   0x0000008c   Code   RO         1156    .text.GetAngle      icm42688.o
    0x08000abc   0x08000abc   0x0000007a   Code   RO         1152    .text.Get_Acc_ICM42688  icm42688.o
    0x08000b36   0x08000b36   0x00000002   PAD
    0x08000b38   0x08000b38   0x0000007a   Code   RO         1154    .text.Get_Gyro_ICM42688  icm42688.o
    0x08000bb2   0x08000bb2   0x00000002   PAD
    0x08000bb4   0x08000bb4   0x000001c4   Code   RO         1282    .text.Get_MahonyAngle  mahonyahrs.o
    0x08000d78   0x08000d78   0x00000042   Code   RO          600    .text.HAL_Delay     stm32f4xx_hal.o
    0x08000dba   0x08000dba   0x00000002   PAD
    0x08000dbc   0x08000dbc   0x000003b6   Code   RO          371    .text.HAL_GPIO_Init  stm32f4xx_hal_gpio.o
    0x08001172   0x08001172   0x00000002   PAD
    0x08001174   0x08001174   0x0000002e   Code   RO          377    .text.HAL_GPIO_WritePin  stm32f4xx_hal_gpio.o
    0x080011a2   0x080011a2   0x00000002   PAD
    0x080011a4   0x080011a4   0x0000000c   Code   RO          592    .text.HAL_GetTick   stm32f4xx_hal.o
    0x080011b0   0x080011b0   0x0000001a   Code   RO          590    .text.HAL_IncTick   stm32f4xx_hal.o
    0x080011ca   0x080011ca   0x00000002   PAD
    0x080011cc   0x080011cc   0x00000036   Code   RO          580    .text.HAL_Init      stm32f4xx_hal.o
    0x08001202   0x08001202   0x00000002   PAD
    0x08001204   0x08001204   0x00000070   Code   RO          582    .text.HAL_InitTick  stm32f4xx_hal.o
    0x08001274   0x08001274   0x0000004a   Code   RO          110    .text.HAL_MspInit   stm32f4xx_hal_msp.o
    0x080012be   0x080012be   0x00000002   PAD
    0x080012c0   0x080012c0   0x00000014   Code   RO          519    .text.HAL_NVIC_EnableIRQ  stm32f4xx_hal_cortex.o
    0x080012d4   0x080012d4   0x00000032   Code   RO          511    .text.HAL_NVIC_SetPriority  stm32f4xx_hal_cortex.o
    0x08001306   0x08001306   0x00000002   PAD
    0x08001308   0x08001308   0x00000010   Code   RO          507    .text.HAL_NVIC_SetPriorityGrouping  stm32f4xx_hal_cortex.o
    0x08001318   0x08001318   0x00000262   Code   RO          239    .text.HAL_RCC_ClockConfig  stm32f4xx_hal_rcc.o
    0x0800157a   0x0800157a   0x00000002   PAD
    0x0800157c   0x0800157c   0x0000000c   Code   RO          249    .text.HAL_RCC_GetHCLKFreq  stm32f4xx_hal_rcc.o
    0x08001588   0x08001588   0x00000022   Code   RO          251    .text.HAL_RCC_GetPCLK1Freq  stm32f4xx_hal_rcc.o
    0x080015aa   0x080015aa   0x00000002   PAD
    0x080015ac   0x080015ac   0x00000022   Code   RO          253    .text.HAL_RCC_GetPCLK2Freq  stm32f4xx_hal_rcc.o
    0x080015ce   0x080015ce   0x00000002   PAD
    0x080015d0   0x080015d0   0x000000e6   Code   RO          241    .text.HAL_RCC_GetSysClockFreq  stm32f4xx_hal_rcc.o
    0x080016b6   0x080016b6   0x00000002   PAD
    0x080016b8   0x080016b8   0x000006be   Code   RO          237    .text.HAL_RCC_OscConfig  stm32f4xx_hal_rcc.o
    0x08001d76   0x08001d76   0x00000002   PAD
    0x08001d78   0x08001d78   0x00000102   Code   RO          118    .text.HAL_SPI_Init  stm32f4xx_hal_spi.o
    0x08001e7a   0x08001e7a   0x00000002   PAD
    0x08001e7c   0x08001e7c   0x000000e6   Code   RO           43    .text.HAL_SPI_MspInit  spi.o
    0x08001f62   0x08001f62   0x00000002   PAD
    0x08001f64   0x08001f64   0x00000388   Code   RO          132    .text.HAL_SPI_TransmitReceive  stm32f4xx_hal_spi.o
    0x080022ec   0x080022ec   0x00000010   Code   RO          531    .text.HAL_SYSTICK_Config  stm32f4xx_hal_cortex.o
    0x080022fc   0x080022fc   0x00000008   Code   RO          992    .text.HAL_TIMEx_BreakCallback  stm32f4xx_hal_tim_ex.o
    0x08002304   0x08002304   0x00000008   Code   RO          988    .text.HAL_TIMEx_CommutCallback  stm32f4xx_hal_tim_ex.o
    0x0800230c   0x0800230c   0x00000122   Code   RO          982    .text.HAL_TIMEx_MasterConfigSynchronization  stm32f4xx_hal_tim_ex.o
    0x0800242e   0x0800242e   0x00000002   PAD
    0x08002430   0x08002430   0x0000009c   Code   RO          669    .text.HAL_TIM_Base_Init  stm32f4xx_hal_tim.o
    0x080024cc   0x080024cc   0x00000052   Code   RO           57    .text.HAL_TIM_Base_MspInit  tim.o
    0x0800251e   0x0800251e   0x00000002   PAD
    0x08002520   0x08002520   0x000000f6   Code   RO          683    .text.HAL_TIM_Base_Start_IT  stm32f4xx_hal_tim.o
    0x08002616   0x08002616   0x00000002   PAD
    0x08002618   0x08002618   0x00000184   Code   RO          861    .text.HAL_TIM_ConfigClockSource  stm32f4xx_hal_tim.o
    0x0800279c   0x0800279c   0x00000008   Code   RO          805    .text.HAL_TIM_IC_CaptureCallback  stm32f4xx_hal_tim.o
    0x080027a4   0x080027a4   0x0000021a   Code   RO          803    .text.HAL_TIM_IRQHandler  stm32f4xx_hal_tim.o
    0x080029be   0x080029be   0x00000002   PAD
    0x080029c0   0x080029c0   0x00000008   Code   RO          807    .text.HAL_TIM_OC_DelayElapsedCallback  stm32f4xx_hal_tim.o
    0x080029c8   0x080029c8   0x00000008   Code   RO          809    .text.HAL_TIM_PWM_PulseFinishedCallback  stm32f4xx_hal_tim.o
    0x080029d0   0x080029d0   0x0000006c   Code   RO         1332    .text.HAL_TIM_PeriodElapsedCallback  interrupt.o
    0x08002a3c   0x08002a3c   0x00000008   Code   RO          813    .text.HAL_TIM_TriggerCallback  stm32f4xx_hal_tim.o
    0x08002a44   0x08002a44   0x0000009e   Code   RO         1005    .text.HAL_UART_Init  stm32f4xx_hal_uart.o
    0x08002ae2   0x08002ae2   0x00000002   PAD
    0x08002ae4   0x08002ae4   0x0000008e   Code   RO           71    .text.HAL_UART_MspInit  usart.o
    0x08002b72   0x08002b72   0x00000002   PAD
    0x08002b74   0x08002b74   0x00000004   Code   RO           85    .text.HardFault_Handler  stm32f4xx_it.o
    0x08002b78   0x08002b78   0x0000015c   Code   RO         1150    .text.Icm42688_Init  icm42688.o
    0x08002cd4   0x08002cd4   0x00000048   Code   RO         1138    .text.Icm_Spi_ReadWriteNbytes  icm42688.o
    0x08002d1c   0x08002d1c   0x0000019a   Code   RO           33    .text.MX_GPIO_Init  gpio.o
    0x08002eb6   0x08002eb6   0x00000002   PAD
    0x08002eb8   0x08002eb8   0x0000004e   Code   RO           41    .text.MX_SPI2_Init  spi.o
    0x08002f06   0x08002f06   0x00000002   PAD
    0x08002f08   0x08002f08   0x00000082   Code   RO           55    .text.MX_TIM3_Init  tim.o
    0x08002f8a   0x08002f8a   0x00000002   PAD
    0x08002f8c   0x08002f8c   0x00000040   Code   RO           69    .text.MX_USART2_UART_Init  usart.o
    0x08002fcc   0x08002fcc   0x000003de   Code   RO         1284    .text.MahonyAHRSinit  mahonyahrs.o
    0x080033aa   0x080033aa   0x00000002   PAD
    0x080033ac   0x080033ac   0x00000488   Code   RO         1298    .text.MahonyAHRSupdateIMU  mahonyahrs.o
    0x08003834   0x08003834   0x00000078   Code   RO         1290    .text.MahonyAngle   mahonyahrs.o
    0x080038ac   0x080038ac   0x00000082   Code   RO         1292    .text.Mahony_Init   mahonyahrs.o
    0x0800392e   0x0800392e   0x00000002   PAD
    0x08003930   0x08003930   0x00000134   Code   RO         1288    .text.Mahony_computeAngles  mahonyahrs.o
    0x08003a64   0x08003a64   0x00000076   Code   RO         1294    .text.Mahony_invSqrt  mahonyahrs.o
    0x08003ada   0x08003ada   0x00000002   PAD
    0x08003adc   0x08003adc   0x000007bc   Code   RO         1286    .text.Mahony_update  mahonyahrs.o
    0x08004298   0x08004298   0x00000004   Code   RO           87    .text.MemManage_Handler  stm32f4xx_it.o
    0x0800429c   0x0800429c   0x00000004   Code   RO           83    .text.NMI_Handler   stm32f4xx_it.o
    0x080042a0   0x080042a0   0x0000006c   Code   RO          517    .text.NVIC_EncodePriority  stm32f4xx_hal_cortex.o
    0x0800430c   0x0800430c   0x0000005a   Code   RO         1240    .text.OLED_Clear    oled.o
    0x08004366   0x08004366   0x00000002   PAD
    0x08004368   0x08004368   0x00000016   Code   RO         1226    .text.OLED_I2C_Init  oled.o
    0x0800437e   0x0800437e   0x00000002   PAD
    0x08004380   0x08004380   0x00000056   Code   RO         1232    .text.OLED_I2C_SendByte  oled.o
    0x080043d6   0x080043d6   0x00000002   PAD
    0x080043d8   0x080043d8   0x00000024   Code   RO         1228    .text.OLED_I2C_Start  oled.o
    0x080043fc   0x080043fc   0x0000001c   Code   RO         1230    .text.OLED_I2C_Stop  oled.o
    0x08004418   0x08004418   0x000000ce   Code   RO         1256    .text.OLED_Init     oled.o
    0x080044e6   0x080044e6   0x00000002   PAD
    0x080044e8   0x080044e8   0x00000034   Code   RO         1238    .text.OLED_SetCursor  oled.o
    0x0800451c   0x0800451c   0x000000dc   Code   RO         1242    .text.OLED_ShowChar  oled.o
    0x080045f8   0x080045f8   0x0000004c   Code   RO         1244    .text.OLED_ShowString  oled.o
    0x08004644   0x08004644   0x00000026   Code   RO         1222    .text.OLED_W_SCL    oled.o
    0x0800466a   0x0800466a   0x00000002   PAD
    0x0800466c   0x0800466c   0x00000026   Code   RO         1224    .text.OLED_W_SDA    oled.o
    0x08004692   0x08004692   0x00000002   PAD
    0x08004694   0x08004694   0x00000028   Code   RO         1234    .text.OLED_WriteCommand  oled.o
    0x080046bc   0x080046bc   0x00000028   Code   RO         1236    .text.OLED_WriteData  oled.o
    0x080046e4   0x080046e4   0x00000002   Code   RO           97    .text.PendSV_Handler  stm32f4xx_it.o
    0x080046e6   0x080046e6   0x00000002   PAD
    0x080046e8   0x080046e8   0x000000cc   Code   RO          128    .text.SPI_EndRxTxTransaction  stm32f4xx_hal_spi.o
    0x080047b4   0x080047b4   0x0000012a   Code   RO          226    .text.SPI_WaitFlagStateUntilTimeout  stm32f4xx_hal_spi.o
    0x080048de   0x080048de   0x00000002   PAD
    0x080048e0   0x080048e0   0x00000002   Code   RO           93    .text.SVC_Handler   stm32f4xx_it.o
    0x080048e2   0x080048e2   0x00000002   PAD
    0x080048e4   0x080048e4   0x00000052   Code   RO          533    .text.SysTick_Config  stm32f4xx_hal_cortex.o
    0x08004936   0x08004936   0x00000002   PAD
    0x08004938   0x08004938   0x00000008   Code   RO           99    .text.SysTick_Handler  stm32f4xx_it.o
    0x08004940   0x08004940   0x000000ba   Code   RO           13    .text.SystemClock_Config  main.o
    0x080049fa   0x080049fa   0x00000002   PAD
    0x080049fc   0x080049fc   0x00000012   Code   RO         1344    .text.SystemInit    system_stm32f4xx.o
    0x08004a0e   0x08004a0e   0x00000002   PAD
    0x08004a10   0x08004a10   0x00000010   Code   RO          101    .text.TIM3_IRQHandler  stm32f4xx_it.o
    0x08004a20   0x08004a20   0x000001b0   Code   RO          673    .text.TIM_Base_SetConfig  stm32f4xx_hal_tim.o
    0x08004bd0   0x08004bd0   0x00000034   Code   RO          859    .text.TIM_ETR_SetConfig  stm32f4xx_hal_tim.o
    0x08004c04   0x08004c04   0x0000002a   Code   RO          865    .text.TIM_ITRx_SetConfig  stm32f4xx_hal_tim.o
    0x08004c2e   0x08004c2e   0x00000002   PAD
    0x08004c30   0x08004c30   0x00000050   Code   RO          863    .text.TIM_TI1_ConfigInputStage  stm32f4xx_hal_tim.o
    0x08004c80   0x08004c80   0x00000052   Code   RO          867    .text.TIM_TI2_ConfigInputStage  stm32f4xx_hal_tim.o
    0x08004cd2   0x08004cd2   0x00000002   PAD
    0x08004cd4   0x08004cd4   0x0000013a   Code   RO         1009    .text.UART_SetConfig  stm32f4xx_hal_uart.o
    0x08004e0e   0x08004e0e   0x00000002   PAD
    0x08004e10   0x08004e10   0x00000004   Code   RO           91    .text.UsageFault_Handler  stm32f4xx_it.o
    0x08004e14   0x08004e14   0x00000012   Code   RO         1982    .text.__ARM_signbit  fastmathfunctions.o
    0x08004e26   0x08004e26   0x00000002   PAD
    0x08004e28   0x08004e28   0x00000010   Code   RO         1980    .text.__ARM_signbitf  fastmathfunctions.o
    0x08004e38   0x08004e38   0x00000030   Code   RO          521    .text.__NVIC_EnableIRQ  stm32f4xx_hal_cortex.o
    0x08004e68   0x08004e68   0x00000010   Code   RO          513    .text.__NVIC_GetPriorityGrouping  stm32f4xx_hal_cortex.o
    0x08004e78   0x08004e78   0x00000042   Code   RO          515    .text.__NVIC_SetPriority  stm32f4xx_hal_cortex.o
    0x08004eba   0x08004eba   0x00000002   PAD
    0x08004ebc   0x08004ebc   0x0000003c   Code   RO          509    .text.__NVIC_SetPriorityGrouping  stm32f4xx_hal_cortex.o
    0x08004ef8   0x08004ef8   0x000004f0   Code   RO         1978    .text.arm_atan2_f32  fastmathfunctions.o
    0x080053e8   0x080053e8   0x00000020   Code   RO         1266    .text.delay_init    delay.o
    0x08005408   0x08005408   0x00000028   Code   RO         1268    .text.delay_us      delay.o
    0x08005430   0x08005430   0x00000032   Code   RO         1136    .text.hal_Spi1_ReadWriteByte  icm42688.o
    0x08005462   0x08005462   0x00000002   PAD
    0x08005464   0x08005464   0x00000054   Code   RO         1142    .text.icm42688_read_regs  icm42688.o
    0x080054b8   0x080054b8   0x0000001c   Code   RO         1148    .text.icm42688_writeReg  icm42688.o
    0x080054d4   0x080054d4   0x0000004a   Code   RO         1144    .text.icm42688_write_reg  icm42688.o
    0x0800551e   0x0800551e   0x00000002   PAD
    0x08005520   0x08005520   0x00000034   Code   RO         1296    .text.invSqrt       mahonyahrs.o
    0x08005554   0x08005554   0x00000110   Code   RO           11    .text.main          main.o
    0x08005664   0x08005664   0x00000028   Code   RO         3408    i.__0sprintf        mc_w.l(printfa.o)
    0x0800568c   0x0800568c   0x00000026   Code   RO         3507    i.__ARM_fpclassifyf  m_wm.l(fpclassifyf.o)
    0x080056b2   0x080056b2   0x00000002   PAD
    0x080056b4   0x080056b4   0x0000012c   Code   RO         3309    i.__hardfp_asinf    m_wm.l(asinf.o)
    0x080057e0   0x080057e0   0x000002ac   Code   RO         3315    i.__hardfp_atan2f   m_wm.l(atan2f.o)
    0x08005a8c   0x08005a8c   0x00000150   Code   RO         3321    i.__hardfp_cosf     m_wm.l(cosf.o)
    0x08005bdc   0x08005bdc   0x00000190   Code   RO         3368    i.__hardfp_sinf     m_wm.l(sinf.o)
    0x08005d6c   0x08005d6c   0x0000003a   Code   RO         3380    i.__hardfp_sqrtf    m_wm.l(sqrtf.o)
    0x08005da6   0x08005da6   0x00000006   Code   RO         3510    i.__mathlib_flt_infnan  m_wm.l(funder.o)
    0x08005dac   0x08005dac   0x00000006   Code   RO         3511    i.__mathlib_flt_infnan2  m_wm.l(funder.o)
    0x08005db2   0x08005db2   0x00000002   PAD
    0x08005db4   0x08005db4   0x00000010   Code   RO         3512    i.__mathlib_flt_invalid  m_wm.l(funder.o)
    0x08005dc4   0x08005dc4   0x00000010   Code   RO         3515    i.__mathlib_flt_underflow  m_wm.l(funder.o)
    0x08005dd4   0x08005dd4   0x00000154   Code   RO         3526    i.__mathlib_rredf2  m_wm.l(rredf.o)
    0x08005f28   0x08005f28   0x0000000e   Code   RO         3597    i.__scatterload_copy  mc_w.l(handlers.o)
    0x08005f36   0x08005f36   0x00000002   Code   RO         3598    i.__scatterload_null  mc_w.l(handlers.o)
    0x08005f38   0x08005f38   0x0000000e   Code   RO         3599    i.__scatterload_zeroinit  mc_w.l(handlers.o)
    0x08005f46   0x08005f46   0x00000002   PAD
    0x08005f48   0x08005f48   0x0000000c   Code   RO         3569    i.__set_errno       mc_w.l(errno.o)
    0x08005f54   0x08005f54   0x00000184   Code   RO         3413    i._fp_digits        mc_w.l(printfa.o)
    0x080060d8   0x080060d8   0x000006dc   Code   RO         3414    i._printf_core      mc_w.l(printfa.o)
    0x080067b4   0x080067b4   0x00000024   Code   RO         3415    i._printf_post_padding  mc_w.l(printfa.o)
    0x080067d8   0x080067d8   0x0000002e   Code   RO         3416    i._printf_pre_padding  mc_w.l(printfa.o)
    0x08006806   0x08006806   0x0000000a   Code   RO         3418    i._sputc            mc_w.l(printfa.o)
    0x08006810   0x08006810   0x0000003e   Code   RO         3382    i.sqrtf             m_wm.l(sqrtf.o)
    0x0800684e   0x0800684e   0x00000002   PAD
    0x08006850   0x08006850   0x00000020   Data   RO         3527    .constdata          m_wm.l(rredf.o)
    0x08006870   0x08006870   0x00000010   Data   RO         1349    .rodata.AHBPrescTable  system_stm32f4xx.o
    0x08006880   0x08006880   0x00000008   Data   RO         1350    .rodata.APBPrescTable  system_stm32f4xx.o
    0x08006888   0x08006888   0x000005f0   Data   RO         1258    .rodata.OLED_F8x16  oled.o
    0x08006e78   0x08006e78   0x00000028   Data   RO         1988    .rodata.atan2_coefs_f32  fastmathfunctions.o
    0x08006ea0   0x08006ea0   0x00000029   Data   RO           18    .rodata.str1.1      main.o
    0x08006ec9   0x08006ec9   0x00000003   PAD
    0x08006ecc   0x08006ecc   0x00000020   Data   RO         3596    Region$$Table       anon$$obj.o


    Execution Region RW_IRAM1 (Exec base: 0x20000000, Load base: 0x08006ef0, Size: 0x000010b8, Max: 0x0001c000, ABSOLUTE)

    Exec Addr    Load Addr    Size         Type   Attr      Idx    E Section Name        Object

    0x20000000   0x08006ef0   0x00000004   Data   RW         3570    .data               mc_w.l(errno.o)
    0x20000004   0x08006ef4   0x00000001   Data   RW         1308    .data.Get_MahonyAngle.State  mahonyahrs.o
    0x20000005   0x08006ef5   0x00000003   PAD
    0x20000008   0x08006ef8   0x00000004   Data   RW         1306    .data.Get_MahonyAngle.correct_Time_define  mahonyahrs.o
    0x2000000c   0x08006efc   0x00000004   Data   RW         1348    .data.SystemCoreClock  system_stm32f4xx.o
    0x20000010   0x08006f00   0x00000001   Data   RW          635    .data.uwTickFreq    stm32f4xx_hal.o
    0x20000011   0x08006f01   0x00000003   PAD
    0x20000014   0x08006f04   0x00000004   Data   RW          634    .data.uwTickPrio    stm32f4xx_hal.o
    0x20000018        -       0x0000000c   Zero   RW         1165    .bss.GetAngle.temp  icm42688.o
    0x20000024        -       0x00000004   Zero   RW         1310    .bss.Get_MahonyAngle.correct_times  mahonyahrs.o
    0x20000028        -       0x00000001   Zero   RW         1307    .bss.Get_MahonyAngle.first_mahony  mahonyahrs.o
    0x20000029   0x08006f08   0x00000003   PAD
    0x2000002c        -       0x0000000c   Zero   RW         1309    .bss.Get_MahonyAngle.gyro_corrects  mahonyahrs.o
    0x20000038        -       0x00000008   Zero   RW         1158    .bss.LSB_ACC_GYRO   icm42688.o
    0x20000040        -       0x00000018   Zero   RW         1314    .bss.MahonyAngle.Temp  mahonyahrs.o
    0x20000058        -       0x00000004   Zero   RW         1336    .bss.Pitch          interrupt.o
    0x2000005c        -       0x00000004   Zero   RW         1335    .bss.Roll           interrupt.o
    0x20000060        -       0x00000004   Zero   RW         1334    .bss.Tis            interrupt.o
    0x20000064        -       0x00000004   Zero   RW         1337    .bss.Yaw            interrupt.o
    0x20000068        -       0x00000001   Zero   RW         1323    .bss.anglesComputed  mahonyahrs.o
    0x20000069        -       0x00000014   Zero   RW           17    .bss.arr            main.o
    0x2000007d   0x08006f08   0x00000003   PAD
    0x20000080        -       0x00000058   Zero   RW           47    .bss.hspi2          spi.o
    0x200000d8        -       0x00000048   Zero   RW           61    .bss.htim3          tim.o
    0x20000120        -       0x00000048   Zero   RW           75    .bss.huart2         usart.o
    0x20000168        -       0x00000004   Zero   RW         1159    .bss.icm42688_acc_x  icm42688.o
    0x2000016c        -       0x00000004   Zero   RW         1160    .bss.icm42688_acc_y  icm42688.o
    0x20000170        -       0x00000004   Zero   RW         1161    .bss.icm42688_acc_z  icm42688.o
    0x20000174        -       0x00000004   Zero   RW         1162    .bss.icm42688_gyro_x  icm42688.o
    0x20000178        -       0x00000004   Zero   RW         1163    .bss.icm42688_gyro_y  icm42688.o
    0x2000017c        -       0x00000004   Zero   RW         1164    .bss.icm42688_gyro_z  icm42688.o
    0x20000180        -       0x00000004   Zero   RW         1320    .bss.integralFBx    mahonyahrs.o
    0x20000184        -       0x00000004   Zero   RW         1321    .bss.integralFBy    mahonyahrs.o
    0x20000188        -       0x00000004   Zero   RW         1322    .bss.integralFBz    mahonyahrs.o
    0x2000018c        -       0x00000004   Zero   RW         1324    .bss.invSampleFreq  mahonyahrs.o
    0x20000190        -       0x00000004   Zero   RW         1272    .bss.multiplier     delay.o
    0x20000194        -       0x00000004   Zero   RW         1312    .bss.pitch_mahony   mahonyahrs.o
    0x20000198        -       0x00000004   Zero   RW         1316    .bss.q0             mahonyahrs.o
    0x2000019c        -       0x00000004   Zero   RW         1317    .bss.q1             mahonyahrs.o
    0x200001a0        -       0x00000004   Zero   RW         1318    .bss.q2             mahonyahrs.o
    0x200001a4        -       0x00000004   Zero   RW         1319    .bss.q3             mahonyahrs.o
    0x200001a8        -       0x00000004   Zero   RW         1311    .bss.roll_mahony    mahonyahrs.o
    0x200001ac        -       0x00000004   Zero   RW         1315    .bss.twoKi          mahonyahrs.o
    0x200001b0        -       0x00000004   Zero   RW          636    .bss.uwTick         stm32f4xx_hal.o
    0x200001b4        -       0x00000004   Zero   RW         1313    .bss.yaw_mahony     mahonyahrs.o
    0x200001b8        -       0x00000f00   Zero   RW            1    STACK               startup_stm32f407xx.o


    Execution Region RW_IRAM2 (Exec base: 0x2001c000, Load base: 0x08006f08, Size: 0x00000000, Max: 0x00004000, ABSOLUTE)

    **** No section assigned to this execution region ****


==============================================================================

Image component sizes


      Code (inc. data)   RO Data    RW Data    ZI Data      Debug   Object Name

        72          0          0          0          4        949   delay.o
      1298         16         40          0          0      15553   fastmathfunctions.o
       410          0          0          0          0       2266   gpio.o
      1040          4          0          0         44       3128   icm42688.o
       108          0          0          0         16       3801   interrupt.o
      5858         44          0          5         90       7576   mahonyahrs.o
       464          4         41          0         20       3180   main.o
       972          0       1520          0          0       4567   oled.o
       308          0          0          0         88       4937   spi.o
        36          8        392          0       3840        844   startup_stm32f407xx.o
       270          0          0          5          4       7131   stm32f4xx_hal.o
       482          0          0          0          0       9573   stm32f4xx_hal_cortex.o
       996          0          0          0          0       5116   stm32f4xx_hal_gpio.o
        74          0          0          0          0       1497   stm32f4xx_hal_msp.o
      2646          0          0          0          0       7601   stm32f4xx_hal_rcc.o
      1664          0          0          0          0      19834   stm32f4xx_hal_spi.o
      2048          0          0          0          0      36036   stm32f4xx_hal_tim.o
       306          0          0          0          0      15356   stm32f4xx_hal_tim_ex.o
       472          0          0          0          0      20364   stm32f4xx_hal_uart.o
        50          0          0          0          0       1101   stm32f4xx_it.o
        18          0         24          4          0       2544   system_stm32f4xx.o
       212          0          0          0         72       6998   tim.o
       206          0          0          0         72       4895   usart.o

    ----------------------------------------------------------------------
     20108         76       2052         20       4256     184847   Object Totals
         0          0         32          0          0          0   (incl. Generated)
        98          0          3          6          6          0   (incl. Padding)

    ----------------------------------------------------------------------

      Code (inc. data)   RO Data    RW Data    ZI Data      Debug   Library Member Name

       300         42          0          0          0        176   asinf.o
       684         90          0          0          0        208   atan2f.o
       336         56          0          0          0        136   cosf.o
        38          0          0          0          0        116   fpclassifyf.o
        44         12          0          0          0        464   funder.o
       340         24         32          0          0        160   rredf.o
       400         56          0          0          0        212   sinf.o
       120          0          0          0          0        272   sqrtf.o
         0          0          0          0          0          0   entry.o
         0          0          0          0          0          0   entry10a.o
         0          0          0          0          0          0   entry11a.o
         8          4          0          0          0          0   entry2.o
         4          0          0          0          0          0   entry5.o
         0          0          0          0          0          0   entry7b.o
         0          0          0          0          0          0   entry8b.o
         8          4          0          0          0          0   entry9a.o
        12          6          0          4          0         68   errno.o
        30          0          0          0          0          0   handlers.o
        48         10          0          0          0         68   init.o
         0          0          0          0          0          0   iusefp.o
        30          0          0          0          0         68   llshl.o
        36          0          0          0          0         68   llsshr.o
        32          0          0          0          0         68   llushr.o
        36          0          0          0          0        108   memseta.o
      2276         86          0          0          0        520   printfa.o
        44          0          0          0          0         80   uidiv.o
        98          0          0          0          0         92   uldiv.o
        48          0          0          0          0         68   cdrcmple.o
        56          0          0          0          0         88   d2f.o
       334          0          0          0          0        148   dadd.o
       222          0          0          0          0        100   ddiv.o
       186          0          0          0          0        176   depilogue.o
        48          0          0          0          0         68   dfixul.o
       228          0          0          0          0         96   dmul.o
        38          0          0          0          0         68   f2d.o
       110          0          0          0          0        168   fepilogue.o

    ----------------------------------------------------------------------
      6204        390         32          4          0       3864   Library Totals
        10          0          0          0          0          0   (incl. Padding)

    ----------------------------------------------------------------------

      Code (inc. data)   RO Data    RW Data    ZI Data      Debug   Library Name

      2262        280         32          0          0       1744   m_wm.l
      2662        110          0          4          0       1140   mc_w.l
      1270          0          0          0          0        980   mf_w.l

    ----------------------------------------------------------------------
      6204        390         32          4          0       3864   Library Totals

    ----------------------------------------------------------------------

==============================================================================


      Code (inc. data)   RO Data    RW Data    ZI Data      Debug   

     26312        466       2084         24       4256     186355   Grand Totals
     26312        466       2084         24       4256     186355   ELF Image Totals
     26312        466       2084         24          0          0   ROM Totals

==============================================================================

    Total RO  Size (Code + RO Data)                28396 (  27.73kB)
    Total RW  Size (RW Data + ZI Data)              4280 (   4.18kB)
    Total ROM Size (Code + RO Data + RW Data)      28420 (  27.75kB)

==============================================================================

