Component: Arm Compiler for Embedded 6.22 Tool: armlink [5ee90200]

==============================================================================

Section Cross References

    startup_stm32f407xx.o(RESET) refers to startup_stm32f407xx.o(STACK) for __initial_sp
    startup_stm32f407xx.o(RESET) refers to startup_stm32f407xx.o(.text) for Reset_Handler
    startup_stm32f407xx.o(RESET) refers to stm32f4xx_it.o(.text.NMI_Handler) for NMI_Handler
    startup_stm32f407xx.o(RESET) refers to stm32f4xx_it.o(.text.HardFault_Handler) for HardFault_Handler
    startup_stm32f407xx.o(RESET) refers to stm32f4xx_it.o(.text.MemManage_Handler) for MemManage_Handler
    startup_stm32f407xx.o(RESET) refers to stm32f4xx_it.o(.text.BusFault_Handler) for BusFault_Handler
    startup_stm32f407xx.o(RESET) refers to stm32f4xx_it.o(.text.UsageFault_Handler) for UsageFault_Handler
    startup_stm32f407xx.o(RESET) refers to stm32f4xx_it.o(.text.SVC_Handler) for SVC_Handler
    startup_stm32f407xx.o(RESET) refers to stm32f4xx_it.o(.text.DebugMon_Handler) for DebugMon_Handler
    startup_stm32f407xx.o(RESET) refers to stm32f4xx_it.o(.text.PendSV_Handler) for PendSV_Handler
    startup_stm32f407xx.o(RESET) refers to stm32f4xx_it.o(.text.SysTick_Handler) for SysTick_Handler
    startup_stm32f407xx.o(RESET) refers to stm32f4xx_it.o(.text.TIM3_IRQHandler) for TIM3_IRQHandler
    startup_stm32f407xx.o(.text) refers to system_stm32f4xx.o(.text.SystemInit) for SystemInit
    startup_stm32f407xx.o(.text) refers to __main.o(!!!main) for __main
    main.o(.text.main) refers to stm32f4xx_hal.o(.text.HAL_Init) for HAL_Init
    main.o(.text.main) refers to main.o(.text.SystemClock_Config) for SystemClock_Config
    main.o(.text.main) refers to gpio.o(.text.MX_GPIO_Init) for MX_GPIO_Init
    main.o(.text.main) refers to spi.o(.text.MX_SPI2_Init) for MX_SPI2_Init
    main.o(.text.main) refers to tim.o(.text.MX_TIM3_Init) for MX_TIM3_Init
    main.o(.text.main) refers to usart.o(.text.MX_USART2_UART_Init) for MX_USART2_UART_Init
    main.o(.text.main) refers to delay.o(.text.delay_init) for delay_init
    main.o(.text.main) refers to oled.o(.text.OLED_Init) for OLED_Init
    main.o(.text.main) refers to icm42688.o(.text.Icm42688_Init) for Icm42688_Init
    main.o(.text.main) refers to mahonyahrs.o(.text.Mahony_Init) for Mahony_Init
    main.o(.text.main) refers to tim.o(.bss.htim3) for htim3
    main.o(.text.main) refers to stm32f4xx_hal_tim.o(.text.HAL_TIM_Base_Start_IT) for HAL_TIM_Base_Start_IT
    main.o(.text.main) refers to interrupt.o(.bss.Roll) for Roll
    main.o(.text.main) refers to f2d.o(x$fpl$f2d) for __aeabi_f2d
    main.o(.text.main) refers to main.o(.bss.arr) for arr
    main.o(.text.main) refers to main.o(.rodata.str1.1) for .L.str
    main.o(.text.main) refers to sprintf.o(.text) for sprintf
    main.o(.text.main) refers to oled.o(.text.OLED_ShowString) for OLED_ShowString
    main.o(.text.main) refers to interrupt.o(.bss.Pitch) for Pitch
    main.o(.text.main) refers to interrupt.o(.bss.Yaw) for Yaw
    main.o(.text.main) refers to interrupt.o(.bss.Tis) for Tis
    main.o(.ARM.exidx.text.main) refers to main.o(.text.main) for [Anonymous Symbol]
    main.o(.text.SystemClock_Config) refers to rt_memclr_w.o(.text) for __aeabi_memclr4
    main.o(.text.SystemClock_Config) refers to stm32f4xx_hal_rcc.o(.text.HAL_RCC_OscConfig) for HAL_RCC_OscConfig
    main.o(.text.SystemClock_Config) refers to main.o(.text.Error_Handler) for Error_Handler
    main.o(.text.SystemClock_Config) refers to stm32f4xx_hal_rcc.o(.text.HAL_RCC_ClockConfig) for HAL_RCC_ClockConfig
    main.o(.ARM.exidx.text.SystemClock_Config) refers to main.o(.text.SystemClock_Config) for [Anonymous Symbol]
    main.o(.ARM.exidx.text.Error_Handler) refers to main.o(.text.Error_Handler) for [Anonymous Symbol]
    gpio.o(.text.MX_GPIO_Init) refers to stm32f4xx_hal_gpio.o(.text.HAL_GPIO_WritePin) for HAL_GPIO_WritePin
    gpio.o(.text.MX_GPIO_Init) refers to stm32f4xx_hal_gpio.o(.text.HAL_GPIO_Init) for HAL_GPIO_Init
    gpio.o(.ARM.exidx.text.MX_GPIO_Init) refers to gpio.o(.text.MX_GPIO_Init) for [Anonymous Symbol]
    spi.o(.text.MX_SPI2_Init) refers to spi.o(.bss.hspi2) for hspi2
    spi.o(.text.MX_SPI2_Init) refers to stm32f4xx_hal_spi.o(.text.HAL_SPI_Init) for HAL_SPI_Init
    spi.o(.text.MX_SPI2_Init) refers to main.o(.text.Error_Handler) for Error_Handler
    spi.o(.ARM.exidx.text.MX_SPI2_Init) refers to spi.o(.text.MX_SPI2_Init) for [Anonymous Symbol]
    spi.o(.text.HAL_SPI_MspInit) refers to stm32f4xx_hal_gpio.o(.text.HAL_GPIO_Init) for HAL_GPIO_Init
    spi.o(.ARM.exidx.text.HAL_SPI_MspInit) refers to spi.o(.text.HAL_SPI_MspInit) for [Anonymous Symbol]
    spi.o(.text.HAL_SPI_MspDeInit) refers to stm32f4xx_hal_gpio.o(.text.HAL_GPIO_DeInit) for HAL_GPIO_DeInit
    spi.o(.ARM.exidx.text.HAL_SPI_MspDeInit) refers to spi.o(.text.HAL_SPI_MspDeInit) for [Anonymous Symbol]
    tim.o(.text.MX_TIM3_Init) refers to tim.o(.bss.htim3) for htim3
[...]
    locale$$data                             0x08007af0   Section      272  lc_ctype_c.o(locale$$data)
    __lcctype_c_name                         0x08007af4   Data           2  lc_ctype_c.o(locale$$data)
    __lcctype_c_start                        0x08007afc   Data           0  lc_ctype_c.o(locale$$data)
    __lcctype_c_end                          0x08007c00   Data           0  lc_ctype_c.o(locale$$data)
    Get_MahonyAngle.State                    0x20000000   Data           1  icm42688.o(.data.Get_MahonyAngle.State)
    [Anonymous Symbol]                       0x20000000   Section        0  icm42688.o(.data.Get_MahonyAngle.State)
    .bss                                     0x20000010   Section       96  libspace.o(.bss)
    STACK                                    0x20000220   Section     3840  startup_stm32f407xx.o(STACK)

    Global Symbols

    Symbol Name                              Value     Ov Type        Size  Object(Section)

    BuildAttributes$$THM_ISAv4$E$P$D$K$B$S$7EM$VFPi3$EXTD16$VFPS$VFMA$PE$A:L22UL41UL21$X:L11$S22US41US21$IEEE1$IW$~IW$USESV6$~STKCKD$USESV7$~SHL$OTIME$ROPI$IEEEX$EBA8$UX$STANDARDLIB$REQ8$PRES8$EABIv2 0x00000000   Number         0  anon$$obj.o ABSOLUTE
    _printf_flags                            0x00000000   Number         0  printf_stubs.o ABSOLUTE
    _printf_return_value                     0x00000000   Number         0  printf_stubs.o ABSOLUTE
    _printf_sizespec                         0x00000000   Number         0  printf_stubs.o ABSOLUTE
    _printf_widthprec                        0x00000000   Number         0  printf_stubs.o ABSOLUTE
    Image$$ZI$$Limit                          - Undefined Weak Reference
    __ARM_exceptions_init                     - Undefined Weak Reference
    __alloca_initialize                       - Undefined Weak Reference
    __arm_preinit_                            - Undefined Weak Reference
    __arm_relocate_pie_                       - Undefined Weak Reference
    __cpp_initialize__aeabi_                  - Undefined Weak Reference
    __cxa_finalize                            - Undefined Weak Reference
    __sigvec_lookup                           - Undefined Weak Reference
    __user_heap_extent                        - Undefined Weak Reference
    _atexit_init                              - Undefined Weak Reference
    _call_atexit_fns                          - Undefined Weak Reference
    _clock_init                               - Undefined Weak Reference
    _fp_trap_init                             - Undefined Weak Reference
    _fp_trap_shutdown                         - Undefined Weak Reference
    _get_lc_collate                           - Undefined Weak Reference
    _get_lc_monetary                          - Undefined Weak Reference
    _get_lc_time                              - Undefined Weak Reference
    _getenv_init                              - Undefined Weak Reference
    _handle_redirection                       - Undefined Weak Reference
    _initio                                   - Undefined Weak Reference
    _mutex_acquire                            - Undefined Weak Reference
    _mutex_free                               - Undefined Weak Reference
    _mutex_release                            - Undefined Weak Reference
    _printf_mbtowc                            - Undefined Weak Reference
    _printf_wc                                - Undefined Weak Reference
    _rand_init                                - Undefined Weak Reference
    _signal_finish                            - Undefined Weak Reference
    _signal_init                              - Undefined Weak Reference
    _terminateio                              - Undefined Weak Reference
    __Vectors_Size                           0x00000188   Number         0  startup_stm32f407xx.o ABSOLUTE
    __Vectors                                0x08000000   Data           4  startup_stm32f407xx.o(RESET)
    __Vectors_End                            0x08000188   Data           0  startup_stm32f407xx.o(RESET)
    __main                                   0x08000189   Thumb Code     8  __main.o(!!!main)
    __scatterload                            0x08000191   Thumb Code     0  __scatter.o(!!!scatter)
    __scatterload_rt2                        0x08000191   Thumb Code    84  __scatter.o(!!!scatter)
    __scatterload_rt2_thumb_only             0x08000191   Thumb Code     0  __scatter.o(!!!scatter)
    __scatterload_loop                       0x0800019b   Thumb Code     0  __scatter.o(!!!scatter)
    __scatterload_copy                       0x080001ed   Thumb Code    26  __scatter_copy.o(!!handler_copy)
    __scatterload_null                       0x08000209   Thumb Code     2  __scatter.o(!!handler_null)
    __scatterload_zeroinit                   0x0800020d   Thumb Code    28  __scatter_zi.o(!!handler_zi)
    _printf_n                                0x08000229   Thumb Code     0  _printf_n.o(.ARM.Collect$$_printf_percent$$00000001)
    _printf_percent                          0x08000229   Thumb Code     0  _printf_percent.o(.ARM.Collect$$_printf_percent$$00000000)
    _printf_p                                0x0800022f   Thumb Code     0  _printf_p.o(.ARM.Collect$$_printf_percent$$00000002)
    _printf_f                                0x08000235   Thumb Code     0  _printf_f.o(.ARM.Collect$$_printf_percent$$00000003)
    _printf_e                                0x0800023b   Thumb Code     0  _printf_e.o(.ARM.Collect$$_printf_percent$$00000004)
    _printf_g                                0x08000241   Thumb Code     0  _printf_g.o(.ARM.Collect$$_printf_percent$$00000005)
    _printf_a                                0x08000247   Thumb Code     0  _printf_a.o(.ARM.Collect$$_printf_percent$$00000006)
    _printf_ll                               0x0800024d   Thumb Code     0  _printf_ll.o(.ARM.Collect$$_printf_percent$$00000007)
    _printf_i                                0x08000257   Thumb Code     0  _printf_i.o(.ARM.Collect$$_printf_percent$$00000008)
    _printf_d                                0x0800025d   Thumb Code     0  _printf_d.o(.ARM.Collect$$_printf_percent$$00000009)
    _printf_u                                0x08000263   Thumb Code     0  _printf_u.o(.ARM.Collect$$_printf_percent$$0000000A)
    _printf_o                                0x08000269   Thumb Code     0  _printf_o.o(.ARM.Collect$$_printf_percent$$0000000B)
    _printf_x                                0x0800026f   Thumb Code     0  _printf_x.o(.ARM.Collect$$_printf_percent$$0000000C)
    _printf_lli                              0x08000275   Thumb Code     0  _printf_lli.o(.ARM.Collect$$_printf_percent$$0000000D)
    _printf_lld                              0x0800027b   Thumb Code     0  _printf_lld.o(.ARM.Collect$$_printf_percent$$0000000E)
    _printf_llu                              0x08000281   Thumb Code     0  _printf_llu.o(.ARM.Collect$$_printf_percent$$0000000F)
    _printf_llo                              0x08000287   Thumb Code     0  _printf_llo.o(.ARM.Collect$$_printf_percent$$00000010)
    _printf_llx                              0x0800028d   Thumb Code     0  _printf_llx.o(.ARM.Collect$$_printf_percent$$00000011)
    _printf_l                                0x08000293   Thumb Code     0  _printf_l.o(.ARM.Collect$$_printf_percent$$00000012)
    _printf_c                                0x0800029d   Thumb Code     0  _printf_c.o(.ARM.Collect$$_printf_percent$$00000013)
    _printf_s                                0x080002a3   Thumb Code     0  _printf_s.o(.ARM.Collect$$_printf_percent$$00000014)
    _printf_lc                               0x080002a9   Thumb Code     0  _printf_lc.o(.ARM.Collect$$_printf_percent$$00000015)
    _printf_ls                               0x080002af   Thumb Code     0  _printf_ls.o(.ARM.Collect$$_printf_percent$$00000016)
    _printf_percent_end                      0x080002b5   Thumb Code     0  _printf_percent_end.o(.ARM.Collect$$_printf_percent$$00000017)
    __rt_lib_init                            0x080002b9   Thumb Code     0  libinit.o(.ARM.Collect$$libinit$$00000000)
    __rt_lib_init_fp_1                       0x080002bb   Thumb Code     0  libinit2.o(.ARM.Collect$$libinit$$00000001)
    __rt_lib_init_heap_1                     0x080002bf   Thumb Code     0  libinit2.o(.ARM.Collect$$libinit$$0000000C)
    __rt_lib_init_lc_common                  0x080002bf   Thumb Code     0  libinit2.o(.ARM.Collect$$libinit$$00000011)
    __rt_lib_init_preinit_1                  0x080002bf   Thumb Code     0  libinit2.o(.ARM.Collect$$libinit$$00000006)
    __rt_lib_init_rand_1                     0x080002bf   Thumb Code     0  libinit2.o(.ARM.Collect$$libinit$$00000010)
    __rt_lib_init_relocate_pie_1             0x080002bf   Thumb Code     0  libinit2.o(.ARM.Collect$$libinit$$00000004)
    __rt_lib_init_user_alloc_1               0x080002bf   Thumb Code     0  libinit2.o(.ARM.Collect$$libinit$$0000000E)
    __rt_lib_init_lc_collate_1               0x080002c5   Thumb Code     0  libinit2.o(.ARM.Collect$$libinit$$00000013)
    __rt_lib_init_lc_ctype_2                 0x080002c5   Thumb Code     0  libinit2.o(.ARM.Collect$$libinit$$00000014)
    __rt_lib_init_lc_ctype_1                 0x080002d1   Thumb Code     0  libinit2.o(.ARM.Collect$$libinit$$00000015)
    __rt_lib_init_lc_monetary_1              0x080002d1   Thumb Code     0  libinit2.o(.ARM.Collect$$libinit$$00000017)
    __rt_lib_init_lc_numeric_2               0x080002d1   Thumb Code     0  libinit2.o(.ARM.Collect$$libinit$$00000018)
    __rt_lib_init_alloca_1                   0x080002db   Thumb Code     0  libinit2.o(.ARM.Collect$$libinit$$00000030)
    __rt_lib_init_argv_1                     0x080002db   Thumb Code     0  libinit2.o(.ARM.Collect$$libinit$$0000002E)
    __rt_lib_init_atexit_1                   0x080002db   Thumb Code     0  libinit2.o(.ARM.Collect$$libinit$$0000001D)
    __rt_lib_init_clock_1                    0x080002db   Thumb Code     0  libinit2.o(.ARM.Collect$$libinit$$00000023)
    __rt_lib_init_cpp_1                      0x080002db   Thumb Code     0  libinit2.o(.ARM.Collect$$libinit$$00000034)
    __rt_lib_init_exceptions_1               0x080002db   Thumb Code     0  libinit2.o(.ARM.Collect$$libinit$$00000032)
    __rt_lib_init_fp_trap_1                  0x080002db   Thumb Code     0  libinit2.o(.ARM.Collect$$libinit$$00000021)
    __rt_lib_init_getenv_1                   0x080002db   Thumb Code     0  libinit2.o(.ARM.Collect$$libinit$$00000025)
    __rt_lib_init_lc_numeric_1               0x080002db   Thumb Code     0  libinit2.o(.ARM.Collect$$libinit$$00000019)
    __rt_lib_init_lc_time_1                  0x080002db   Thumb Code     0  libinit2.o(.ARM.Collect$$libinit$$0000001B)
    __rt_lib_init_return                     0x080002db   Thumb Code     0  libinit2.o(.ARM.Collect$$libinit$$00000035)
    __rt_lib_init_signal_1                   0x080002db   Thumb Code     0  libinit2.o(.ARM.Collect$$libinit$$0000001F)
    __rt_lib_init_stdio_1                    0x080002db   Thumb Code     0  libinit2.o(.ARM.Collect$$libinit$$00000027)
    __rt_lib_shutdown                        0x080002dd   Thumb Code     0  libshutdown.o(.ARM.Collect$$libshutdown$$00000000)
    __rt_lib_shutdown_cpp_1                  0x080002df   Thumb Code     0  libshutdown2.o(.ARM.Collect$$libshutdown$$00000002)
    __rt_lib_shutdown_fp_trap_1              0x080002df   Thumb Code     0  libshutdown2.o(.ARM.Collect$$libshutdown$$00000007)
    __rt_lib_shutdown_heap_1                 0x080002df   Thumb Code     0  libshutdown2.o(.ARM.Collect$$libshutdown$$0000000F)
    __rt_lib_shutdown_return                 0x080002df   Thumb Code     0  libshutdown2.o(.ARM.Collect$$libshutdown$$00000010)
    __rt_lib_shutdown_signal_1               0x080002df   Thumb Code     0  libshutdown2.o(.ARM.Collect$$libshutdown$$0000000A)
    __rt_lib_shutdown_stdio_1                0x080002df   Thumb Code     0  libshutdown2.o(.ARM.Collect$$libshutdown$$00000004)
    __rt_lib_shutdown_user_alloc_1           0x080002df   Thumb Code     0  libshutdown2.o(.ARM.Collect$$libshutdown$$0000000C)
    __rt_entry                               0x080002e1   Thumb Code     0  __rtentry.o(.ARM.Collect$$rtentry$$00000000)
    __rt_entry_presh_1                       0x080002e1   Thumb Code     0  __rtentry2.o(.ARM.Collect$$rtentry$$00000002)
    __rt_entry_sh                            0x080002e1   Thumb Code     0  __rtentry5.o(.ARM.Collect$$rtentry$$00000005)
    __rt_entry_li                            0x080002e5   Thumb Code     0  __rtentry2.o(.ARM.Collect$$rtentry$$0000000A)
    __rt_entry_postsh_1                      0x080002e5   Thumb Code     0  __rtentry2.o(.ARM.Collect$$rtentry$$00000009)
    __rt_entry_main                          0x080002e9   Thumb Code     0  __rtentry2.o(.ARM.Collect$$rtentry$$0000000D)
    __rt_entry_postli_1                      0x080002e9   Thumb Code     0  __rtentry2.o(.ARM.Collect$$rtentry$$0000000C)
    __rt_exit                                0x080002f5   Thumb Code     0  rtexit.o(.ARM.Collect$$rtexit$$00000000)
    __rt_exit_ls                             0x080002f7   Thumb Code     0  rtexit2.o(.ARM.Collect$$rtexit$$00000003)
    __rt_exit_prels_1                        0x080002f7   Thumb Code     0  rtexit2.o(.ARM.Collect$$rtexit$$00000002)
    __rt_exit_exit                           0x080002fb   Thumb Code     0  rtexit2.o(.ARM.Collect$$rtexit$$00000004)
    Reset_Handler                            0x08000301   Thumb Code     8  startup_stm32f407xx.o(.text)
    ADC_IRQHandler                           0x0800031b   Thumb Code     0  startup_stm32f407xx.o(.text)
    CAN1_RX0_IRQHandler                      0x0800031b   Thumb Code     0  startup_stm32f407xx.o(.text)
    CAN1_RX1_IRQHandler                      0x0800031b   Thumb Code     0  startup_stm32f407xx.o(.text)
    CAN1_SCE_IRQHandler                      0x0800031b   Thumb Code     0  startup_stm32f407xx.o(.text)
    CAN1_TX_IRQHandler                       0x0800031b   Thumb Code     0  startup_stm32f407xx.o(.text)
    CAN2_RX0_IRQHandler                      0x0800031b   Thumb Code     0  startup_stm32f407xx.o(.text)
    CAN2_RX1_IRQHandler                      0x0800031b   Thumb Code     0  startup_stm32f407xx.o(.text)
    CAN2_SCE_IRQHandler                      0x0800031b   Thumb Code     0  startup_stm32f407xx.o(.text)
    CAN2_TX_IRQHandler                       0x0800031b   Thumb Code     0  startup_stm32f407xx.o(.text)
    DCMI_IRQHandler                          0x0800031b   Thumb Code     0  startup_stm32f407xx.o(.text)
    DMA1_Stream0_IRQHandler                  0x0800031b   Thumb Code     0  startup_stm32f407xx.o(.text)
    DMA1_Stream1_IRQHandler                  0x0800031b   Thumb Code     0  startup_stm32f407xx.o(.text)
    DMA1_Stream2_IRQHandler                  0x0800031b   Thumb Code     0  startup_stm32f407xx.o(.text)
    DMA1_Stream3_IRQHandler                  0x0800031b   Thumb Code     0  startup_stm32f407xx.o(.text)
    DMA1_Stream4_IRQHandler                  0x0800031b   Thumb Code     0  startup_stm32f407xx.o(.text)
    DMA1_Stream5_IRQHandler                  0x0800031b   Thumb Code     0  startup_stm32f407xx.o(.text)
    DMA1_Stream6_IRQHandler                  0x0800031b   Thumb Code     0  startup_stm32f407xx.o(.text)
    DMA1_Stream7_IRQHandler                  0x0800031b   Thumb Code     0  startup_stm32f407xx.o(.text)
    DMA2_Stream0_IRQHandler                  0x0800031b   Thumb Code     0  startup_stm32f407xx.o(.text)
    DMA2_Stream1_IRQHandler                  0x0800031b   Thumb Code     0  startup_stm32f407xx.o(.text)
    DMA2_Stream2_IRQHandler                  0x0800031b   Thumb Code     0  startup_stm32f407xx.o(.text)
    DMA2_Stream3_IRQHandler                  0x0800031b   Thumb Code     0  startup_stm32f407xx.o(.text)
    DMA2_Stream4_IRQHandler                  0x0800031b   Thumb Code     0  startup_stm32f407xx.o(.text)
    DMA2_Stream5_IRQHandler                  0x0800031b   Thumb Code     0  startup_stm32f407xx.o(.text)
    DMA2_Stream6_IRQHandler                  0x0800031b   Thumb Code     0  startup_stm32f407xx.o(.text)
    DMA2_Stream7_IRQHandler                  0x0800031b   Thumb Code     0  startup_stm32f407xx.o(.text)
    ETH_IRQHandler                           0x0800031b   Thumb Code     0  startup_stm32f407xx.o(.text)
    ETH_WKUP_IRQHandler                      0x0800031b   Thumb Code     0  startup_stm32f407xx.o(.text)
    EXTI0_IRQHandler                         0x0800031b   Thumb Code     0  startup_stm32f407xx.o(.text)
    EXTI15_10_IRQHandler                     0x0800031b   Thumb Code     0  startup_stm32f407xx.o(.text)
    EXTI1_IRQHandler                         0x0800031b   Thumb Code     0  startup_stm32f407xx.o(.text)
    EXTI2_IRQHandler                         0x0800031b   Thumb Code     0  startup_stm32f407xx.o(.text)
    EXTI3_IRQHandler                         0x0800031b   Thumb Code     0  startup_stm32f407xx.o(.text)
    EXTI4_IRQHandler                         0x0800031b   Thumb Code     0  startup_stm32f407xx.o(.text)
    EXTI9_5_IRQHandler                       0x0800031b   Thumb Code     0  startup_stm32f407xx.o(.text)
    FLASH_IRQHandler                         0x0800031b   Thumb Code     0  startup_stm32f407xx.o(.text)
    FMC_IRQHandler                           0x0800031b   Thumb Code     0  startup_stm32f407xx.o(.text)
    FPU_IRQHandler                           0x0800031b   Thumb Code     0  startup_stm32f407xx.o(.text)
    HASH_RNG_IRQHandler                      0x0800031b   Thumb Code     0  startup_stm32f407xx.o(.text)
    I2C1_ER_IRQHandler                       0x0800031b   Thumb Code     0  startup_stm32f407xx.o(.text)
    I2C1_EV_IRQHandler                       0x0800031b   Thumb Code     0  startup_stm32f407xx.o(.text)
    I2C2_ER_IRQHandler                       0x0800031b   Thumb Code     0  startup_stm32f407xx.o(.text)
    I2C2_EV_IRQHandler                       0x0800031b   Thumb Code     0  startup_stm32f407xx.o(.text)
    I2C3_ER_IRQHandler                       0x0800031b   Thumb Code     0  startup_stm32f407xx.o(.text)
    I2C3_EV_IRQHandler                       0x0800031b   Thumb Code     0  startup_stm32f407xx.o(.text)
    OTG_FS_IRQHandler                        0x0800031b   Thumb Code     0  startup_stm32f407xx.o(.text)
    OTG_FS_WKUP_IRQHandler                   0x0800031b   Thumb Code     0  startup_stm32f407xx.o(.text)
    OTG_HS_EP1_IN_IRQHandler                 0x0800031b   Thumb Code     0  startup_stm32f407xx.o(.text)
    OTG_HS_EP1_OUT_IRQHandler                0x0800031b   Thumb Code     0  startup_stm32f407xx.o(.text)
    OTG_HS_IRQHandler                        0x0800031b   Thumb Code     0  startup_stm32f407xx.o(.text)
    OTG_HS_WKUP_IRQHandler                   0x0800031b   Thumb Code     0  startup_stm32f407xx.o(.text)
    PVD_IRQHandler                           0x0800031b   Thumb Code     0  startup_stm32f407xx.o(.text)
    RCC_IRQHandler                           0x0800031b   Thumb Code     0  startup_stm32f407xx.o(.text)
    RTC_Alarm_IRQHandler                     0x0800031b   Thumb Code     0  startup_stm32f407xx.o(.text)
    RTC_WKUP_IRQHandler                      0x0800031b   Thumb Code     0  startup_stm32f407xx.o(.text)
    SDIO_IRQHandler                          0x0800031b   Thumb Code     0  startup_stm32f407xx.o(.text)
    SPI1_IRQHandler                          0x0800031b   Thumb Code     0  startup_stm32f407xx.o(.text)
    SPI2_IRQHandler                          0x0800031b   Thumb Code     0  startup_stm32f407xx.o(.text)
    SPI3_IRQHandler                          0x0800031b   Thumb Code     0  startup_stm32f407xx.o(.text)
    TAMP_STAMP_IRQHandler                    0x0800031b   Thumb Code     0  startup_stm32f407xx.o(.text)
    TIM1_BRK_TIM9_IRQHandler                 0x0800031b   Thumb Code     0  startup_stm32f407xx.o(.text)
    TIM1_CC_IRQHandler                       0x0800031b   Thumb Code     0  startup_stm32f407xx.o(.text)
    TIM1_TRG_COM_TIM11_IRQHandler            0x0800031b   Thumb Code     0  startup_stm32f407xx.o(.text)
    TIM1_UP_TIM10_IRQHandler                 0x0800031b   Thumb Code     0  startup_stm32f407xx.o(.text)
    TIM2_IRQHandler                          0x0800031b   Thumb Code     0  startup_stm32f407xx.o(.text)
    TIM4_IRQHandler                          0x0800031b   Thumb Code     0  startup_stm32f407xx.o(.text)
    TIM5_IRQHandler                          0x0800031b   Thumb Code     0  startup_stm32f407xx.o(.text)
    TIM6_DAC_IRQHandler                      0x0800031b   Thumb Code     0  startup_stm32f407xx.o(.text)
    TIM7_IRQHandler                          0x0800031b   Thumb Code     0  startup_stm32f407xx.o(.text)
    TIM8_BRK_TIM12_IRQHandler                0x0800031b   Thumb Code     0  startup_stm32f407xx.o(.text)
    TIM8_CC_IRQHandler                       0x0800031b   Thumb Code     0  startup_stm32f407xx.o(.text)
    TIM8_TRG_COM_TIM14_IRQHandler            0x0800031b   Thumb Code     0  startup_stm32f407xx.o(.text)
    TIM8_UP_TIM13_IRQHandler                 0x0800031b   Thumb Code     0  startup_stm32f407xx.o(.text)
    UART4_IRQHandler                         0x0800031b   Thumb Code     0  startup_stm32f407xx.o(.text)
    UART5_IRQHandler                         0x0800031b   Thumb Code     0  startup_stm32f407xx.o(.text)
    USART1_IRQHandler                        0x0800031b   Thumb Code     0  startup_stm32f407xx.o(.text)
    USART2_IRQHandler                        0x0800031b   Thumb Code     0  startup_stm32f407xx.o(.text)
    USART3_IRQHandler                        0x0800031b   Thumb Code     0  startup_stm32f407xx.o(.text)
    USART6_IRQHandler                        0x0800031b   Thumb Code     0  startup_stm32f407xx.o(.text)
    WWDG_IRQHandler                          0x0800031b   Thumb Code     0  startup_stm32f407xx.o(.text)
    __aeabi_uldivmod                         0x08000325   Thumb Code     0  lludivv7m.o(.text)
    _ll_udiv                                 0x08000325   Thumb Code   240  lludivv7m.o(.text)
    sprintf                                  0x08000415   Thumb Code    38  sprintf.o(.text)
    __aeabi_memclr4                          0x08000441   Thumb Code     0  rt_memclr_w.o(.text)
    __aeabi_memclr8                          0x08000441   Thumb Code     0  rt_memclr_w.o(.text)
    __rt_memclr_w                            0x08000441   Thumb Code     0  rt_memclr_w.o(.text)
    _memset_w                                0x08000445   Thumb Code    74  rt_memclr_w.o(.text)
    __read_errno                             0x0800048f   Thumb Code    10  _rserrno.o(.text)
    __set_errno                              0x08000499   Thumb Code    12  _rserrno.o(.text)
    _printf_pre_padding                      0x080004a5   Thumb Code    44  _printf_pad.o(.text)
    _printf_post_padding                     0x080004d1   Thumb Code    34  _printf_pad.o(.text)
    _printf_truncate_signed                  0x080004f3   Thumb Code    18  _printf_truncate.o(.text)
    _printf_truncate_unsigned                0x08000505   Thumb Code    18  _printf_truncate.o(.text)
    _printf_str                              0x08000517   Thumb Code    82  _printf_str.o(.text)
    _printf_int_dec                          0x08000569   Thumb Code   104  _printf_dec.o(.text)
    _printf_charcount                        0x080005e1   Thumb Code    40  _printf_charcount.o(.text)
    _printf_char_common                      0x08000613   Thumb Code    32  _printf_char_common.o(.text)
    _sputc                                   0x08000639   Thumb Code    10  _sputc.o(.text)
    _printf_wctomb                           0x08000645   Thumb Code   182  _printf_wctomb.o(.text)
    _printf_longlong_dec                     0x08000701   Thumb Code   108  _printf_longlong_dec.o(.text)
    _printf_longlong_oct                     0x0800077d   Thumb Code    68  _printf_oct_int_ll.o(.text)
    _printf_int_oct                          0x080007c1   Thumb Code    24  _printf_oct_int_ll.o(.text)
    _printf_ll_oct                           0x080007d9   Thumb Code    12  _printf_oct_int_ll.o(.text)
    _printf_longlong_hex                     0x080007ed   Thumb Code    86  _printf_hex_int_ll_ptr.o(.text)
    _printf_int_hex                          0x08000843   Thumb Code    28  _printf_hex_int_ll_ptr.o(.text)
    _printf_ll_hex                           0x0800085f   Thumb Code    12  _printf_hex_int_ll_ptr.o(.text)
    _printf_hex_ptr                          0x0800086b   Thumb Code    18  _printf_hex_int_ll_ptr.o(.text)
    __printf                                 0x08000881   Thumb Code   388  __printf_flags_ss_wp.o(.text)
    __aeabi_errno_addr                       0x08000a09   Thumb Code     8  rt_errno_addr_intlibspace.o(.text)
    __errno$intlibspace                      0x08000a09   Thumb Code     0  rt_errno_addr_intlibspace.o(.text)
    __rt_errno_addr$intlibspace              0x08000a09   Thumb Code     0  rt_errno_addr_intlibspace.o(.text)
    _ll_udiv10                               0x08000a11   Thumb Code   138  lludiv10.o(.text)
    _printf_int_common                       0x08000a9b   Thumb Code   178  _printf_intcommon.o(.text)
    _printf_fp_dec_real                      0x08000cfd   Thumb Code   620  _printf_fp_dec.o(.text)
    _printf_fp_hex_real                      0x08000f69   Thumb Code   756  _printf_fp_hex.o(.text)
    _printf_cs_common                        0x08001265   Thumb Code    20  _printf_char.o(.text)
    _printf_char                             0x08001279   Thumb Code    16  _printf_char.o(.text)
    _printf_string                           0x08001289   Thumb Code     8  _printf_char.o(.text)
    _printf_lcs_common                       0x08001291   Thumb Code    20  _printf_wchar.o(.text)
    _printf_wchar                            0x080012a5   Thumb Code    16  _printf_wchar.o(.text)
    _printf_wstring                          0x080012b5   Thumb Code     8  _printf_wchar.o(.text)
    _c16rtomb                                0x080012bd   Thumb Code    72  _c16rtomb.o(.text)
    _wcrtomb                                 0x080012bd   Thumb Code     0  _c16rtomb.o(.text)
    __I$use$semihosting                      0x08001305   Thumb Code     0  use_no_semi.o(.text)
    __use_no_semihosting_swi                 0x08001305   Thumb Code     2  use_no_semi.o(.text)
    __semihosting_library_function           0x08001307   Thumb Code     0  indicate_semi.o(.text)
    __rt_ctype_table                         0x08001309   Thumb Code    16  rt_ctype_table.o(.text)
    __rt_locale                              0x08001319   Thumb Code     8  rt_locale_intlibspace.o(.text)
    _printf_fp_infnan                        0x08001321   Thumb Code   112  _printf_fp_infnan.o(.text)
    _btod_etento                             0x080013a1   Thumb Code   224  bigflt0.o(.text)
    exit                                     0x08001485   Thumb Code    18  exit.o(.text)
    _sys_exit                                0x08001499   Thumb Code     8  sys_exit.o(.text)
    strcmp                                   0x080014a9   Thumb Code   124  strcmpv7em.o(.text)
    BusFault_Handler                         0x08001525   Thumb Code     4  stm32f4xx_it.o(.text.BusFault_Handler)
    DebugMon_Handler                         0x08001529   Thumb Code     2  stm32f4xx_it.o(.text.DebugMon_Handler)
    Error_Handler                            0x0800152d   Thumb Code     6  main.o(.text.Error_Handler)
    Get_Acc_ICM42688                         0x08001535   Thumb Code   122  icm42688.o(.text.Get_Acc_ICM42688)
    Get_Gyro_ICM42688                        0x080015b1   Thumb Code   122  icm42688.o(.text.Get_Gyro_ICM42688)
    Get_MahonyAngle                          0x0800162d   Thumb Code   640  icm42688.o(.text.Get_MahonyAngle)
    HAL_Delay                                0x080018b5   Thumb Code    66  stm32f4xx_hal.o(.text.HAL_Delay)
    HAL_GPIO_Init                            0x080018f9   Thumb Code   950  stm32f4xx_hal_gpio.o(.text.HAL_GPIO_Init)
    HAL_GPIO_WritePin                        0x08001cb1   Thumb Code    46  stm32f4xx_hal_gpio.o(.text.HAL_GPIO_WritePin)
    HAL_GetTick                              0x08001ce1   Thumb Code    12  stm32f4xx_hal.o(.text.HAL_GetTick)
    HAL_IncTick                              0x08001ced   Thumb Code    26  stm32f4xx_hal.o(.text.HAL_IncTick)
    HAL_Init                                 0x08001d09   Thumb Code    54  stm32f4xx_hal.o(.text.HAL_Init)
    HAL_InitTick                             0x08001d41   Thumb Code   112  stm32f4xx_hal.o(.text.HAL_InitTick)
    HAL_MspInit                              0x08001db1   Thumb Code    74  stm32f4xx_hal_msp.o(.text.HAL_MspInit)
    HAL_NVIC_EnableIRQ                       0x08001dfd   Thumb Code    20  stm32f4xx_hal_cortex.o(.text.HAL_NVIC_EnableIRQ)
    HAL_NVIC_SetPriority                     0x08001e11   Thumb Code    50  stm32f4xx_hal_cortex.o(.text.HAL_NVIC_SetPriority)
    HAL_NVIC_SetPriorityGrouping             0x08001e45   Thumb Code    16  stm32f4xx_hal_cortex.o(.text.HAL_NVIC_SetPriorityGrouping)
    HAL_RCC_ClockConfig                      0x08001e55   Thumb Code   610  stm32f4xx_hal_rcc.o(.text.HAL_RCC_ClockConfig)
    HAL_RCC_GetHCLKFreq                      0x080020b9   Thumb Code    12  stm32f4xx_hal_rcc.o(.text.HAL_RCC_GetHCLKFreq)
    HAL_RCC_GetPCLK1Freq                     0x080020c5   Thumb Code    34  stm32f4xx_hal_rcc.o(.text.HAL_RCC_GetPCLK1Freq)
    HAL_RCC_GetPCLK2Freq                     0x080020e9   Thumb Code    34  stm32f4xx_hal_rcc.o(.text.HAL_RCC_GetPCLK2Freq)
    HAL_RCC_GetSysClockFreq                  0x0800210d   Thumb Code   230  stm32f4xx_hal_rcc.o(.text.HAL_RCC_GetSysClockFreq)
    HAL_RCC_OscConfig                        0x080021f5   Thumb Code  1726  stm32f4xx_hal_rcc.o(.text.HAL_RCC_OscConfig)
    HAL_SPI_Init                             0x080028b5   Thumb Code   258  stm32f4xx_hal_spi.o(.text.HAL_SPI_Init)
    HAL_SPI_MspInit                          0x080029b9   Thumb Code   230  spi.o(.text.HAL_SPI_MspInit)
    HAL_SPI_TransmitReceive                  0x08002aa1   Thumb Code   904  stm32f4xx_hal_spi.o(.text.HAL_SPI_TransmitReceive)
    HAL_SYSTICK_Config                       0x08002e29   Thumb Code    16  stm32f4xx_hal_cortex.o(.text.HAL_SYSTICK_Config)
    HAL_TIMEx_BreakCallback                  0x08002e39   Thumb Code     8  stm32f4xx_hal_tim_ex.o(.text.HAL_TIMEx_BreakCallback)
    HAL_TIMEx_CommutCallback                 0x08002e41   Thumb Code     8  stm32f4xx_hal_tim_ex.o(.text.HAL_TIMEx_CommutCallback)
    HAL_TIMEx_MasterConfigSynchronization    0x08002e49   Thumb Code   290  stm32f4xx_hal_tim_ex.o(.text.HAL_TIMEx_MasterConfigSynchronization)
    HAL_TIM_Base_Init                        0x08002f6d   Thumb Code   156  stm32f4xx_hal_tim.o(.text.HAL_TIM_Base_Init)
    HAL_TIM_Base_MspInit                     0x08003009   Thumb Code    82  tim.o(.text.HAL_TIM_Base_MspInit)
    HAL_TIM_Base_Start_IT                    0x0800305d   Thumb Code   246  stm32f4xx_hal_tim.o(.text.HAL_TIM_Base_Start_IT)
    HAL_TIM_ConfigClockSource                0x08003155   Thumb Code   388  stm32f4xx_hal_tim.o(.text.HAL_TIM_ConfigClockSource)
    HAL_TIM_IC_CaptureCallback               0x080032d9   Thumb Code     8  stm32f4xx_hal_tim.o(.text.HAL_TIM_IC_CaptureCallback)
    HAL_TIM_IRQHandler                       0x080032e1   Thumb Code   538  stm32f4xx_hal_tim.o(.text.HAL_TIM_IRQHandler)
    HAL_TIM_OC_DelayElapsedCallback          0x080034fd   Thumb Code     8  stm32f4xx_hal_tim.o(.text.HAL_TIM_OC_DelayElapsedCallback)
    HAL_TIM_PWM_PulseFinishedCallback        0x08003505   Thumb Code     8  stm32f4xx_hal_tim.o(.text.HAL_TIM_PWM_PulseFinishedCallback)
    HAL_TIM_PeriodElapsedCallback            0x0800350d   Thumb Code   108  interrupt.o(.text.HAL_TIM_PeriodElapsedCallback)
    HAL_TIM_TriggerCallback                  0x08003579   Thumb Code     8  stm32f4xx_hal_tim.o(.text.HAL_TIM_TriggerCallback)
    HAL_UART_Init                            0x08003581   Thumb Code   158  stm32f4xx_hal_uart.o(.text.HAL_UART_Init)
    HAL_UART_MspInit                         0x08003621   Thumb Code   142  usart.o(.text.HAL_UART_MspInit)
    HardFault_Handler                        0x080036b1   Thumb Code     4  stm32f4xx_it.o(.text.HardFault_Handler)
    Icm42688_Init                            0x080036b5   Thumb Code   348  icm42688.o(.text.Icm42688_Init)
    Icm_Spi_ReadWriteNbytes                  0x08003811   Thumb Code    72  icm42688.o(.text.Icm_Spi_ReadWriteNbytes)
    MX_GPIO_Init                             0x08003859   Thumb Code   410  gpio.o(.text.MX_GPIO_Init)
    MX_SPI2_Init                             0x080039f5   Thumb Code    78  spi.o(.text.MX_SPI2_Init)
    MX_TIM3_Init                             0x08003a45   Thumb Code   130  tim.o(.text.MX_TIM3_Init)
    MX_USART2_UART_Init                      0x08003ac9   Thumb Code    64  usart.o(.text.MX_USART2_UART_Init)
    MahonyAHRSinit                           0x08003b09   Thumb Code   990  mahonyahrs.o(.text.MahonyAHRSinit)
    MahonyAHRSupdateIMU                      0x08003ee9   Thumb Code  1160  mahonyahrs.o(.text.MahonyAHRSupdateIMU)
    Mahony_Init                              0x08004371   Thumb Code   130  mahonyahrs.o(.text.Mahony_Init)
    Mahony_computeAngles                     0x080043f5   Thumb Code   304  mahonyahrs.o(.text.Mahony_computeAngles)
    Mahony_invSqrt                           0x08004529   Thumb Code   118  mahonyahrs.o(.text.Mahony_invSqrt)
    Mahony_update                            0x080045a1   Thumb Code  1980  mahonyahrs.o(.text.Mahony_update)
    MemManage_Handler                        0x08004d5d   Thumb Code     4  stm32f4xx_it.o(.text.MemManage_Handler)
    NMI_Handler                              0x08004d61   Thumb Code     4  stm32f4xx_it.o(.text.NMI_Handler)
    OLED_Clear                               0x08004dd1   Thumb Code    90  oled.o(.text.OLED_Clear)
    OLED_I2C_Init                            0x08004e2d   Thumb Code    22  oled.o(.text.OLED_I2C_Init)
    OLED_I2C_SendByte                        0x08004e45   Thumb Code    86  oled.o(.text.OLED_I2C_SendByte)
    OLED_I2C_Start                           0x08004e9d   Thumb Code    36  oled.o(.text.OLED_I2C_Start)
    OLED_I2C_Stop                            0x08004ec1   Thumb Code    28  oled.o(.text.OLED_I2C_Stop)
    OLED_Init                                0x08004edd   Thumb Code   206  oled.o(.text.OLED_Init)
    OLED_SetCursor                           0x08004fad   Thumb Code    52  oled.o(.text.OLED_SetCursor)
    OLED_ShowChar                            0x08004fe1   Thumb Code   220  oled.o(.text.OLED_ShowChar)
    OLED_ShowString                          0x080050bd   Thumb Code    76  oled.o(.text.OLED_ShowString)
    OLED_W_SCL                               0x08005109   Thumb Code    38  oled.o(.text.OLED_W_SCL)
    OLED_W_SDA                               0x08005131   Thumb Code    38  oled.o(.text.OLED_W_SDA)
    OLED_WriteCommand                        0x08005159   Thumb Code    40  oled.o(.text.OLED_WriteCommand)
    OLED_WriteData                           0x08005181   Thumb Code    40  oled.o(.text.OLED_WriteData)
    PendSV_Handler                           0x080051a9   Thumb Code     2  stm32f4xx_it.o(.text.PendSV_Handler)
    SVC_Handler                              0x080053a5   Thumb Code     2  stm32f4xx_it.o(.text.SVC_Handler)
    SysTick_Handler                          0x080053fd   Thumb Code     8  stm32f4xx_it.o(.text.SysTick_Handler)
    SystemClock_Config                       0x08005405   Thumb Code   186  main.o(.text.SystemClock_Config)
    SystemInit                               0x080054c1   Thumb Code    18  system_stm32f4xx.o(.text.SystemInit)
    TIM3_IRQHandler                          0x080054d5   Thumb Code    16  stm32f4xx_it.o(.text.TIM3_IRQHandler)
    TIM_Base_SetConfig                       0x080054e5   Thumb Code   432  stm32f4xx_hal_tim.o(.text.TIM_Base_SetConfig)
    TIM_ETR_SetConfig                        0x08005695   Thumb Code    52  stm32f4xx_hal_tim.o(.text.TIM_ETR_SetConfig)
    UsageFault_Handler                       0x080058d5   Thumb Code     4  stm32f4xx_it.o(.text.UsageFault_Handler)
    arm_atan2_f32                            0x080059bd   Thumb Code  1252  fastmathfunctions.o(.text.arm_atan2_f32)
    delay_init                               0x08005ead   Thumb Code    32  delay.o(.text.delay_init)
    delay_us                                 0x08005ecd   Thumb Code    40  delay.o(.text.delay_us)
    hal_Spi1_ReadWriteByte                   0x08005ef5   Thumb Code    50  icm42688.o(.text.hal_Spi1_ReadWriteByte)
    icm42688_read_regs                       0x08005f29   Thumb Code    84  icm42688.o(.text.icm42688_read_regs)
    icm42688_writeReg                        0x08005f7d   Thumb Code    28  icm42688.o(.text.icm42688_writeReg)
    icm42688_write_reg                       0x08005f99   Thumb Code    74  icm42688.o(.text.icm42688_write_reg)
    main                                     0x08006019   Thumb Code   268  main.o(.text.main)
    _btod_d2e                                0x08006129   Thumb Code    62  btod.o(CL$$btod_d2e)
    _d2e_denorm_low                          0x08006167   Thumb Code    70  btod.o(CL$$btod_d2e_denorm_low)
    _d2e_norm_op1                            0x080061ad   Thumb Code    96  btod.o(CL$$btod_d2e_norm_op1)
    __btod_div_common                        0x0800620d   Thumb Code   696  btod.o(CL$$btod_div_common)
    _e2e                                     0x08006545   Thumb Code   220  btod.o(CL$$btod_e2e)
    _btod_ediv                               0x08006621   Thumb Code    42  btod.o(CL$$btod_ediv)
    _btod_emul                               0x0800664b   Thumb Code    42  btod.o(CL$$btod_emul)
    __btod_mult_common                       0x08006675   Thumb Code   580  btod.o(CL$$btod_mult_common)
    __ARM_fpclassify                         0x080068b9   Thumb Code    48  fpclassify.o(i.__ARM_fpclassify)
    __ARM_fpclassifyf                        0x080068e9   Thumb Code    38  fpclassifyf.o(i.__ARM_fpclassifyf)
    __hardfp_asinf                           0x08006911   Thumb Code   258  asinf.o(i.__hardfp_asinf)
    __hardfp_atan2f                          0x08006a3d   Thumb Code   594  atan2f.o(i.__hardfp_atan2f)
    __hardfp_cosf                            0x08006ce9   Thumb Code   280  cosf.o(i.__hardfp_cosf)
    __hardfp_sinf                            0x08006e39   Thumb Code   344  sinf.o(i.__hardfp_sinf)
    __hardfp_sqrtf                           0x08006fc9   Thumb Code    58  sqrtf.o(i.__hardfp_sqrtf)
    __mathlib_flt_infnan                     0x08007003   Thumb Code     6  funder.o(i.__mathlib_flt_infnan)
    __mathlib_flt_infnan2                    0x08007009   Thumb Code     6  funder.o(i.__mathlib_flt_infnan2)
    __mathlib_flt_invalid                    0x08007011   Thumb Code    10  funder.o(i.__mathlib_flt_invalid)
    __mathlib_flt_underflow                  0x08007021   Thumb Code    10  funder.o(i.__mathlib_flt_underflow)
    __mathlib_rredf2                         0x08007031   Thumb Code   316  rredf.o(i.__mathlib_rredf2)
    _is_digit                                0x08007185   Thumb Code    14  __printf_wp.o(i._is_digit)
    sqrtf                                    0x08007193   Thumb Code    62  sqrtf.o(i.sqrtf)
    _get_lc_numeric                          0x080071d1   Thumb Code    44  lc_numeric_c.o(locale$$code)
    _get_lc_ctype                            0x080071fd   Thumb Code    44  lc_ctype_c.o(locale$$code)
    __fpl_dretinf                            0x08007229   Thumb Code    12  dretinf.o(x$fpl$dretinf)
    __aeabi_f2d                              0x08007235   Thumb Code     0  f2d.o(x$fpl$f2d)
    _f2d                                     0x08007235   Thumb Code    86  f2d.o(x$fpl$f2d)
    __fpl_fnaninf                            0x0800728b   Thumb Code   140  fnaninf.o(x$fpl$fnaninf)
    _fp_init                                 0x08007317   Thumb Code    26  fpinit.o(x$fpl$fpinit)
    __fplib_config_fpu_vfp                   0x0800732f   Thumb Code     0  fpinit.o(x$fpl$fpinit)
    __fplib_config_pureend_doubles           0x0800732f   Thumb Code     0  fpinit.o(x$fpl$fpinit)
    _printf_fp_dec                           0x08007331   Thumb Code     4  printf1.o(x$fpl$printf1)
    _printf_fp_hex                           0x08007335   Thumb Code     4  printf2.o(x$fpl$printf2)
    __I$use$fp                               0x08007338   Number         0  usenofp.o(x$fpl$usenofp)
    AHBPrescTable                            0x08007458   Data          16  system_stm32f4xx.o(.rodata.AHBPrescTable)
    APBPrescTable                            0x08007468   Data           8  system_stm32f4xx.o(.rodata.APBPrescTable)
    OLED_F8x16                               0x08007470   Data        1520  oled.o(.rodata.OLED_F8x16)
    Region$$Table$$Base                      0x08007ab4   Number         0  anon$$obj.o(Region$$Table)
    Region$$Table$$Limit                     0x08007ad4   Number         0  anon$$obj.o(Region$$Table)
    __ctype                                  0x08007afd   Data           0  lc_ctype_c.o(locale$$data)
    SystemCoreClock                          0x20000004   Data           4  system_stm32f4xx.o(.data.SystemCoreClock)
    uwTickFreq                               0x20000008   Data           1  stm32f4xx_hal.o(.data.uwTickFreq)
    uwTickPrio                               0x2000000c   Data           4  stm32f4xx_hal.o(.data.uwTickPrio)
    __libspace_start                         0x20000010   Data          96  libspace.o(.bss)
    AccelCal                                 0x20000070   Data          12  icm42688.o(.bss.AccelCal)
    __temporary_stack_top$libspace           0x20000070   Data           0  libspace.o(.bss)
    AccelCorrected                           0x2000007c   Data          12  icm42688.o(.bss.AccelCorrected)
    GyroCal                                  0x20000088   Data          12  icm42688.o(.bss.GyroCal)
    GyroCorrected                            0x20000094   Data          12  icm42688.o(.bss.GyroCorrected)
    LSB_ACC_GYRO                             0x200000a0   Data           8  icm42688.o(.bss.LSB_ACC_GYRO)
    Pitch                                    0x200000a8   Data           4  interrupt.o(.bss.Pitch)
    Roll                                     0x200000ac   Data           4  interrupt.o(.bss.Roll)
    Tis                                      0x200000b0   Data           4  interrupt.o(.bss.Tis)
    Yaw                                      0x200000b4   Data           4  interrupt.o(.bss.Yaw)
    anglesComputed                           0x200000b8   Data           1  mahonyahrs.o(.bss.anglesComputed)
    arr                                      0x200000b9   Data          20  main.o(.bss.arr)
    correct_times                            0x200000d0   Data           4  icm42688.o(.bss.correct_times)
    first_mahony                             0x200000d4   Data           1  icm42688.o(.bss.first_mahony)
    gyro_correct                             0x200000d8   Data          12  icm42688.o(.bss.gyro_correct)
    hspi2                                    0x200000e4   Data          88  spi.o(.bss.hspi2)
    htim3                                    0x2000013c   Data          72  tim.o(.bss.htim3)
    huart2                                   0x20000184   Data          72  usart.o(.bss.huart2)
    icm42688_acc_x                           0x200001cc   Data           4  icm42688.o(.bss.icm42688_acc_x)
    icm42688_acc_y                           0x200001d0   Data           4  icm42688.o(.bss.icm42688_acc_y)
    icm42688_acc_z                           0x200001d4   Data           4  icm42688.o(.bss.icm42688_acc_z)
    icm42688_gyro_x                          0x200001d8   Data           4  icm42688.o(.bss.icm42688_gyro_x)
    icm42688_gyro_y                          0x200001dc   Data           4  icm42688.o(.bss.icm42688_gyro_y)
    icm42688_gyro_z                          0x200001e0   Data           4  icm42688.o(.bss.icm42688_gyro_z)
    integralFBx                              0x200001e4   Data           4  mahonyahrs.o(.bss.integralFBx)
    integralFBy                              0x200001e8   Data           4  mahonyahrs.o(.bss.integralFBy)
    integralFBz                              0x200001ec   Data           4  mahonyahrs.o(.bss.integralFBz)
    invSampleFreq                            0x200001f0   Data           4  mahonyahrs.o(.bss.invSampleFreq)
    multiplier                               0x200001f4   Data           4  delay.o(.bss.multiplier)
    pitch_mahony                             0x200001f8   Data           4  mahonyahrs.o(.bss.pitch_mahony)
    q0                                       0x200001fc   Data           4  mahonyahrs.o(.bss.q0)
    q1                                       0x20000200   Data           4  mahonyahrs.o(.bss.q1)
    q2                                       0x20000204   Data           4  mahonyahrs.o(.bss.q2)
    q3                                       0x20000208   Data           4  mahonyahrs.o(.bss.q3)
    roll_mahony                              0x2000020c   Data           4  mahonyahrs.o(.bss.roll_mahony)
    twoKi                                    0x20000210   Data           4  mahonyahrs.o(.bss.twoKi)
    uwTick                                   0x20000214   Data           4  stm32f4xx_hal.o(.bss.uwTick)
    yaw_mahony                               0x20000218   Data           4  mahonyahrs.o(.bss.yaw_mahony)
    __initial_sp                             0x20001120   Data           0  startup_stm32f407xx.o(STACK)



==============================================================================

Memory Map of the image

  Image Entry point : 0x08000189

  Load Region LR_IROM1 (Base: 0x08000000, Size: 0x00007c10, Max: 0x00100000, ABSOLUTE)

    Execution Region ER_IROM1 (Exec base: 0x08000000, Load base: 0x08000000, Size: 0x00007c00, Max: 0x00100000, ABSOLUTE)

    Exec Addr    Load Addr    Size         Type   Attr      Idx    E Section Name        Object

    0x08000000   0x08000000   0x00000188   Data   RO            3    RESET               startup_stm32f407xx.o
    0x08000188   0x08000188   0x00000008   Code   RO         3376  * !!!main             c_w.l(__main.o)
    0x08000190   0x08000190   0x0000005c   Code   RO         3972    !!!scatter          c_w.l(__scatter.o)
    0x080001ec   0x080001ec   0x0000001a   Code   RO         3976    !!handler_copy      c_w.l(__scatter_copy.o)
    0x08000206   0x08000206   0x00000002   PAD
    0x08000208   0x08000208   0x00000002   Code   RO         3973    !!handler_null      c_w.l(__scatter.o)
    0x0800020a   0x0800020a   0x00000002   PAD
    0x0800020c   0x0800020c   0x0000001c   Code   RO         3978    !!handler_zi        c_w.l(__scatter_zi.o)
    0x08000228   0x08000228   0x00000000   Code   RO         3618    .ARM.Collect$$_printf_percent$$00000000  c_w.l(_printf_percent.o)
    0x08000228   0x08000228   0x00000006   Code   RO         3607    .ARM.Collect$$_printf_percent$$00000001  c_w.l(_printf_n.o)
    0x0800022e   0x0800022e   0x00000006   Code   RO         3609    .ARM.Collect$$_printf_percent$$00000002  c_w.l(_printf_p.o)
    0x08000234   0x08000234   0x00000006   Code   RO         3614    .ARM.Collect$$_printf_percent$$00000003  c_w.l(_printf_f.o)
    0x0800023a   0x0800023a   0x00000006   Code   RO         3615    .ARM.Collect$$_printf_percent$$00000004  c_w.l(_printf_e.o)
    0x08000240   0x08000240   0x00000006   Code   RO         3616    .ARM.Collect$$_printf_percent$$00000005  c_w.l(_printf_g.o)
    0x08000246   0x08000246   0x00000006   Code   RO         3617    .ARM.Collect$$_printf_percent$$00000006  c_w.l(_printf_a.o)
    0x0800024c   0x0800024c   0x0000000a   Code   RO         3622    .ARM.Collect$$_printf_percent$$00000007  c_w.l(_printf_ll.o)
    0x08000256   0x08000256   0x00000006   Code   RO         3611    .ARM.Collect$$_printf_percent$$00000008  c_w.l(_printf_i.o)
    0x0800025c   0x0800025c   0x00000006   Code   RO         3612    .ARM.Collect$$_printf_percent$$00000009  c_w.l(_printf_d.o)
    0x08000262   0x08000262   0x00000006   Code   RO         3613    .ARM.Collect$$_printf_percent$$0000000A  c_w.l(_printf_u.o)
    0x08000268   0x08000268   0x00000006   Code   RO         3610    .ARM.Collect$$_printf_percent$$0000000B  c_w.l(_printf_o.o)
    0x0800026e   0x0800026e   0x00000006   Code   RO         3608    .ARM.Collect$$_printf_percent$$0000000C  c_w.l(_printf_x.o)
    0x08000274   0x08000274   0x00000006   Code   RO         3619    .ARM.Collect$$_printf_percent$$0000000D  c_w.l(_printf_lli.o)
    0x0800027a   0x0800027a   0x00000006   Code   RO         3620    .ARM.Collect$$_printf_percent$$0000000E  c_w.l(_printf_lld.o)
    0x08000280   0x08000280   0x00000006   Code   RO         3621    .ARM.Collect$$_printf_percent$$0000000F  c_w.l(_printf_llu.o)
    0x08000286   0x08000286   0x00000006   Code   RO         3626    .ARM.Collect$$_printf_percent$$00000010  c_w.l(_printf_llo.o)
    0x0800028c   0x0800028c   0x00000006   Code   RO         3627    .ARM.Collect$$_printf_percent$$00000011  c_w.l(_printf_llx.o)
    0x08000292   0x08000292   0x0000000a   Code   RO         3623    .ARM.Collect$$_printf_percent$$00000012  c_w.l(_printf_l.o)
    0x0800029c   0x0800029c   0x00000006   Code   RO         3605    .ARM.Collect$$_printf_percent$$00000013  c_w.l(_printf_c.o)
    0x080002a2   0x080002a2   0x00000006   Code   RO         3606    .ARM.Collect$$_printf_percent$$00000014  c_w.l(_printf_s.o)
    0x080002a8   0x080002a8   0x00000006   Code   RO         3624    .ARM.Collect$$_printf_percent$$00000015  c_w.l(_printf_lc.o)
    0x080002ae   0x080002ae   0x00000006   Code   RO         3625    .ARM.Collect$$_printf_percent$$00000016  c_w.l(_printf_ls.o)
    0x080002b4   0x080002b4   0x00000004   Code   RO         3805    .ARM.Collect$$_printf_percent$$00000017  c_w.l(_printf_percent_end.o)
    0x080002b8   0x080002b8   0x00000002   Code   RO         3890    .ARM.Collect$$libinit$$00000000  c_w.l(libinit.o)
    0x080002ba   0x080002ba   0x00000004   Code   RO         3630    .ARM.Collect$$libinit$$00000001  c_w.l(libinit2.o)
    0x080002be   0x080002be   0x00000000   Code   RO         3633    .ARM.Collect$$libinit$$00000004  c_w.l(libinit2.o)
    0x080002be   0x080002be   0x00000000   Code   RO         3635    .ARM.Collect$$libinit$$00000006  c_w.l(libinit2.o)
    0x080002be   0x080002be   0x00000000   Code   RO         3638    .ARM.Collect$$libinit$$0000000C  c_w.l(libinit2.o)
    0x080002be   0x080002be   0x00000000   Code   RO         3640    .ARM.Collect$$libinit$$0000000E  c_w.l(libinit2.o)
    0x080002be   0x080002be   0x00000000   Code   RO         3642    .ARM.Collect$$libinit$$00000010  c_w.l(libinit2.o)
    0x080002be   0x080002be   0x00000006   Code   RO         3643    .ARM.Collect$$libinit$$00000011  c_w.l(libinit2.o)
    0x080002c4   0x080002c4   0x00000000   Code   RO         3645    .ARM.Collect$$libinit$$00000013  c_w.l(libinit2.o)
    0x080002c4   0x080002c4   0x0000000c   Code   RO         3646    .ARM.Collect$$libinit$$00000014  c_w.l(libinit2.o)
    0x080002d0   0x080002d0   0x00000000   Code   RO         3647    .ARM.Collect$$libinit$$00000015  c_w.l(libinit2.o)
    0x080002d0   0x080002d0   0x00000000   Code   RO         3649    .ARM.Collect$$libinit$$00000017  c_w.l(libinit2.o)
    0x080002d0   0x080002d0   0x0000000a   Code   RO         3650    .ARM.Collect$$libinit$$00000018  c_w.l(libinit2.o)
    0x080002da   0x080002da   0x00000000   Code   RO         3651    .ARM.Collect$$libinit$$00000019  c_w.l(libinit2.o)
    0x080002da   0x080002da   0x00000000   Code   RO         3653    .ARM.Collect$$libinit$$0000001B  c_w.l(libinit2.o)
    0x080002da   0x080002da   0x00000000   Code   RO         3655    .ARM.Collect$$libinit$$0000001D  c_w.l(libinit2.o)
    0x080002da   0x080002da   0x00000000   Code   RO         3657    .ARM.Collect$$libinit$$0000001F  c_w.l(libinit2.o)
    0x080002da   0x080002da   0x00000000   Code   RO         3659    .ARM.Collect$$libinit$$00000021  c_w.l(libinit2.o)
    0x080002da   0x080002da   0x00000000   Code   RO         3661    .ARM.Collect$$libinit$$00000023  c_w.l(libinit2.o)
    0x080002da   0x080002da   0x00000000   Code   RO         3663    .ARM.Collect$$libinit$$00000025  c_w.l(libinit2.o)
    0x080002da   0x080002da   0x00000000   Code   RO         3665    .ARM.Collect$$libinit$$00000027  c_w.l(libinit2.o)
    0x080002da   0x080002da   0x00000000   Code   RO         3669    .ARM.Collect$$libinit$$0000002E  c_w.l(libinit2.o)
    0x080002da   0x080002da   0x00000000   Code   RO         3671    .ARM.Collect$$libinit$$00000030  c_w.l(libinit2.o)
    0x080002da   0x080002da   0x00000000   Code   RO         3673    .ARM.Collect$$libinit$$00000032  c_w.l(libinit2.o)
    0x080002da   0x080002da   0x00000000   Code   RO         3675    .ARM.Collect$$libinit$$00000034  c_w.l(libinit2.o)
    0x080002da   0x080002da   0x00000002   Code   RO         3676    .ARM.Collect$$libinit$$00000035  c_w.l(libinit2.o)
    0x080002dc   0x080002dc   0x00000002   Code   RO         3969    .ARM.Collect$$libshutdown$$00000000  c_w.l(libshutdown.o)
    0x080002de   0x080002de   0x00000000   Code   RO         3923    .ARM.Collect$$libshutdown$$00000002  c_w.l(libshutdown2.o)
    0x080002de   0x080002de   0x00000000   Code   RO         3925    .ARM.Collect$$libshutdown$$00000004  c_w.l(libshutdown2.o)
    0x080002de   0x080002de   0x00000000   Code   RO         3928    .ARM.Collect$$libshutdown$$00000007  c_w.l(libshutdown2.o)
    0x080002de   0x080002de   0x00000000   Code   RO         3931    .ARM.Collect$$libshutdown$$0000000A  c_w.l(libshutdown2.o)
    0x080002de   0x080002de   0x00000000   Code   RO         3933    .ARM.Collect$$libshutdown$$0000000C  c_w.l(libshutdown2.o)
    0x080002de   0x080002de   0x00000000   Code   RO         3936    .ARM.Collect$$libshutdown$$0000000F  c_w.l(libshutdown2.o)
    0x080002de   0x080002de   0x00000002   Code   RO         3937    .ARM.Collect$$libshutdown$$00000010  c_w.l(libshutdown2.o)
    0x080002e0   0x080002e0   0x00000000   Code   RO         3501    .ARM.Collect$$rtentry$$00000000  c_w.l(__rtentry.o)
    0x080002e0   0x080002e0   0x00000000   Code   RO         3754    .ARM.Collect$$rtentry$$00000002  c_w.l(__rtentry2.o)
    0x080002e0   0x080002e0   0x00000004   Code   RO         3768    .ARM.Collect$$rtentry$$00000005  c_w.l(__rtentry5.o)
    0x080002e4   0x080002e4   0x00000000   Code   RO         3756    .ARM.Collect$$rtentry$$00000009  c_w.l(__rtentry2.o)
    0x080002e4   0x080002e4   0x00000004   Code   RO         3757    .ARM.Collect$$rtentry$$0000000A  c_w.l(__rtentry2.o)
    0x080002e8   0x080002e8   0x00000000   Code   RO         3759    .ARM.Collect$$rtentry$$0000000C  c_w.l(__rtentry2.o)
    0x080002e8   0x080002e8   0x00000008   Code   RO         3760    .ARM.Collect$$rtentry$$0000000D  c_w.l(__rtentry2.o)
    0x080002f0   0x080002f0   0x00000004   Code   RO         3769    .ARM.Collect$$rtentry$$00002716  c_w.l(__rtentry5.o)
    0x080002f4   0x080002f4   0x00000002   Code   RO         3899    .ARM.Collect$$rtexit$$00000000  c_w.l(rtexit.o)
    0x080002f6   0x080002f6   0x00000000   Code   RO         3943    .ARM.Collect$$rtexit$$00000002  c_w.l(rtexit2.o)
    0x080002f6   0x080002f6   0x00000004   Code   RO         3944    .ARM.Collect$$rtexit$$00000003  c_w.l(rtexit2.o)
    0x080002fa   0x080002fa   0x00000006   Code   RO         3945    .ARM.Collect$$rtexit$$00000004  c_w.l(rtexit2.o)
    0x08000300   0x08000300   0x00000024   Code   RO            4    .text               startup_stm32f407xx.o
    0x08000324   0x08000324   0x000000f0   Code   RO         3362    .text               c_w.l(lludivv7m.o)
    0x08000414   0x08000414   0x0000002c   Code   RO         3366    .text               c_w.l(sprintf.o)
    0x08000440   0x08000440   0x0000004e   Code   RO         3374    .text               c_w.l(rt_memclr_w.o)
    0x0800048e   0x0800048e   0x00000016   Code   RO         3535    .text               c_w.l(_rserrno.o)
    0x080004a4   0x080004a4   0x0000004e   Code   RO         3539    .text               c_w.l(_printf_pad.o)
    0x080004f2   0x080004f2   0x00000024   Code   RO         3541    .text               c_w.l(_printf_truncate.o)
    0x08000516   0x08000516   0x00000052   Code   RO         3543    .text               c_w.l(_printf_str.o)
    0x08000568   0x08000568   0x00000078   Code   RO         3545    .text               c_w.l(_printf_dec.o)
    0x080005e0   0x080005e0   0x00000028   Code   RO         3547    .text               c_w.l(_printf_charcount.o)
    0x08000608   0x08000608   0x00000030   Code   RO         3549    .text               c_w.l(_printf_char_common.o)
    0x08000638   0x08000638   0x0000000a   Code   RO         3551    .text               c_w.l(_sputc.o)
    0x08000642   0x08000642   0x00000002   PAD
    0x08000644   0x08000644   0x000000bc   Code   RO         3553    .text               c_w.l(_printf_wctomb.o)
    0x08000700   0x08000700   0x0000007c   Code   RO         3556    .text               c_w.l(_printf_longlong_dec.o)
    0x0800077c   0x0800077c   0x00000070   Code   RO         3562    .text               c_w.l(_printf_oct_int_ll.o)
    0x080007ec   0x080007ec   0x00000094   Code   RO         3582    .text               c_w.l(_printf_hex_int_ll_ptr.o)
    0x08000880   0x08000880   0x00000188   Code   RO         3602    .text               c_w.l(__printf_flags_ss_wp.o)
    0x08000a08   0x08000a08   0x00000008   Code   RO         3778    .text               c_w.l(rt_errno_addr_intlibspace.o)
    0x08000a10   0x08000a10   0x0000008a   Code   RO         3788    .text               c_w.l(lludiv10.o)
    0x08000a9a   0x08000a9a   0x000000b2   Code   RO         3790    .text               c_w.l(_printf_intcommon.o)
    0x08000b4c   0x08000b4c   0x0000041c   Code   RO         3792    .text               c_w.l(_printf_fp_dec.o)
    0x08000f68   0x08000f68   0x000002fc   Code   RO         3796    .text               c_w.l(_printf_fp_hex.o)
    0x08001264   0x08001264   0x0000002c   Code   RO         3801    .text               c_w.l(_printf_char.o)
    0x08001290   0x08001290   0x0000002c   Code   RO         3803    .text               c_w.l(_printf_wchar.o)
    0x080012bc   0x080012bc   0x00000048   Code   RO         3806    .text               c_w.l(_c16rtomb.o)
    0x08001304   0x08001304   0x00000002   Code   RO         3823    .text               c_w.l(use_no_semi.o)
    0x08001306   0x08001306   0x00000000   Code   RO         3825    .text               c_w.l(indicate_semi.o)
    0x08001306   0x08001306   0x00000002   PAD
    0x08001308   0x08001308   0x00000010   Code   RO         3828    .text               c_w.l(rt_ctype_table.o)
    0x08001318   0x08001318   0x00000008   Code   RO         3835    .text               c_w.l(rt_locale_intlibspace.o)
    0x08001320   0x08001320   0x00000080   Code   RO         3839    .text               c_w.l(_printf_fp_infnan.o)
    0x080013a0   0x080013a0   0x000000e4   Code   RO         3841    .text               c_w.l(bigflt0.o)
    0x08001484   0x08001484   0x00000012   Code   RO         3871    .text               c_w.l(exit.o)
    0x08001496   0x08001496   0x00000002   PAD
    0x08001498   0x08001498   0x0000000c   Code   RO         3891    .text               c_w.l(sys_exit.o)
    0x080014a4   0x080014a4   0x00000004   PAD
    0x080014a8   0x080014a8   0x0000007c   Code   RO         3916    .text               c_w.l(strcmpv7em.o)
    0x08001524   0x08001524   0x00000004   Code   RO           89    .text.BusFault_Handler  stm32f4xx_it.o
    0x08001528   0x08001528   0x00000002   Code   RO           95    .text.DebugMon_Handler  stm32f4xx_it.o
    0x0800152a   0x0800152a   0x00000002   PAD
    0x0800152c   0x0800152c   0x00000006   Code   RO           15    .text.Error_Handler  main.o
    0x08001532   0x08001532   0x00000002   PAD
    0x08001534   0x08001534   0x0000007a   Code   RO         1152    .text.Get_Acc_ICM42688  icm42688.o
    0x080015ae   0x080015ae   0x00000002   PAD
    0x080015b0   0x080015b0   0x0000007a   Code   RO         1154    .text.Get_Gyro_ICM42688  icm42688.o
    0x0800162a   0x0800162a   0x00000002   PAD
    0x0800162c   0x0800162c   0x00000288   Code   RO         1156    .text.Get_MahonyAngle  icm42688.o
    0x080018b4   0x080018b4   0x00000042   Code   RO          600    .text.HAL_Delay     stm32f4xx_hal.o
    0x080018f6   0x080018f6   0x00000002   PAD
    0x080018f8   0x080018f8   0x000003b6   Code   RO          371    .text.HAL_GPIO_Init  stm32f4xx_hal_gpio.o
    0x08001cae   0x08001cae   0x00000002   PAD
    0x08001cb0   0x08001cb0   0x0000002e   Code   RO          377    .text.HAL_GPIO_WritePin  stm32f4xx_hal_gpio.o
    0x08001cde   0x08001cde   0x00000002   PAD
    0x08001ce0   0x08001ce0   0x0000000c   Code   RO          592    .text.HAL_GetTick   stm32f4xx_hal.o
    0x08001cec   0x08001cec   0x0000001a   Code   RO          590    .text.HAL_IncTick   stm32f4xx_hal.o
    0x08001d06   0x08001d06   0x00000002   PAD
    0x08001d08   0x08001d08   0x00000036   Code   RO          580    .text.HAL_Init      stm32f4xx_hal.o
    0x08001d3e   0x08001d3e   0x00000002   PAD
    0x08001d40   0x08001d40   0x00000070   Code   RO          582    .text.HAL_InitTick  stm32f4xx_hal.o
    0x08001db0   0x08001db0   0x0000004a   Code   RO          110    .text.HAL_MspInit   stm32f4xx_hal_msp.o
    0x08001dfa   0x08001dfa   0x00000002   PAD
    0x08001dfc   0x08001dfc   0x00000014   Code   RO          519    .text.HAL_NVIC_EnableIRQ  stm32f4xx_hal_cortex.o
    0x08001e10   0x08001e10   0x00000032   Code   RO          511    .text.HAL_NVIC_SetPriority  stm32f4xx_hal_cortex.o
    0x08001e42   0x08001e42   0x00000002   PAD
    0x08001e44   0x08001e44   0x00000010   Code   RO          507    .text.HAL_NVIC_SetPriorityGrouping  stm32f4xx_hal_cortex.o
    0x08001e54   0x08001e54   0x00000262   Code   RO          239    .text.HAL_RCC_ClockConfig  stm32f4xx_hal_rcc.o
    0x080020b6   0x080020b6   0x00000002   PAD
    0x080020b8   0x080020b8   0x0000000c   Code   RO          249    .text.HAL_RCC_GetHCLKFreq  stm32f4xx_hal_rcc.o
    0x080020c4   0x080020c4   0x00000022   Code   RO          251    .text.HAL_RCC_GetPCLK1Freq  stm32f4xx_hal_rcc.o
    0x080020e6   0x080020e6   0x00000002   PAD
    0x080020e8   0x080020e8   0x00000022   Code   RO          253    .text.HAL_RCC_GetPCLK2Freq  stm32f4xx_hal_rcc.o
    0x0800210a   0x0800210a   0x00000002   PAD
    0x0800210c   0x0800210c   0x000000e6   Code   RO          241    .text.HAL_RCC_GetSysClockFreq  stm32f4xx_hal_rcc.o
    0x080021f2   0x080021f2   0x00000002   PAD
    0x080021f4   0x080021f4   0x000006be   Code   RO          237    .text.HAL_RCC_OscConfig  stm32f4xx_hal_rcc.o
    0x080028b2   0x080028b2   0x00000002   PAD
    0x080028b4   0x080028b4   0x00000102   Code   RO          118    .text.HAL_SPI_Init  stm32f4xx_hal_spi.o
    0x080029b6   0x080029b6   0x00000002   PAD
    0x080029b8   0x080029b8   0x000000e6   Code   RO           43    .text.HAL_SPI_MspInit  spi.o
    0x08002a9e   0x08002a9e   0x00000002   PAD
    0x08002aa0   0x08002aa0   0x00000388   Code   RO          132    .text.HAL_SPI_TransmitReceive  stm32f4xx_hal_spi.o
    0x08002e28   0x08002e28   0x00000010   Code   RO          531    .text.HAL_SYSTICK_Config  stm32f4xx_hal_cortex.o
    0x08002e38   0x08002e38   0x00000008   Code   RO          992    .text.HAL_TIMEx_BreakCallback  stm32f4xx_hal_tim_ex.o
    0x08002e40   0x08002e40   0x00000008   Code   RO          988    .text.HAL_TIMEx_CommutCallback  stm32f4xx_hal_tim_ex.o
    0x08002e48   0x08002e48   0x00000122   Code   RO          982    .text.HAL_TIMEx_MasterConfigSynchronization  stm32f4xx_hal_tim_ex.o
    0x08002f6a   0x08002f6a   0x00000002   PAD
    0x08002f6c   0x08002f6c   0x0000009c   Code   RO          669    .text.HAL_TIM_Base_Init  stm32f4xx_hal_tim.o
    0x08003008   0x08003008   0x00000052   Code   RO           57    .text.HAL_TIM_Base_MspInit  tim.o
    0x0800305a   0x0800305a   0x00000002   PAD
    0x0800305c   0x0800305c   0x000000f6   Code   RO          683    .text.HAL_TIM_Base_Start_IT  stm32f4xx_hal_tim.o
    0x08003152   0x08003152   0x00000002   PAD
    0x08003154   0x08003154   0x00000184   Code   RO          861    .text.HAL_TIM_ConfigClockSource  stm32f4xx_hal_tim.o
    0x080032d8   0x080032d8   0x00000008   Code   RO          805    .text.HAL_TIM_IC_CaptureCallback  stm32f4xx_hal_tim.o
    0x080032e0   0x080032e0   0x0000021a   Code   RO          803    .text.HAL_TIM_IRQHandler  stm32f4xx_hal_tim.o
    0x080034fa   0x080034fa   0x00000002   PAD
    0x080034fc   0x080034fc   0x00000008   Code   RO          807    .text.HAL_TIM_OC_DelayElapsedCallback  stm32f4xx_hal_tim.o
    0x08003504   0x08003504   0x00000008   Code   RO          809    .text.HAL_TIM_PWM_PulseFinishedCallback  stm32f4xx_hal_tim.o
    0x0800350c   0x0800350c   0x0000006c   Code   RO         1327    .text.HAL_TIM_PeriodElapsedCallback  interrupt.o
    0x08003578   0x08003578   0x00000008   Code   RO          813    .text.HAL_TIM_TriggerCallback  stm32f4xx_hal_tim.o
    0x08003580   0x08003580   0x0000009e   Code   RO         1005    .text.HAL_UART_Init  stm32f4xx_hal_uart.o
    0x0800361e   0x0800361e   0x00000002   PAD
    0x08003620   0x08003620   0x0000008e   Code   RO           71    .text.HAL_UART_MspInit  usart.o
    0x080036ae   0x080036ae   0x00000002   PAD
    0x080036b0   0x080036b0   0x00000004   Code   RO           85    .text.HardFault_Handler  stm32f4xx_it.o
    0x080036b4   0x080036b4   0x0000015c   Code   RO         1150    .text.Icm42688_Init  icm42688.o
    0x08003810   0x08003810   0x00000048   Code   RO         1138    .text.Icm_Spi_ReadWriteNbytes  icm42688.o
    0x08003858   0x08003858   0x0000019a   Code   RO           33    .text.MX_GPIO_Init  gpio.o
    0x080039f2   0x080039f2   0x00000002   PAD
    0x080039f4   0x080039f4   0x0000004e   Code   RO           41    .text.MX_SPI2_Init  spi.o
    0x08003a42   0x08003a42   0x00000002   PAD
    0x08003a44   0x08003a44   0x00000082   Code   RO           55    .text.MX_TIM3_Init  tim.o
    0x08003ac6   0x08003ac6   0x00000002   PAD
    0x08003ac8   0x08003ac8   0x00000040   Code   RO           69    .text.MX_USART2_UART_Init  usart.o
    0x08003b08   0x08003b08   0x000003de   Code   RO         1291    .text.MahonyAHRSinit  mahonyahrs.o
    0x08003ee6   0x08003ee6   0x00000002   PAD
    0x08003ee8   0x08003ee8   0x00000488   Code   RO         1297    .text.MahonyAHRSupdateIMU  mahonyahrs.o
    0x08004370   0x08004370   0x00000082   Code   RO         1287    .text.Mahony_Init   mahonyahrs.o
    0x080043f2   0x080043f2   0x00000002   PAD
    0x080043f4   0x080043f4   0x00000134   Code   RO         1299    .text.Mahony_computeAngles  mahonyahrs.o
    0x08004528   0x08004528   0x00000076   Code   RO         1289    .text.Mahony_invSqrt  mahonyahrs.o
    0x0800459e   0x0800459e   0x00000002   PAD
    0x080045a0   0x080045a0   0x000007bc   Code   RO         1295    .text.Mahony_update  mahonyahrs.o
    0x08004d5c   0x08004d5c   0x00000004   Code   RO           87    .text.MemManage_Handler  stm32f4xx_it.o
    0x08004d60   0x08004d60   0x00000004   Code   RO           83    .text.NMI_Handler   stm32f4xx_it.o
    0x08004d64   0x08004d64   0x0000006c   Code   RO          517    .text.NVIC_EncodePriority  stm32f4xx_hal_cortex.o
    0x08004dd0   0x08004dd0   0x0000005a   Code   RO         1247    .text.OLED_Clear    oled.o
    0x08004e2a   0x08004e2a   0x00000002   PAD
    0x08004e2c   0x08004e2c   0x00000016   Code   RO         1233    .text.OLED_I2C_Init  oled.o
    0x08004e42   0x08004e42   0x00000002   PAD
    0x08004e44   0x08004e44   0x00000056   Code   RO         1239    .text.OLED_I2C_SendByte  oled.o
    0x08004e9a   0x08004e9a   0x00000002   PAD
    0x08004e9c   0x08004e9c   0x00000024   Code   RO         1235    .text.OLED_I2C_Start  oled.o
    0x08004ec0   0x08004ec0   0x0000001c   Code   RO         1237    .text.OLED_I2C_Stop  oled.o
    0x08004edc   0x08004edc   0x000000ce   Code   RO         1263    .text.OLED_Init     oled.o
    0x08004faa   0x08004faa   0x00000002   PAD
    0x08004fac   0x08004fac   0x00000034   Code   RO         1245    .text.OLED_SetCursor  oled.o
    0x08004fe0   0x08004fe0   0x000000dc   Code   RO         1249    .text.OLED_ShowChar  oled.o
    0x080050bc   0x080050bc   0x0000004c   Code   RO         1251    .text.OLED_ShowString  oled.o
    0x08005108   0x08005108   0x00000026   Code   RO         1229    .text.OLED_W_SCL    oled.o
    0x0800512e   0x0800512e   0x00000002   PAD
    0x08005130   0x08005130   0x00000026   Code   RO         1231    .text.OLED_W_SDA    oled.o
    0x08005156   0x08005156   0x00000002   PAD
    0x08005158   0x08005158   0x00000028   Code   RO         1241    .text.OLED_WriteCommand  oled.o
    0x08005180   0x08005180   0x00000028   Code   RO         1243    .text.OLED_WriteData  oled.o
    0x080051a8   0x080051a8   0x00000002   Code   RO           97    .text.PendSV_Handler  stm32f4xx_it.o
    0x080051aa   0x080051aa   0x00000002   PAD
    0x080051ac   0x080051ac   0x000000cc   Code   RO          128    .text.SPI_EndRxTxTransaction  stm32f4xx_hal_spi.o
    0x08005278   0x08005278   0x0000012a   Code   RO          226    .text.SPI_WaitFlagStateUntilTimeout  stm32f4xx_hal_spi.o
    0x080053a2   0x080053a2   0x00000002   PAD
    0x080053a4   0x080053a4   0x00000002   Code   RO           93    .text.SVC_Handler   stm32f4xx_it.o
    0x080053a6   0x080053a6   0x00000002   PAD
    0x080053a8   0x080053a8   0x00000052   Code   RO          533    .text.SysTick_Config  stm32f4xx_hal_cortex.o
    0x080053fa   0x080053fa   0x00000002   PAD
    0x080053fc   0x080053fc   0x00000008   Code   RO           99    .text.SysTick_Handler  stm32f4xx_it.o
    0x08005404   0x08005404   0x000000ba   Code   RO           13    .text.SystemClock_Config  main.o
    0x080054be   0x080054be   0x00000002   PAD
    0x080054c0   0x080054c0   0x00000012   Code   RO         1339    .text.SystemInit    system_stm32f4xx.o
    0x080054d2   0x080054d2   0x00000002   PAD
    0x080054d4   0x080054d4   0x00000010   Code   RO          101    .text.TIM3_IRQHandler  stm32f4xx_it.o
    0x080054e4   0x080054e4   0x000001b0   Code   RO          673    .text.TIM_Base_SetConfig  stm32f4xx_hal_tim.o
    0x08005694   0x08005694   0x00000034   Code   RO          859    .text.TIM_ETR_SetConfig  stm32f4xx_hal_tim.o
    0x080056c8   0x080056c8   0x0000002a   Code   RO          865    .text.TIM_ITRx_SetConfig  stm32f4xx_hal_tim.o
    0x080056f2   0x080056f2   0x00000002   PAD
    0x080056f4   0x080056f4   0x00000050   Code   RO          863    .text.TIM_TI1_ConfigInputStage  stm32f4xx_hal_tim.o
    0x08005744   0x08005744   0x00000052   Code   RO          867    .text.TIM_TI2_ConfigInputStage  stm32f4xx_hal_tim.o
    0x08005796   0x08005796   0x00000002   PAD
    0x08005798   0x08005798   0x0000013a   Code   RO         1009    .text.UART_SetConfig  stm32f4xx_hal_uart.o
    0x080058d2   0x080058d2   0x00000002   PAD
    0x080058d4   0x080058d4   0x00000004   Code   RO           91    .text.UsageFault_Handler  stm32f4xx_it.o
    0x080058d8   0x080058d8   0x00000012   Code   RO         1977    .text.__ARM_signbit  fastmathfunctions.o
    0x080058ea   0x080058ea   0x00000002   PAD
    0x080058ec   0x080058ec   0x00000010   Code   RO         1975    .text.__ARM_signbitf  fastmathfunctions.o
    0x080058fc   0x080058fc   0x00000030   Code   RO          521    .text.__NVIC_EnableIRQ  stm32f4xx_hal_cortex.o
    0x0800592c   0x0800592c   0x00000010   Code   RO          513    .text.__NVIC_GetPriorityGrouping  stm32f4xx_hal_cortex.o
    0x0800593c   0x0800593c   0x00000042   Code   RO          515    .text.__NVIC_SetPriority  stm32f4xx_hal_cortex.o
    0x0800597e   0x0800597e   0x00000002   PAD
    0x08005980   0x08005980   0x0000003c   Code   RO          509    .text.__NVIC_SetPriorityGrouping  stm32f4xx_hal_cortex.o
    0x080059bc   0x080059bc   0x000004f0   Code   RO         1973    .text.arm_atan2_f32  fastmathfunctions.o
    0x08005eac   0x08005eac   0x00000020   Code   RO         1273    .text.delay_init    delay.o
    0x08005ecc   0x08005ecc   0x00000028   Code   RO         1275    .text.delay_us      delay.o
    0x08005ef4   0x08005ef4   0x00000032   Code   RO         1136    .text.hal_Spi1_ReadWriteByte  icm42688.o
    0x08005f26   0x08005f26   0x00000002   PAD
    0x08005f28   0x08005f28   0x00000054   Code   RO         1142    .text.icm42688_read_regs  icm42688.o
    0x08005f7c   0x08005f7c   0x0000001c   Code   RO         1148    .text.icm42688_writeReg  icm42688.o
    0x08005f98   0x08005f98   0x0000004a   Code   RO         1144    .text.icm42688_write_reg  icm42688.o
    0x08005fe2   0x08005fe2   0x00000002   PAD
    0x08005fe4   0x08005fe4   0x00000034   Code   RO         1293    .text.invSqrt       mahonyahrs.o
    0x08006018   0x08006018   0x00000110   Code   RO           11    .text.main          main.o
    0x08006128   0x08006128   0x0000003e   Code   RO         3844    CL$$btod_d2e        c_w.l(btod.o)
    0x08006166   0x08006166   0x00000046   Code   RO         3846    CL$$btod_d2e_denorm_low  c_w.l(btod.o)
    0x080061ac   0x080061ac   0x00000060   Code   RO         3845    CL$$btod_d2e_norm_op1  c_w.l(btod.o)
    0x0800620c   0x0800620c   0x00000338   Code   RO         3854    CL$$btod_div_common  c_w.l(btod.o)
    0x08006544   0x08006544   0x000000dc   Code   RO         3851    CL$$btod_e2e        c_w.l(btod.o)
    0x08006620   0x08006620   0x0000002a   Code   RO         3848    CL$$btod_ediv       c_w.l(btod.o)
    0x0800664a   0x0800664a   0x0000002a   Code   RO         3847    CL$$btod_emul       c_w.l(btod.o)
    0x08006674   0x08006674   0x00000244   Code   RO         3853    CL$$btod_mult_common  c_w.l(btod.o)
    0x080068b8   0x080068b8   0x00000030   Code   RO         3722    i.__ARM_fpclassify  m_wm.l(fpclassify.o)
    0x080068e8   0x080068e8   0x00000026   Code   RO         3724    i.__ARM_fpclassifyf  m_wm.l(fpclassifyf.o)
    0x0800690e   0x0800690e   0x00000002   PAD
    0x08006910   0x08006910   0x0000012c   Code   RO         3416    i.__hardfp_asinf    m_wm.l(asinf.o)
    0x08006a3c   0x08006a3c   0x000002ac   Code   RO         3422    i.__hardfp_atan2f   m_wm.l(atan2f.o)
    0x08006ce8   0x08006ce8   0x00000150   Code   RO         3428    i.__hardfp_cosf     m_wm.l(cosf.o)
    0x08006e38   0x08006e38   0x00000190   Code   RO         3475    i.__hardfp_sinf     m_wm.l(sinf.o)
    0x08006fc8   0x08006fc8   0x0000003a   Code   RO         3487    i.__hardfp_sqrtf    m_wm.l(sqrtf.o)
    0x08007002   0x08007002   0x00000006   Code   RO         3727    i.__mathlib_flt_infnan  m_wm.l(funder.o)
    0x08007008   0x08007008   0x00000006   Code   RO         3728    i.__mathlib_flt_infnan2  m_wm.l(funder.o)
    0x0800700e   0x0800700e   0x00000002   PAD
    0x08007010   0x08007010   0x00000010   Code   RO         3729    i.__mathlib_flt_invalid  m_wm.l(funder.o)
    0x08007020   0x08007020   0x00000010   Code   RO         3732    i.__mathlib_flt_underflow  m_wm.l(funder.o)
    0x08007030   0x08007030   0x00000154   Code   RO         3743    i.__mathlib_rredf2  m_wm.l(rredf.o)
    0x08007184   0x08007184   0x0000000e   Code   RO         3595    i._is_digit         c_w.l(__printf_wp.o)
    0x08007192   0x08007192   0x0000003e   Code   RO         3489    i.sqrtf             m_wm.l(sqrtf.o)
    0x080071d0   0x080071d0   0x0000002c   Code   RO         3869    locale$$code        c_w.l(lc_numeric_c.o)
    0x080071fc   0x080071fc   0x0000002c   Code   RO         3908    locale$$code        c_w.l(lc_ctype_c.o)
    0x08007228   0x08007228   0x0000000c   Code   RO         3687    x$fpl$dretinf       fz_wm.l(dretinf.o)
    0x08007234   0x08007234   0x00000056   Code   RO         3410    x$fpl$f2d           fz_wm.l(f2d.o)
    0x0800728a   0x0800728a   0x0000008c   Code   RO         3693    x$fpl$fnaninf       fz_wm.l(fnaninf.o)
    0x08007316   0x08007316   0x0000001a   Code   RO         3821    x$fpl$fpinit        fz_wm.l(fpinit.o)
    0x08007330   0x08007330   0x00000004   Code   RO         3699    x$fpl$printf1       fz_wm.l(printf1.o)
    0x08007334   0x08007334   0x00000004   Code   RO         3701    x$fpl$printf2       fz_wm.l(printf2.o)
    0x08007338   0x08007338   0x00000000   Code   RO         3707    x$fpl$usenofp       fz_wm.l(usenofp.o)
    0x08007338   0x08007338   0x00000008   Data   RO         3554    .constdata          c_w.l(_printf_wctomb.o)
    0x08007340   0x08007340   0x00000028   Data   RO         3583    .constdata          c_w.l(_printf_hex_int_ll_ptr.o)
    0x08007368   0x08007368   0x00000011   Data   RO         3603    .constdata          c_w.l(__printf_flags_ss_wp.o)
    0x08007379   0x08007379   0x00000003   PAD
    0x0800737c   0x0800737c   0x00000020   Data   RO         3744    .constdata          m_wm.l(rredf.o)
    0x0800739c   0x0800739c   0x00000026   Data   RO         3797    .constdata          c_w.l(_printf_fp_hex.o)
    0x080073c2   0x080073c2   0x00000002   PAD
    0x080073c4   0x080073c4   0x00000094   Data   RO         3842    .constdata          c_w.l(bigflt0.o)
    0x08007458   0x08007458   0x00000010   Data   RO         1344    .rodata.AHBPrescTable  system_stm32f4xx.o
    0x08007468   0x08007468   0x00000008   Data   RO         1345    .rodata.APBPrescTable  system_stm32f4xx.o
    0x08007470   0x08007470   0x000005f0   Data   RO         1265    .rodata.OLED_F8x16  oled.o
    0x08007a60   0x08007a60   0x00000028   Data   RO         1983    .rodata.atan2_coefs_f32  fastmathfunctions.o
    0x08007a88   0x08007a88   0x00000029   Data   RO           18    .rodata.str1.1      main.o
    0x08007ab1   0x08007ab1   0x00000003   PAD
    0x08007ab4   0x08007ab4   0x00000020   Data   RO         3971    Region$$Table       anon$$obj.o
    0x08007ad4   0x08007ad4   0x0000001c   Data   RO         3868    locale$$data        c_w.l(lc_numeric_c.o)
    0x08007af0   0x08007af0   0x00000110   Data   RO         3907    locale$$data        c_w.l(lc_ctype_c.o)


    Execution Region RW_IRAM1 (Exec base: 0x20000000, Load base: 0x08007c00, Size: 0x00001120, Max: 0x0001c000, ABSOLUTE)

    Exec Addr    Load Addr    Size         Type   Attr      Idx    E Section Name        Object

    0x20000000   0x08007c00   0x00000001   Data   RW         1172    .data.Get_MahonyAngle.State  icm42688.o
    0x20000001   0x08007c01   0x00000003   PAD
    0x20000004   0x08007c04   0x00000004   Data   RW         1343    .data.SystemCoreClock  system_stm32f4xx.o
    0x20000008   0x08007c08   0x00000001   Data   RW          635    .data.uwTickFreq    stm32f4xx_hal.o
    0x20000009   0x08007c09   0x00000003   PAD
    0x2000000c   0x08007c0c   0x00000004   Data   RW          634    .data.uwTickPrio    stm32f4xx_hal.o
    0x20000010        -       0x00000060   Zero   RW         3751    .bss                c_w.l(libspace.o)
    0x20000070        -       0x0000000c   Zero   RW         1161    .bss.AccelCal       icm42688.o
    0x2000007c        -       0x0000000c   Zero   RW         1163    .bss.AccelCorrected  icm42688.o
    0x20000088        -       0x0000000c   Zero   RW         1160    .bss.GyroCal        icm42688.o
    0x20000094        -       0x0000000c   Zero   RW         1162    .bss.GyroCorrected  icm42688.o
    0x200000a0        -       0x00000008   Zero   RW         1159    .bss.LSB_ACC_GYRO   icm42688.o
    0x200000a8        -       0x00000004   Zero   RW         1331    .bss.Pitch          interrupt.o
    0x200000ac        -       0x00000004   Zero   RW         1330    .bss.Roll           interrupt.o
    0x200000b0        -       0x00000004   Zero   RW         1329    .bss.Tis            interrupt.o
    0x200000b4        -       0x00000004   Zero   RW         1332    .bss.Yaw            interrupt.o
    0x200000b8        -       0x00000001   Zero   RW         1315    .bss.anglesComputed  mahonyahrs.o
    0x200000b9        -       0x00000014   Zero   RW           17    .bss.arr            main.o
    0x200000cd   0x08007c10   0x00000003   PAD
    0x200000d0        -       0x00000004   Zero   RW         1165    .bss.correct_times  icm42688.o
    0x200000d4        -       0x00000001   Zero   RW         1158    .bss.first_mahony   icm42688.o
    0x200000d5   0x08007c10   0x00000003   PAD
    0x200000d8        -       0x0000000c   Zero   RW         1164    .bss.gyro_correct   icm42688.o
    0x200000e4        -       0x00000058   Zero   RW           47    .bss.hspi2          spi.o
    0x2000013c        -       0x00000048   Zero   RW           61    .bss.htim3          tim.o
    0x20000184        -       0x00000048   Zero   RW           75    .bss.huart2         usart.o
    0x200001cc        -       0x00000004   Zero   RW         1166    .bss.icm42688_acc_x  icm42688.o
    0x200001d0        -       0x00000004   Zero   RW         1167    .bss.icm42688_acc_y  icm42688.o
    0x200001d4        -       0x00000004   Zero   RW         1168    .bss.icm42688_acc_z  icm42688.o
    0x200001d8        -       0x00000004   Zero   RW         1169    .bss.icm42688_gyro_x  icm42688.o
    0x200001dc        -       0x00000004   Zero   RW         1170    .bss.icm42688_gyro_y  icm42688.o
    0x200001e0        -       0x00000004   Zero   RW         1171    .bss.icm42688_gyro_z  icm42688.o
    0x200001e4        -       0x00000004   Zero   RW         1312    .bss.integralFBx    mahonyahrs.o
    0x200001e8        -       0x00000004   Zero   RW         1313    .bss.integralFBy    mahonyahrs.o
    0x200001ec        -       0x00000004   Zero   RW         1314    .bss.integralFBz    mahonyahrs.o
    0x200001f0        -       0x00000004   Zero   RW         1316    .bss.invSampleFreq  mahonyahrs.o
    0x200001f4        -       0x00000004   Zero   RW         1279    .bss.multiplier     delay.o
    0x200001f8        -       0x00000004   Zero   RW         1318    .bss.pitch_mahony   mahonyahrs.o
    0x200001fc        -       0x00000004   Zero   RW         1308    .bss.q0             mahonyahrs.o
    0x20000200        -       0x00000004   Zero   RW         1309    .bss.q1             mahonyahrs.o
    0x20000204        -       0x00000004   Zero   RW         1310    .bss.q2             mahonyahrs.o
    0x20000208        -       0x00000004   Zero   RW         1311    .bss.q3             mahonyahrs.o
    0x2000020c        -       0x00000004   Zero   RW         1317    .bss.roll_mahony    mahonyahrs.o
    0x20000210        -       0x00000004   Zero   RW         1307    .bss.twoKi          mahonyahrs.o
    0x20000214        -       0x00000004   Zero   RW          636    .bss.uwTick         stm32f4xx_hal.o
    0x20000218        -       0x00000004   Zero   RW         1319    .bss.yaw_mahony     mahonyahrs.o
    0x2000021c   0x08007c10   0x00000004   PAD
    0x20000220        -       0x00000f00   Zero   RW            1    STACK               startup_stm32f407xx.o


    Execution Region RW_IRAM2 (Exec base: 0x2001c000, Load base: 0x08007c10, Size: 0x00000000, Max: 0x00004000, ABSOLUTE)

    **** No section assigned to this execution region ****


==============================================================================

Image component sizes


      Code (inc. data)   RO Data    RW Data    ZI Data      Debug   Object Name

        72          0          0          0          4        958   delay.o
      1298         16         40          0          0      15562   fastmathfunctions.o
       410          0          0          0          0       2275   gpio.o
      1548          8          0          1         97       3618   icm42688.o
       108          0          0          0         16       3810   interrupt.o
      4738          4          0          0         49       6019   mahonyahrs.o
       464          4         41          0         20       3189   main.o
       972          0       1520          0          0       4576   oled.o
       308          0          0          0         88       4946   spi.o
        36          8        392          0       3840        844   startup_stm32f407xx.o
       270          0          0          5          4       7140   stm32f4xx_hal.o
       482          0          0          0          0       9582   stm32f4xx_hal_cortex.o
       996          0          0          0          0       5125   stm32f4xx_hal_gpio.o
        74          0          0          0          0       1506   stm32f4xx_hal_msp.o
      2646          0          0          0          0       7610   stm32f4xx_hal_rcc.o
      1664          0          0          0          0      19843   stm32f4xx_hal_spi.o
      2048          0          0          0          0      36045   stm32f4xx_hal_tim.o
       306          0          0          0          0      15365   stm32f4xx_hal_tim_ex.o
       472          0          0          0          0      20373   stm32f4xx_hal_uart.o
        50          0          0          0          0       1110   stm32f4xx_it.o
        18          0         24          4          0       2553   system_stm32f4xx.o
       212          0          0          0         72       7007   tim.o
       206          0          0          0         72       4904   usart.o

    ----------------------------------------------------------------------
     19496         40       2052         16       4272     183960   Object Totals
         0          0         32          0          0          0   (incl. Generated)
        98          0          3          6         10          0   (incl. Padding)

    ----------------------------------------------------------------------

      Code (inc. data)   RO Data    RW Data    ZI Data      Debug   Library Member Name

         8          0          0          0          0         68   __main.o
       392          4         17          0          0         92   __printf_flags_ss_wp.o
        14          0          0          0          0         68   __printf_wp.o
         0          0          0          0          0          0   __rtentry.o
        12          0          0          0          0          0   __rtentry2.o
         8          4          0          0          0          0   __rtentry5.o
        94          8          0          0          0          0   __scatter.o
        26          0          0          0          0          0   __scatter_copy.o
        28          0          0          0          0          0   __scatter_zi.o
        72          0          0          0          0         96   _c16rtomb.o
         6          0          0          0          0          0   _printf_a.o
         6          0          0          0          0          0   _printf_c.o
        44          0          0          0          0        108   _printf_char.o
        48          6          0          0          0         96   _printf_char_common.o
        40          0          0          0          0         68   _printf_charcount.o
         6          0          0          0          0          0   _printf_d.o
       120         16          0          0          0         92   _printf_dec.o
         6          0          0          0          0          0   _printf_e.o
         6          0          0          0          0          0   _printf_f.o
      1052          0          0          0          0        148   _printf_fp_dec.o
       764          8         38          0          0        100   _printf_fp_hex.o
       128         16          0          0          0         84   _printf_fp_infnan.o
         6          0          0          0          0          0   _printf_g.o
       148          4         40          0          0        160   _printf_hex_int_ll_ptr.o
         6          0          0          0          0          0   _printf_i.o
       178          0          0          0          0         88   _printf_intcommon.o
        10          0          0          0          0          0   _printf_l.o
         6          0          0          0          0          0   _printf_lc.o
        10          0          0          0          0          0   _printf_ll.o
         6          0          0          0          0          0   _printf_lld.o
         6          0          0          0          0          0   _printf_lli.o
         6          0          0          0          0          0   _printf_llo.o
         6          0          0          0          0          0   _printf_llu.o
         6          0          0          0          0          0   _printf_llx.o
       124         16          0          0          0         92   _printf_longlong_dec.o
         6          0          0          0          0          0   _printf_ls.o
         6          0          0          0          0          0   _printf_n.o
         6          0          0          0          0          0   _printf_o.o
       112          8          0          0          0        124   _printf_oct_int_ll.o
         6          0          0          0          0          0   _printf_p.o
        78          0          0          0          0        108   _printf_pad.o
         0          0          0          0          0          0   _printf_percent.o
         4          0          0          0          0          0   _printf_percent_end.o
         6          0          0          0          0          0   _printf_s.o
        82          0          0          0          0         80   _printf_str.o
        36          0          0          0          0         84   _printf_truncate.o
         6          0          0          0          0          0   _printf_u.o
        44          0          0          0          0        108   _printf_wchar.o
       188          6          8          0          0         92   _printf_wctomb.o
         6          0          0          0          0          0   _printf_x.o
        22          0          0          0          0        100   _rserrno.o
        10          0          0          0          0         68   _sputc.o
       228          4        148          0          0         96   bigflt0.o
      1936        128          0          0          0        668   btod.o
        18          0          0          0          0         80   exit.o
         0          0          0          0          0          0   indicate_semi.o
        44         10        272          0          0         76   lc_ctype_c.o
        44         10         28          0          0         76   lc_numeric_c.o
         2          0          0          0          0          0   libinit.o
        34          0          0          0          0          0   libinit2.o
         2          0          0          0          0          0   libshutdown.o
         2          0          0          0          0          0   libshutdown2.o
         0          0          0          0         96          0   libspace.o
       138          0          0          0          0         80   lludiv10.o
       240          0          0          0          0        100   lludivv7m.o
        16          4          0          0          0         76   rt_ctype_table.o
         8          4          0          0          0         68   rt_errno_addr_intlibspace.o
         8          4          0          0          0         68   rt_locale_intlibspace.o
        78          0          0          0          0         80   rt_memclr_w.o
         2          0          0          0          0          0   rtexit.o
        10          0          0          0          0          0   rtexit2.o
        44          6          0          0          0         84   sprintf.o
       124          0          0          0          0         88   strcmpv7em.o
        12          4          0          0          0         68   sys_exit.o
         2          0          0          0          0         68   use_no_semi.o
        12          0          0          0          0        116   dretinf.o
        86          4          0          0          0        132   f2d.o
       140          4          0          0          0        132   fnaninf.o
        26          0          0          0          0        116   fpinit.o
         4          0          0          0          0        116   printf1.o
         4          0          0          0          0        116   printf2.o
         0          0          0          0          0          0   usenofp.o
       300         42          0          0          0        176   asinf.o
       684         90          0          0          0        208   atan2f.o
       336         56          0          0          0        136   cosf.o
        48          0          0          0          0        124   fpclassify.o
        38          0          0          0          0        116   fpclassifyf.o
        44         12          0          0          0        464   funder.o
       340         24         32          0          0        160   rredf.o
       400         56          0          0          0        212   sinf.o
       120          0          0          0          0        272   sqrtf.o

    ----------------------------------------------------------------------
      9608        562        588          0         96       6496   Library Totals
        18          4          5          0          0          0   (incl. Padding)

    ----------------------------------------------------------------------

      Code (inc. data)   RO Data    RW Data    ZI Data      Debug   Library Name

      7008        270        551          0         96       3900   c_w.l
       272          8          0          0          0        728   fz_wm.l
      2310        280         32          0          0       1868   m_wm.l

    ----------------------------------------------------------------------
      9608        562        588          0         96       6496   Library Totals

    ----------------------------------------------------------------------

==============================================================================


      Code (inc. data)   RO Data    RW Data    ZI Data      Debug   

     29104        602       2640         16       4368     186324   Grand Totals
     29104        602       2640         16       4368     186324   ELF Image Totals
     29104        602       2640         16          0          0   ROM Totals

==============================================================================

    Total RO  Size (Code + RO Data)                31744 (  31.00kB)
    Total RW  Size (RW Data + ZI Data)              4384 (   4.28kB)
    Total ROM Size (Code + RO Data + RW Data)      31760 (  31.02kB)

==============================================================================

